Archive member included because of file (symbol)

c:/Utils/devkitPro/libogc/lib/wii\libwiiuse.a(wpad.o)
                              lesson7.o (WPAD_ButtonsDown)
c:/Utils/devkitPro/libogc/lib/wii\libwiiuse.a(dynamics.o)
                              c:/Utils/devkitPro/libogc/lib/wii\libwiiuse.a(wpad.o) (calculate_gforce)
c:/Utils/devkitPro/libogc/lib/wii\libwiiuse.a(io_wii.o)
                              c:/Utils/devkitPro/libogc/lib/wii\libwiiuse.a(wpad.o) (wiiuse_disconnect)
c:/Utils/devkitPro/libogc/lib/wii\libwiiuse.a(ir.o)
                              c:/Utils/devkitPro/libogc/lib/wii\libwiiuse.a(wpad.o) (wiiuse_set_ir_vres)
c:/Utils/devkitPro/libogc/lib/wii\libwiiuse.a(wiiuse.o)
                              c:/Utils/devkitPro/libogc/lib/wii\libwiiuse.a(wpad.o) (wiiuse_set_flags)
c:/Utils/devkitPro/libogc/lib/wii\libwiiuse.a(events.o)
                              c:/Utils/devkitPro/libogc/lib/wii\libwiiuse.a(io_wii.o) (parse_event)
c:/Utils/devkitPro/libogc/lib/wii\libwiiuse.a(guitar_hero_3.o)
                              c:/Utils/devkitPro/libogc/lib/wii\libwiiuse.a(events.o) (guitar_hero_3_event)
c:/Utils/devkitPro/libogc/lib/wii\libwiiuse.a(io.o)
                              c:/Utils/devkitPro/libogc/lib/wii\libwiiuse.a(events.o) (wiiuse_disable_expansion)
c:/Utils/devkitPro/libogc/lib/wii\libwiiuse.a(nunchuk.o)
                              c:/Utils/devkitPro/libogc/lib/wii\libwiiuse.a(events.o) (nunchuk_event)
c:/Utils/devkitPro/libogc/lib/wii\libwiiuse.a(wiiboard.o)
                              c:/Utils/devkitPro/libogc/lib/wii\libwiiuse.a(events.o) (wii_board_event)
c:/Utils/devkitPro/libogc/lib/wii\libwiiuse.a(classic.o)
                              c:/Utils/devkitPro/libogc/lib/wii\libwiiuse.a(events.o) (classic_ctrl_event)
c:/Utils/devkitPro/libogc/lib/wii\libbte.a(bte.o)
                              c:/Utils/devkitPro/libogc/lib/wii\libwiiuse.a(io_wii.o) (bte_arg)
c:/Utils/devkitPro/libogc/lib/wii\libbte.a(hci.o)
                              c:/Utils/devkitPro/libogc/lib/wii\libbte.a(bte.o) (hci_arg)
c:/Utils/devkitPro/libogc/lib/wii\libbte.a(l2cap.o)
                              c:/Utils/devkitPro/libogc/lib/wii\libbte.a(hci.o) (lp_connect_ind)
c:/Utils/devkitPro/libogc/lib/wii\libbte.a(btmemb.o)
                              c:/Utils/devkitPro/libogc/lib/wii\libbte.a(bte.o) (btmemb_alloc)
c:/Utils/devkitPro/libogc/lib/wii\libbte.a(btmemr.o)
                              c:/Utils/devkitPro/libogc/lib/wii\libbte.a(hci.o) (btmemr_init)
c:/Utils/devkitPro/libogc/lib/wii\libbte.a(btpbuf.o)
                              c:/Utils/devkitPro/libogc/lib/wii\libbte.a(hci.o) (btpbuf_header)
c:/Utils/devkitPro/libogc/lib/wii\libbte.a(physbusif.o)
                              c:/Utils/devkitPro/libogc/lib/wii\libbte.a(bte.o) (physbusif_close)
c:/Utils/devkitPro/libogc/lib/wii\libogc.a(lwp_queue.o)
                              c:/Utils/devkitPro/libogc/lib/wii\libwiiuse.a(io_wii.o) (__lwp_queue_initialize)
c:/Utils/devkitPro/libogc/lib/wii\libogc.a(lwp_threads.o)
                              c:/Utils/devkitPro/libogc/lib/wii\libwiiuse.a(wpad.o) (_thread_dispatch_disable_level)
c:/Utils/devkitPro/libogc/lib/wii\libogc.a(lwp.o)
                              c:/Utils/devkitPro/libogc/lib/wii\libbte.a(bte.o) (LWP_ThreadSignal)
c:/Utils/devkitPro/libogc/lib/wii\libogc.a(lwp_handler.o)
                              c:/Utils/devkitPro/libogc/lib/wii\libogc.a(lwp_threads.o) (_cpu_context_save_fp)
c:/Utils/devkitPro/libogc/lib/wii\libogc.a(lwp_stack.o)
                              c:/Utils/devkitPro/libogc/lib/wii\libogc.a(lwp_threads.o) (__lwp_stack_free)
c:/Utils/devkitPro/libogc/lib/wii\libogc.a(lwp_watchdog.o)
                              c:/Utils/devkitPro/libogc/lib/wii\libogc.a(lwp_threads.o) (_wd_ticks_queue)
c:/Utils/devkitPro/libogc/lib/wii\libogc.a(lwp_wkspace.o)
                              c:/Utils/devkitPro/libogc/lib/wii\libwiiuse.a(io_wii.o) (__wkspace_heap)
c:/Utils/devkitPro/libogc/lib/wii\libogc.a(lwp_objmgr.o)
                              c:/Utils/devkitPro/libogc/lib/wii\libogc.a(lwp.o) (__lwp_objmgr_getnoprotection)
c:/Utils/devkitPro/libogc/lib/wii\libogc.a(lwp_heap.o)
                              c:/Utils/devkitPro/libogc/lib/wii\libogc.a(lwp_wkspace.o) (__lwp_heap_init)
c:/Utils/devkitPro/libogc/lib/wii\libogc.a(sys_state.o)
                              c:/Utils/devkitPro/libogc/lib/wii\libogc.a(lwp_threads.o) (_sys_state_curr)
c:/Utils/devkitPro/libogc/lib/wii\libogc.a(irq.o)
                              c:/Utils/devkitPro/libogc/lib/wii\libwiiuse.a(io_wii.o) (IRQ_Disable)
c:/Utils/devkitPro/libogc/lib/wii\libogc.a(video.o)
                              lesson7.o (VIDEO_Flush)
c:/Utils/devkitPro/libogc/lib/wii\libogc.a(cache_asm.o)
                              lesson7.o (DCFlushRange)
c:/Utils/devkitPro/libogc/lib/wii\libogc.a(system.o)
                              c:/Utils/devkitPro/libogc/lib/wii\libwiiuse.a(wpad.o) (__SYS_DoPowerCB)
[...]
Memory Configuration

Name             Origin             Length             Attributes
*default*        0x00000000         0xffffffff

Linker script and memory map

                0x00003400                . = 0x3400

.stub
 *(.stub)
                0x80004000                . = 0x80004000

.init           0x80004000      0x208
 *crt0.o(*.init)
 .init          0x80004000      0x1e4 c:/Utils/devkitPro/libogc/lib/wii\libogc.a(ogc_crt0.o)
                0x8000419c                _memset
                0x80004000                _start
                0x800041cc                video_line
 *(.init)
 .init          0x800041e4        0xc c:/utils/devkitpro/devkitppc/bin/../lib/gcc/powerpc-gekko/4.2.4/ecrti.o
                0x800041e4                __init
 .init          0x800041f0        0x4 c:/utils/devkitpro/devkitppc/bin/../lib/gcc/powerpc-gekko/4.2.4/crtbegin.o
 .init          0x800041f4        0x4 c:/utils/devkitpro/devkitppc/bin/../lib/gcc/powerpc-gekko/4.2.4/crtend.o
 .init          0x800041f8       0x10 c:/utils/devkitpro/devkitppc/bin/../lib/gcc/powerpc-gekko/4.2.4/ecrtn.o

.plt
 *(.plt)

.interp
 *(.interp)

.hash
 *(.hash)

.dynsym
 *(.dynsym)

.dynstr
 *(.dynstr)

.gnu.version
 *(.gnu.version)

.gnu.version_d
 *(.gnu.version_d)

.gnu.version_r
 *(.gnu.version_r)

.rel.init
 *(.rel.init)

.rela.init      0x80004208        0x0
 *(.rela.init)
 .rela.init     0x00000000        0x0 c:/utils/devkitpro/devkitppc/bin/../lib/gcc/powerpc-gekko/4.2.4/crtbegin.o

.rel.text
 *(.rel.text .rel.text.* .rel.gnu.linkonce.t.*)

.rela.text      0x80004208        0x0
 *(.rela.text .rela.text.* .rela.gnu.linkonce.t.*)
 .rela.text     0x00000000        0x0 c:/utils/devkitpro/devkitppc/bin/../lib/gcc/powerpc-gekko/4.2.4/crtbegin.o
 .rela.text.wiiuse_init_cmd_queue
                0x00000000        0x0 c:/utils/devkitpro/devkitppc/bin/../lib/gcc/powerpc-gekko/4.2.4/crtbegin.o
 .rela.text.wiiuse_init
                0x00000000        0x0 c:/utils/devkitpro/devkitppc/bin/../lib/gcc/powerpc-gekko/4.2.4/crtbegin.o
 .rela.text.guitar_hero_3_handshake
                0x00000000        0x0 c:/utils/devkitpro/devkitppc/bin/../lib/gcc/powerpc-gekko/4.2.4/crtbegin.o
 .rela.text.wiiuse_handshake_expansion
                0x00000000        0x0 c:/utils/devkitpro/devkitppc/bin/../lib/gcc/powerpc-gekko/4.2.4/crtbegin.o
 .rela.text.wiiuse_handshake
                0x00000000        0x0 c:/utils/devkitpro/devkitppc/bin/../lib/gcc/powerpc-gekko/4.2.4/crtbegin.o
 .rela.text.bt_alarmhandler
                0x00000000        0x0 c:/utils/devkitpro/devkitppc/bin/../lib/gcc/powerpc-gekko/4.2.4/crtbegin.o
 .rela.text.__lwp_rotate_readyqueue
                0x00000000        0x0 c:/utils/devkitpro/devkitppc/bin/../lib/gcc/powerpc-gekko/4.2.4/crtbegin.o
 .rela.text.__lwp_thread_setstate
                0x00000000        0x0 c:/utils/devkitpro/devkitppc/bin/../lib/gcc/powerpc-gekko/4.2.4/crtbegin.o
 .rela.text.__lwp_thread_setpriority
                0x00000000        0x0 c:/utils/devkitpro/devkitppc/bin/../lib/gcc/powerpc-gekko/4.2.4/crtbegin.o
 .rela.text.__lwp_thread_ready
                0x00000000        0x0 c:/utils/devkitpro/devkitppc/bin/../lib/gcc/powerpc-gekko/4.2.4/crtbegin.o
 .rela.text.__lwp_thread_close
                0x00000000        0x0 c:/utils/devkitpro/devkitppc/bin/../lib/gcc/powerpc-gekko/4.2.4/crtbegin.o
 .rela.text.__lwp_thread_closeall
                0x00000000        0x0 c:/utils/devkitpro/devkitppc/bin/../lib/gcc/powerpc-gekko/4.2.4/crtbegin.o
 .rela.text.__lwp_thread_stopmultitasking
                0x00000000        0x0 c:/utils/devkitpro/devkitppc/bin/../lib/gcc/powerpc-gekko/4.2.4/crtbegin.o
 .rela.text.__lwp_thread_changepriority
                0x00000000        0x0 c:/utils/devkitpro/devkitppc/bin/../lib/gcc/powerpc-gekko/4.2.4/crtbegin.o
 .rela.text.__lwp_thread_coreinit
                0x00000000        0x0 c:/utils/devkitpro/devkitppc/bin/../lib/gcc/powerpc-gekko/4.2.4/crtbegin.o
 .rela.text.__lwp_thread_suspend
                0x00000000        0x0 c:/utils/devkitpro/devkitppc/bin/../lib/gcc/powerpc-gekko/4.2.4/crtbegin.o
 .rela.text.__lwp_thread_startmultitasking
                0x00000000        0x0 c:/utils/devkitpro/devkitppc/bin/../lib/gcc/powerpc-gekko/4.2.4/crtbegin.o
 .rela.text.__lwp_thread_tickle_timeslice
                0x00000000        0x0 c:/utils/devkitpro/devkitppc/bin/../lib/gcc/powerpc-gekko/4.2.4/crtbegin.o
 .rela.text.__lwp_thread_context
                0x00000000        0x0 c:/utils/devkitpro/devkitppc/bin/../lib/gcc/powerpc-gekko/4.2.4/crtbegin.o
 .rela.text.__lwp_thread_exists
                0x00000000        0x0 c:/utils/devkitpro/devkitppc/bin/../lib/gcc/powerpc-gekko/4.2.4/crtbegin.o
 .rela.text.__lwp_thread_isalive
                0x00000000        0x0 c:/utils/devkitpro/devkitppc/bin/../lib/gcc/powerpc-gekko/4.2.4/crtbegin.o
 .rela.text.__lwp_sysinit
                0x00000000        0x0 c:/utils/devkitpro/devkitppc/bin/../lib/gcc/powerpc-gekko/4.2.4/crtbegin.o
 .rela.text.LWP_ThreadSignal
                0x00000000        0x0 c:/utils/devkitpro/devkitppc/bin/../lib/gcc/powerpc-gekko/4.2.4/crtbegin.o
 .rela.text.LWP_ThreadBroadcast
                0x00000000        0x0 c:/utils/devkitpro/devkitppc/bin/../lib/gcc/powerpc-gekko/4.2.4/crtbegin.o
 .rela.text.LWP_ThreadSleep
                0x00000000        0x0 c:/utils/devkitpro/devkitppc/bin/../lib/gcc/powerpc-gekko/4.2.4/crtbegin.o
 .rela.text.LWP_CloseQueue
                0x00000000        0x0 c:/utils/devkitpro/devkitppc/bin/../lib/gcc/powerpc-gekko/4.2.4/crtbegin.o
 .rela.text.LWP_InitQueue
                0x00000000        0x0 c:/utils/devkitpro/devkitppc/bin/../lib/gcc/powerpc-gekko/4.2.4/crtbegin.o
 .rela.text.LWP_JoinThread
                0x00000000        0x0 c:/utils/devkitpro/devkitppc/bin/../lib/gcc/powerpc-gekko/4.2.4/crtbegin.o
 .rela.text.LWP_ThreadIsSuspended
                0x00000000        0x0 c:/utils/devkitpro/devkitppc/bin/../lib/gcc/powerpc-gekko/4.2.4/crtbegin.o
 .rela.text.LWP_SetThreadPriority
                0x00000000        0x0 c:/utils/devkitpro/devkitppc/bin/../lib/gcc/powerpc-gekko/4.2.4/crtbegin.o
 .rela.text.LWP_ResumeThread
                0x00000000        0x0 c:/utils/devkitpro/devkitppc/bin/../lib/gcc/powerpc-gekko/4.2.4/crtbegin.o
 .rela.text.LWP_SuspendThread
                0x00000000        0x0 c:/utils/devkitpro/devkitppc/bin/../lib/gcc/powerpc-gekko/4.2.4/crtbegin.o
 .rela.text.LWP_CreateThread
                0x00000000        0x0 c:/utils/devkitpro/devkitppc/bin/../lib/gcc/powerpc-gekko/4.2.4/crtbegin.o
 .rela.text.__lwp_stack_free
                0x00000000        0x0 c:/utils/devkitpro/devkitppc/bin/../lib/gcc/powerpc-gekko/4.2.4/crtbegin.o
 .rela.text.__lwp_stack_allocate
                0x00000000        0x0 c:/utils/devkitpro/devkitppc/bin/../lib/gcc/powerpc-gekko/4.2.4/crtbegin.o
 .rela.text.__lwp_watchdog_init
                0x00000000        0x0 c:/utils/devkitpro/devkitppc/bin/../lib/gcc/powerpc-gekko/4.2.4/crtbegin.o
 .rela.text.__lwp_wd_tickle
                0x00000000        0x0 c:/utils/devkitpro/devkitppc/bin/../lib/gcc/powerpc-gekko/4.2.4/crtbegin.o
 .rela.text.__lwp_wkspace_init
                0x00000000        0x0 c:/utils/devkitpro/devkitppc/bin/../lib/gcc/powerpc-gekko/4.2.4/crtbegin.o
 .rela.text.__lwp_wkspace_heapused
                0x00000000        0x0 c:/utils/devkitpro/devkitppc/bin/../lib/gcc/powerpc-gekko/4.2.4/crtbegin.o
 .rela.text.__lwp_wkspace_heapfree
                0x00000000        0x0 c:/utils/devkitpro/devkitppc/bin/../lib/gcc/powerpc-gekko/4.2.4/crtbegin.o
 .rela.text.__lwp_objmgr_initinfo
                0x00000000        0x0 c:/utils/devkitpro/devkitppc/bin/../lib/gcc/powerpc-gekko/4.2.4/crtbegin.o
 .rela.text.__irq_init
                0x00000000        0x0 c:/utils/devkitpro/devkitppc/bin/../lib/gcc/powerpc-gekko/4.2.4/crtbegin.o
 .rela.text.__sram_sync
                0x00000000        0x0 c:/utils/devkitpro/devkitppc/bin/../lib/gcc/powerpc-gekko/4.2.4/crtbegin.o
 .rela.text.__locksram
                0x00000000        0x0 c:/utils/devkitpro/devkitppc/bin/../lib/gcc/powerpc-gekko/4.2.4/crtbegin.o
 .rela.text.__sram_init
                0x00000000        0x0 c:/utils/devkitpro/devkitppc/bin/../lib/gcc/powerpc-gekko/4.2.4/crtbegin.o
 .rela.text.SYS_Init
                0x00000000        0x0 c:/utils/devkitpro/devkitppc/bin/../lib/gcc/powerpc-gekko/4.2.4/crtbegin.o
 .rela.text.__unlocksram
                0x00000000        0x0 c:/utils/devkitpro/devkitppc/bin/../lib/gcc/powerpc-gekko/4.2.4/crtbegin.o
 .rela.text.__sram_writecallback
                0x00000000        0x0 c:/utils/devkitpro/devkitppc/bin/../lib/gcc/powerpc-gekko/4.2.4/crtbegin.o
 .rela.text.SYS_CancelAlarm
                0x00000000        0x0 c:/utils/devkitpro/devkitppc/bin/../lib/gcc/powerpc-gekko/4.2.4/crtbegin.o
 .rela.text.SYS_RemoveAlarm
                0x00000000        0x0 c:/utils/devkitpro/devkitppc/bin/../lib/gcc/powerpc-gekko/4.2.4/crtbegin.o
 .rela.text.SYS_SetAlarm
                0x00000000        0x0 c:/utils/devkitpro/devkitppc/bin/../lib/gcc/powerpc-gekko/4.2.4/crtbegin.o
 .rela.text.__sys_alarmhandler
                0x00000000        0x0 c:/utils/devkitpro/devkitppc/bin/../lib/gcc/powerpc-gekko/4.2.4/crtbegin.o
 .rela.text.SYS_SetPeriodicAlarm
                0x00000000        0x0 c:/utils/devkitpro/devkitppc/bin/../lib/gcc/powerpc-gekko/4.2.4/crtbegin.o
 .rela.text.__lwp_cond_init
                0x00000000        0x0 c:/utils/devkitpro/devkitppc/bin/../lib/gcc/powerpc-gekko/4.2.4/crtbegin.o
 .rela.text.LWP_CondDestroy
                0x00000000        0x0 c:/utils/devkitpro/devkitppc/bin/../lib/gcc/powerpc-gekko/4.2.4/crtbegin.o
 .rela.text.LWP_CondInit
                0x00000000        0x0 c:/utils/devkitpro/devkitppc/bin/../lib/gcc/powerpc-gekko/4.2.4/crtbegin.o
 .rela.text.__lwp_cond_signalsupp
                0x00000000        0x0 c:/utils/devkitpro/devkitppc/bin/../lib/gcc/powerpc-gekko/4.2.4/crtbegin.o
 .rela.text.__lwp_cond_waitsupp
                0x00000000        0x0 c:/utils/devkitpro/devkitppc/bin/../lib/gcc/powerpc-gekko/4.2.4/crtbegin.o
 .rela.text.GX_EndDispList
                0x00000000        0x0 c:/utils/devkitpro/devkitppc/bin/../lib/gcc/powerpc-gekko/4.2.4/crtbegin.o
 .rela.text.GX_BeginDispList
                0x00000000        0x0 c:/utils/devkitpro/devkitppc/bin/../lib/gcc/powerpc-gekko/4.2.4/crtbegin.o
 .rela.text.GX_Init
                0x00000000        0x0 c:/utils/devkitpro/devkitppc/bin/../lib/gcc/powerpc-gekko/4.2.4/crtbegin.o
 .rela.text.c_decrementer_handler
                0x00000000        0x0 c:/utils/devkitpro/devkitppc/bin/../lib/gcc/powerpc-gekko/4.2.4/crtbegin.o
 .rela.text.__lwp_mqbox_init
                0x00000000        0x0 c:/utils/devkitpro/devkitppc/bin/../lib/gcc/powerpc-gekko/4.2.4/crtbegin.o
 .rela.text.MQ_Close
                0x00000000        0x0 c:/utils/devkitpro/devkitppc/bin/../lib/gcc/powerpc-gekko/4.2.4/crtbegin.o
 .rela.text.MQ_Init
                0x00000000        0x0 c:/utils/devkitpro/devkitppc/bin/../lib/gcc/powerpc-gekko/4.2.4/crtbegin.o
 .rela.text.MQ_Jam
                0x00000000        0x0 c:/utils/devkitpro/devkitppc/bin/../lib/gcc/powerpc-gekko/4.2.4/crtbegin.o
 .rela.text.MQ_Receive
                0x00000000        0x0 c:/utils/devkitpro/devkitppc/bin/../lib/gcc/powerpc-gekko/4.2.4/crtbegin.o
 .rela.text.MQ_Send
                0x00000000        0x0 c:/utils/devkitpro/devkitppc/bin/../lib/gcc/powerpc-gekko/4.2.4/crtbegin.o
 .rela.text.__ios_ioctlvformat_parse
                0x00000000        0x0 c:/utils/devkitpro/devkitppc/bin/../lib/gcc/powerpc-gekko/4.2.4/crtbegin.o
 .rela.text.__ioctlvfmtCB
                0x00000000        0x0 c:/utils/devkitpro/devkitppc/bin/../lib/gcc/powerpc-gekko/4.2.4/crtbegin.o
 .rela.text.IOS_IoctlvFormatAsync
                0x00000000        0x0 c:/utils/devkitpro/devkitppc/bin/../lib/gcc/powerpc-gekko/4.2.4/crtbegin.o
 .rela.text.IOS_IoctlvFormat
                0x00000000        0x0 c:/utils/devkitpro/devkitppc/bin/../lib/gcc/powerpc-gekko/4.2.4/crtbegin.o
 .rela.text.nanosleep
                0x00000000        0x0 c:/utils/devkitpro/devkitppc/bin/../lib/gcc/powerpc-gekko/4.2.4/crtbegin.o
 .rela.text.__libc_init
                0x00000000        0x0 c:/utils/devkitpro/devkitppc/bin/../lib/gcc/powerpc-gekko/4.2.4/crtbegin.o
 .rela.text.__libc_wrapup
                0x00000000        0x0 c:/utils/devkitpro/devkitppc/bin/../lib/gcc/powerpc-gekko/4.2.4/crtbegin.o
 .rela.text.__libc_delete_hook
                0x00000000        0x0 c:/utils/devkitpro/devkitppc/bin/../lib/gcc/powerpc-gekko/4.2.4/crtbegin.o
 .rela.text.__CheckARGV
                0x00000000        0x0 c:/utils/devkitpro/devkitppc/bin/../lib/gcc/powerpc-gekko/4.2.4/crtbegin.o
 .rela.text.__lwp_priority_init
                0x00000000        0x0 c:/utils/devkitpro/devkitppc/bin/../lib/gcc/powerpc-gekko/4.2.4/crtbegin.o
 .rela.text.__lwp_threadqueue_extractpriority
                0x00000000        0x0 c:/utils/devkitpro/devkitppc/bin/../lib/gcc/powerpc-gekko/4.2.4/crtbegin.o
 .rela.text.__lwp_threadqueue_extractfifo
                0x00000000        0x0 c:/utils/devkitpro/devkitppc/bin/../lib/gcc/powerpc-gekko/4.2.4/crtbegin.o
 .rela.text.__lwp_threadqueue_dequeuepriority
                0x00000000        0x0 c:/utils/devkitpro/devkitppc/bin/../lib/gcc/powerpc-gekko/4.2.4/crtbegin.o
 .rela.text.__lwp_threadqueue_enqueuepriority
                0x00000000        0x0 c:/utils/devkitpro/devkitppc/bin/../lib/gcc/powerpc-gekko/4.2.4/crtbegin.o
 .rela.text.__lwp_threadqueue_dequeuefifo
                0x00000000        0x0 c:/utils/devkitpro/devkitppc/bin/../lib/gcc/powerpc-gekko/4.2.4/crtbegin.o
 .rela.text.__lwp_threadqueue_enqueuefifo
                0x00000000        0x0 c:/utils/devkitpro/devkitppc/bin/../lib/gcc/powerpc-gekko/4.2.4/crtbegin.o
 .rela.text.__lwp_threadqueue_enqueue
                0x00000000        0x0 c:/utils/devkitpro/devkitppc/bin/../lib/gcc/powerpc-gekko/4.2.4/crtbegin.o
 .rela.text.__lwpmq_close
                0x00000000        0x0 c:/utils/devkitpro/devkitppc/bin/../lib/gcc/powerpc-gekko/4.2.4/crtbegin.o
 .rela.text.__lwpmq_initialize
                0x00000000        0x0 c:/utils/devkitpro/devkitppc/bin/../lib/gcc/powerpc-gekko/4.2.4/crtbegin.o
 .rela.text.__exception_sethandler
                0x00000000        0x0 c:/utils/devkitpro/devkitppc/bin/../lib/gcc/powerpc-gekko/4.2.4/crtbegin.o
 .rela.text.__exception_init
                0x00000000        0x0 c:/utils/devkitpro/devkitppc/bin/../lib/gcc/powerpc-gekko/4.2.4/crtbegin.o
 .rela.text.__systemcall_init
                0x00000000        0x0 c:/utils/devkitpro/devkitppc/bin/../lib/gcc/powerpc-gekko/4.2.4/crtbegin.o
 .rela.text.__lwp_sema_init
                0x00000000        0x0 c:/utils/devkitpro/devkitppc/bin/../lib/gcc/powerpc-gekko/4.2.4/crtbegin.o
 .rela.text.LWP_SemInit
                0x00000000        0x0 c:/utils/devkitpro/devkitppc/bin/../lib/gcc/powerpc-gekko/4.2.4/crtbegin.o
 .rela.text.LWP_SemDestroy
                0x00000000        0x0 c:/utils/devkitpro/devkitppc/bin/../lib/gcc/powerpc-gekko/4.2.4/crtbegin.o
 .rela.text.LWP_SemPost
                0x00000000        0x0 c:/utils/devkitpro/devkitppc/bin/../lib/gcc/powerpc-gekko/4.2.4/crtbegin.o
 .rela.text.LWP_SemWait
                0x00000000        0x0 c:/utils/devkitpro/devkitppc/bin/../lib/gcc/powerpc-gekko/4.2.4/crtbegin.o
 .rela.text.LWP_MutexInit
                0x00000000        0x0 c:/utils/devkitpro/devkitppc/bin/../lib/gcc/powerpc-gekko/4.2.4/crtbegin.o
 .rela.text.__lwp_mutex_init
                0x00000000        0x0 c:/utils/devkitpro/devkitppc/bin/../lib/gcc/powerpc-gekko/4.2.4/crtbegin.o
 .rela.text.LWP_MutexDestroy
                0x00000000        0x0 c:/utils/devkitpro/devkitppc/bin/../lib/gcc/powerpc-gekko/4.2.4/crtbegin.o
 .rela.text.__lwp_mutex_locksupp
                0x00000000        0x0 c:/utils/devkitpro/devkitppc/bin/../lib/gcc/powerpc-gekko/4.2.4/crtbegin.o
 .rela.text.LWP_MutexUnlock
                0x00000000        0x0 c:/utils/devkitpro/devkitppc/bin/../lib/gcc/powerpc-gekko/4.2.4/crtbegin.o
 .rela.text.kprintf
                0x00000000        0x0 c:/utils/devkitpro/devkitppc/bin/../lib/gcc/powerpc-gekko/4.2.4/crtbegin.o
 .rela.text.CON_EnableGecko
                0x00000000        0x0 c:/utils/devkitpro/devkitppc/bin/../lib/gcc/powerpc-gekko/4.2.4/crtbegin.o
 .rela.text.__console_init
                0x00000000        0x0 c:/utils/devkitpro/devkitppc/bin/../lib/gcc/powerpc-gekko/4.2.4/crtbegin.o
 .rela.text.__console_init_ex
                0x00000000        0x0 c:/utils/devkitpro/devkitppc/bin/../lib/gcc/powerpc-gekko/4.2.4/crtbegin.o

.rel.fini
 *(.rel.fini)

.rela.fini
 *(.rela.fini)

.rel.rodata
 *(.rel.rodata .rel.rodata.* .rel.gnu.linkonce.r.*)

.rela.rodata
 *(.rela.rodata .rela.rodata.* .rela.gnu.linkonce.r.*)

.rel.data
 *(.rel.data .rel.data.* .rel.gnu.linkonce.d.*)

.rela.data
 *(.rela.data .rela.data.* .rela.gnu.linkonce.d.*)

.rel.tdata
 *(.rel.tdata .rel.tdata.* .rel.gnu.linkonce.td.*)

.rela.tdata
 *(.rela.tdata .rela.tdata.* .rela.gnu.linkonce.td.*)

.rel.tbss
 *(.rel.tbss .rel.tbss.* .rel.gnu.linkonce.tb.*)

.rela.tbss
 *(.rela.tbss .rela.tbss.* .rela.gnu.linkonce.tb.*)

.rel.ctors
 *(.rel.ctors)

.rela.ctors
 *(.rela.ctors)

.rel.dtors
 *(.rel.dtors)

.rela.dtors
 *(.rela.dtors)

.rel.got
 *(.rel.got)

.rela.got
 *(.rela.got)

.rela.got1
 *(.rela.got1)

.rela.got2      0x80004208        0x0
 *(.rela.got2)
 .rela.got2     0x00000000        0x0 c:/utils/devkitpro/devkitppc/bin/../lib/gcc/powerpc-gekko/4.2.4/crtbegin.o

.rel.sdata
 *(.rel.sdata .rel.sdata.* .rel.gnu.linkonce.s.*)

.rela.sdata
 *(.rela.sdata .rela.sdata.* .rela.gnu.linkonce.s.*)

.rel.sbss
 *(.rel.sbss .rel.sbss.* .rel.gnu.linkonce.sb.*)

.rela.sbss
 *(.rela.sbss .rela.sbss.* .rel.gnu.linkonce.sb.*)

.rel.sdata2
 *(.rel.sdata2 .rel.sdata2.* .rel.gnu.linkonce.s2.*)

.rela.sdata2    0x80004208        0x0
 *(.rela.sdata2 .rela.sdata2.* .rela.gnu.linkonce.s2.*)
 .rela.sdata2.__sys_inIPL
                0x00000000        0x0 c:/utils/devkitpro/devkitppc/bin/../lib/gcc/powerpc-gekko/4.2.4/crtbegin.o
 .rela.sdata2.__gx
                0x00000000        0x0 c:/utils/devkitpro/devkitppc/bin/../lib/gcc/powerpc-gekko/4.2.4/crtbegin.o

.rel.sbss2
 *(.rel.sbss2 .rel.sbss2.* .rel.gnu.linkonce.sb2.*)

.rela.sbss2
 *(.rela.sbss2 .rela.sbss2.* .rela.gnu.linkonce.sb2.*)

.rel.bss
 *(.rel.bss .rel.bss.* .rel.gnu.linkonce.b.*)

.rela.bss
 *(.rela.bss .rela.bss.* .rela.gnu.linkonce.b.*)

.rel.plt
 *(.rel.plt)

.rela.plt
 *(.rela.plt)

.text           0x80004220    0x3ad80
 *(.text)
 .text          0x80004220      0x140 c:/utils/devkitpro/devkitppc/bin/../lib/gcc/powerpc-gekko/4.2.4/crtbegin.o
 .text          0x80004360       0x48 c:/utils/devkitpro/devkitppc/bin/../lib/gcc/powerpc-gekko/4.2.4/../../../../powerpc-gekko/lib/crtmain.o
                0x80004364                __crtmain
 .text          0x800043a8     0x1a3c lesson7.o
                0x800047d4                setlight
                0x80004a60                CalcVertexAttributes
                0x800050c8                GL_CreateTubeTex
                0x80005494                main
                0x80005b44                DrawQuads
                0x80004b94                GL_CreateDotResultTex
                0x800043a8                setup
                0x800048c4                SetupShader
                0x80004e20                GL_CreateLightBulbTexI8
                0x80004644                CalcTangSp
 *fill*         0x80005de4       0x1c 00000000
 .text          0x80005e00      0x4ec c:/Utils/devkitPro/libogc/lib/wii\libogc.a(lwp_handler.o)
                0x80005f40                _cpu_context_restore_fp
                0x80006200                _cpu_context_save
                0x80005e00                _cpu_context_save_fp
                0x80006080                _cpu_context_switch
                0x80006280                _cpu_context_restore
 .text          0x800062ec      0x4d8 c:/Utils/devkitPro/libogc/lib/wii\libogc.a(cache_asm.o)
                0x800065c8                L2Disable
                0x80006350                DCBlockZero
                0x80006408                DCFlushRangeNoSync
                0x8000655c                ICBlockInvalidate
                0x800062ec                DCFlashInvalidate
                0x80006358                DCBlockStore
                0x80006468                DCZeroRange
                0x8000677c                LCLoadBlocks
                0x80006348                DCTouchLoad
                0x8000673c                LCAllocTags
                0x80006524                ICDisable
                0x80006510                ICEnable
                0x800065e0                L2GlobalInvalidate
                0x800067a0                LCStoreBlocks
                0x80006500                ICFlashInvalidate
                0x80006498                DCTouchRange
                0x80006438                DCStoreRangeNoSync
                0x80006538                ICFreeze
                0x80006310                DCDisable
                0x80006360                DCBlockFlush
                0x800062fc                DCEnable
                0x800065b4                L2Enable
                0x80006638                __LCEnable
                0x80006370                DCInvalidateRange
                0x80006728                LCAllocOneTag
                0x80006338                DCUnfreeze
                0x800064c8                ICInvalidateRange
                0x800063a0                DCFlushRange
                0x80006564                ICSync
                0x80006368                DCBlockInvalidate
                0x80006324                DCFreeze
                0x8000656c                L2Init
                0x8000654c                ICUnfreeze
                0x800063d4                DCStoreRange
                0x80006700                LCDisable
 .text          0x800067c4      0x5c4 c:/Utils/devkitPro/libogc/lib/wii\libogc.a(system_asm.o)
                0x8000685c                __configMEM1_48Mb
                0x80006ce8                __reset
                0x800067c4                __realmode
                0x80006bcc                __CacheInit
                0x800069bc                __configMEM2_64Mb
                0x80006c30                __SystemInit
                0x80006b18                __configMEM2_128Mb
                0x800067dc                __configMEM1_24Mb
                0x80006b94                __PSInit
                0x800068dc                __configMEM2_56Mb
                0x80006a38                __configMEM2_112Mb
                0x80006cb4                __flush_cache
                0x80006d58                SYS_SwitchFiber
 .text          0x80006d88      0xa34 c:/Utils/devkitPro/libogc/lib/wii\libogc.a(gu_psasm.o)
                0x80006d88                ps_guMtxConcat
                0x80007250                ps_guMtxApplyTrans
                0x80007760                ps_guQuatNormalize
                0x80007454                ps_guMtxReflect
                0x80007530                ps_guVecNormalize
                0x800075b8                ps_guVecDotProduct
                0x8000738c                __ps_guMtxRotAxisRadInternal
                0x8000700c                ps_guMtxInvXpos
                0x800075d8                ps_guVecMultiply
                0x80007740                ps_guQuatDotProduct
                0x8000757c                ps_guVecCross
                0x800076a4                ps_guQuatSub
                0x80007680                ps_guQuatAdd
                0x8000762c                ps_guVecMultiplySR
                0x80006e54                ps_guMtxIdentity
                0x800072d4                ps_guMtxRotTrig
                0x800074cc                ps_guVecAdd
                0x8000715c                ps_guMtxApplyScale
                0x80007514                ps_guVecScale
                0x800070d4                ps_guMtxScale
                0x80006e88                ps_guMtxCopy
                0x80007104                ps_guMtxScaleApply
                0x800076c8                ps_guQuatMultiply
                0x80006ebc                ps_guMtxTranspose
                0x80006f14                ps_guMtxInverse
                0x800071c8                ps_guMtxTrans
                0x80007204                ps_guMtxTransApply
                0x800074f0                ps_guVecSub
 .text          0x800077bc      0x1b0 c:/Utils/devkitPro/libogc/lib/wii\libogc.a(irq_handler.o)
                0x800077bc                irq_exceptionhandler
 .text          0x8000796c      0x1b0 c:/Utils/devkitPro/libogc/lib/wii\libogc.a(decrementer_handler.o)
                0x8000796c                dec_exceptionhandler
 .text          0x80007b1c      0x34c c:/Utils/devkitPro/libogc/lib/wii\libogc.a(exception_handler.o)
                0x80007b1c                exceptionhandler_start
                0x80007bd0                default_exceptionhandler
                0x80007e64                systemcallhandler_end
                0x80007e48                systemcallhandler_start
                0x80007bcc                exceptionhandler_end
                0x80007b98                exceptionhandler_patch
                0x80007d10                fpu_exceptionhandler
 .text          0x80007e68       0x34 c:/utils/devkitpro/devkitppc/bin/../lib/gcc/powerpc-gekko/4.2.4/../../../../powerpc-gekko/lib\libm.a(lib_a-s_atan2.o)
                0x80007e68                atan2
 .text          0x80007e9c      0x284 c:/utils/devkitpro/devkitppc/bin/../lib/gcc/powerpc-gekko/4.2.4/../../../../powerpc-gekko/lib\libm.a(lib_a-s_atangent.o)
                0x80007e9c                atangent
 .text          0x80008120       0x24 c:/utils/devkitpro/devkitppc/bin/../lib/gcc/powerpc-gekko/4.2.4/../../../../powerpc-gekko/lib\libm.a(lib_a-s_cos.o)
                0x80008120                cos
 .text          0x80008144       0xb4 c:/utils/devkitpro/devkitppc/bin/../lib/gcc/powerpc-gekko/4.2.4/../../../../powerpc-gekko/lib\libm.a(lib_a-s_fabs.o)
                0x80008144                fabs
 .text          0x800081f8       0xb4 c:/utils/devkitpro/devkitppc/bin/../lib/gcc/powerpc-gekko/4.2.4/../../../../powerpc-gekko/lib\libm.a(lib_a-s_frexp.o)
                0x800081f8                frexp
 .text          0x800082ac       0x50 c:/utils/devkitpro/devkitppc/bin/../lib/gcc/powerpc-gekko/4.2.4/../../../../powerpc-gekko/lib\libm.a(lib_a-s_numtest.o)
                0x800082ac                numtest
 .text          0x800082fc       0x24 c:/utils/devkitpro/devkitppc/bin/../lib/gcc/powerpc-gekko/4.2.4/../../../../powerpc-gekko/lib\libm.a(lib_a-s_sin.o)
                0x800082fc                sin
 .text          0x80008320      0x2c4 c:/utils/devkitpro/devkitppc/bin/../lib/gcc/powerpc-gekko/4.2.4/../../../../powerpc-gekko/lib\libm.a(lib_a-s_sine.o)
                0x80008320                sine
 .text          0x800085e4      0x184 c:/utils/devkitpro/devkitppc/bin/../lib/gcc/powerpc-gekko/4.2.4/../../../../powerpc-gekko/lib\libm.a(lib_a-s_sqrt.o)
                0x800085e4                sqrt
 .text          0x80008768       0xc8 c:/utils/devkitpro/devkitppc/bin/../lib/gcc/powerpc-gekko/4.2.4/../../../../powerpc-gekko/lib\libm.a(lib_a-sf_atan.o)
                0x80008768                atanf
 .text          0x80008830       0x38 c:/utils/devkitpro/devkitppc/bin/../lib/gcc/powerpc-gekko/4.2.4/../../../../powerpc-gekko/lib\libm.a(lib_a-sf_atan2.o)
                0x80008830                atan2f
 .text          0x80008868      0x250 c:/utils/devkitpro/devkitppc/bin/../lib/gcc/powerpc-gekko/4.2.4/../../../../powerpc-gekko/lib\libm.a(lib_a-sf_atangent.o)
                0x80008868                atangentf
 .text          0x80008ab8       0x24 c:/utils/devkitpro/devkitppc/bin/../lib/gcc/powerpc-gekko/4.2.4/../../../../powerpc-gekko/lib\libm.a(lib_a-sf_cos.o)
                0x80008ab8                cosf
 .text          0x80008adc       0xb4 c:/utils/devkitpro/devkitppc/bin/../lib/gcc/powerpc-gekko/4.2.4/../../../../powerpc-gekko/lib\libm.a(lib_a-sf_fabs.o)
                0x80008adc                fabsf
 .text          0x80008b90       0xa8 c:/utils/devkitpro/devkitppc/bin/../lib/gcc/powerpc-gekko/4.2.4/../../../../powerpc-gekko/lib\libm.a(lib_a-sf_fpclassify.o)
                0x80008b90                __fpclassifyf
 .text          0x80008c38       0x90 c:/utils/devkitpro/devkitppc/bin/../lib/gcc/powerpc-gekko/4.2.4/../../../../powerpc-gekko/lib\libm.a(lib_a-sf_frexp.o)
                0x80008c38                frexpf
 .text          0x80008cc8       0x24 c:/utils/devkitpro/devkitppc/bin/../lib/gcc/powerpc-gekko/4.2.4/../../../../powerpc-gekko/lib\libm.a(lib_a-sf_isinff.o)
                0x80008cc8                __isinff
 .text          0x80008cec       0x28 c:/utils/devkitpro/devkitppc/bin/../lib/gcc/powerpc-gekko/4.2.4/../../../../powerpc-gekko/lib\libm.a(lib_a-sf_isnanf.o)
                0x80008cec                __isnanf
 .text          0x80008d14       0x48 c:/utils/devkitpro/devkitppc/bin/../lib/gcc/powerpc-gekko/4.2.4/../../../../powerpc-gekko/lib\libm.a(lib_a-sf_numtest.o)
                0x80008d14                numtestf
 .text          0x80008d5c       0x24 c:/utils/devkitpro/devkitppc/bin/../lib/gcc/powerpc-gekko/4.2.4/../../../../powerpc-gekko/lib\libm.a(lib_a-sf_sin.o)
                0x80008d5c                sinf
 .text          0x80008d80      0x2b8 c:/utils/devkitpro/devkitppc/bin/../lib/gcc/powerpc-gekko/4.2.4/../../../../powerpc-gekko/lib\libm.a(lib_a-sf_sine.o)
                0x80008d80                sinef
 .text          0x80009038      0x190 c:/utils/devkitpro/devkitppc/bin/../lib/gcc/powerpc-gekko/4.2.4/../../../../powerpc-gekko/lib\libm.a(lib_a-sf_sqrt.o)
                0x80009038                sqrtf
 .text          0x800091c8      0x204 c:/utils/devkitpro/devkitppc/bin/../lib/gcc/powerpc-gekko/4.2.4/../../../../powerpc-gekko/lib\libm.a(lib_a-sf_tan.o)
                0x800091c8                tanf
 .text          0x800093cc       0x1c c:/utils/devkitpro/devkitppc/bin/../lib/gcc/powerpc-gekko/4.2.4/../../../../powerpc-gekko/lib\libm.a(lib_a-s_ispos.o)
                0x800093cc                ispos
 .text          0x800093e8      0x154 c:/utils/devkitpro/devkitppc/bin/../lib/gcc/powerpc-gekko/4.2.4/../../../../powerpc-gekko/lib\libm.a(lib_a-s_ldexp.o)
                0x800093e8                ldexp
 .text          0x8000953c       0x1c c:/utils/devkitpro/devkitppc/bin/../lib/gcc/powerpc-gekko/4.2.4/../../../../powerpc-gekko/lib\libm.a(lib_a-sf_ispos.o)
                0x8000953c                isposf
 .text          0x80009558      0x14c c:/utils/devkitpro/devkitppc/bin/../lib/gcc/powerpc-gekko/4.2.4/../../../../powerpc-gekko/lib\libm.a(lib_a-sf_ldexp.o)
                0x80009558                ldexpf
 .text          0x800096a4      0x408 c:/utils/devkitpro/devkitppc/bin/../lib/gcc/powerpc-gekko/4.2.4\libgcc.a(_udivdi3.o)
                0x800096a4                __udivdi3
 .text          0x80009aac       0x28 c:/utils/devkitpro/devkitppc/bin/../lib/gcc/powerpc-gekko/4.2.4/../../../../powerpc-gekko/lib\libsysbase.a(abort.o)
                0x80009aac                abort
 .text          0x80009ad4      0x2c4 c:/utils/devkitpro/devkitppc/bin/../lib/gcc/powerpc-gekko/4.2.4/../../../../powerpc-gekko/lib\libsysbase.a(iosupport.o)
                0x80009d48                RemoveDevice
                0x80009ad4                setDefaultDevice
                0x80009aec                AddDevice
                0x80009d04                GetDeviceOpTab
                0x80009c14                FindDevice
 .text          0x80009d98       0x28 c:/utils/devkitpro/devkitppc/bin/../lib/gcc/powerpc-gekko/4.2.4/../../../../powerpc-gekko/lib\libsysbase.a(_exit.o)
                0x80009d98                _exit
 .text          0x80009dc0       0x9c c:/utils/devkitpro/devkitppc/bin/../lib/gcc/powerpc-gekko/4.2.4/../../../../powerpc-gekko/lib\libsysbase.a(build_argv.o)
                0x80009dc0                build_argv
 .text          0x80009e5c      0x168 c:/utils/devkitpro/devkitppc/bin/../lib/gcc/powerpc-gekko/4.2.4/../../../../powerpc-gekko/lib\libsysbase.a(syscall_support.o)
                0x80009f90                __malloc_unlock
                0x80009edc                __libc_lock_release
                0x80009e5c                __libc_lock_init
                0x80009f5c                __malloc_lock
                0x80009e9c                __libc_lock_close
                0x80009f1c                __libc_lock_acquire
 .text          0x80009fc4       0x34 c:/utils/devkitpro/devkitppc/bin/../lib/gcc/powerpc-gekko/4.2.4/../../../../powerpc-gekko/lib\libc.a(lib_a-calloc.o)
                0x80009fc4                calloc
 .text          0x80009ff8       0xd0 c:/utils/devkitpro/devkitppc/bin/../lib/gcc/powerpc-gekko/4.2.4/../../../../powerpc-gekko/lib\libc.a(lib_a-callocr.o)
                0x80009ff8                _calloc_r
 .text          0x8000a0c8        0xc c:/utils/devkitpro/devkitppc/bin/../lib/gcc/powerpc-gekko/4.2.4/../../../../powerpc-gekko/lib\libc.a(lib_a-errno.o)
                0x8000a0c8                __errno
 .text          0x8000a0d4       0x40 c:/utils/devkitpro/devkitppc/bin/../lib/gcc/powerpc-gekko/4.2.4/../../../../powerpc-gekko/lib\libc.a(lib_a-exit.o)
                0x8000a0d4                exit
 .text          0x8000a114      0x110 c:/utils/devkitpro/devkitppc/bin/../lib/gcc/powerpc-gekko/4.2.4/../../../../powerpc-gekko/lib\libc.a(lib_a-fprintf.o)
                0x8000a114                fprintf
                0x8000a1a8                _fprintf_r
 .text          0x8000a224      0x3f8 c:/utils/devkitpro/devkitppc/bin/../lib/gcc/powerpc-gekko/4.2.4/../../../../powerpc-gekko/lib\libc.a(lib_a-freer.o)
                0x8000a340                _free_r
                0x8000a224                _malloc_trim_r
 .text          0x8000a61c      0x1a4 c:/utils/devkitpro/devkitppc/bin/../lib/gcc/powerpc-gekko/4.2.4/../../../../powerpc-gekko/lib\libc.a(lib_a-fwrite.o)
                0x8000a61c                _fwrite_r
                0x8000a798                fwrite
 .text          0x8000a7c0       0x34 c:/utils/devkitpro/devkitppc/bin/../lib/gcc/powerpc-gekko/4.2.4/../../../../powerpc-gekko/lib\libc.a(lib_a-malign.o)
                0x8000a7c0                memalign
 .text          0x8000a7f4      0x1b0 c:/utils/devkitpro/devkitppc/bin/../lib/gcc/powerpc-gekko/4.2.4/../../../../powerpc-gekko/lib\libc.a(lib_a-malignr.o)
                0x8000a7f4                _memalign_r
 .text          0x8000a9a4       0x58 c:/utils/devkitpro/devkitppc/bin/../lib/gcc/powerpc-gekko/4.2.4/../../../../powerpc-gekko/lib\libc.a(lib_a-malloc.o)
                0x8000a9d0                malloc
                0x8000a9a4                free
 .text          0x8000a9fc      0x86c c:/utils/devkitpro/devkitppc/bin/../lib/gcc/powerpc-gekko/4.2.4/../../../../powerpc-gekko/lib\libc.a(lib_a-mallocr.o)
                0x8000a9fc                _malloc_r
 .text          0x8000b268       0x8c c:/utils/devkitpro/devkitppc/bin/../lib/gcc/powerpc-gekko/4.2.4/../../../../powerpc-gekko/lib\libc.a(lib_a-memcmp.o)
                0x8000b268                memcmp
 .text          0x8000b2f4       0xc8 c:/utils/devkitpro/devkitppc/bin/../lib/gcc/powerpc-gekko/4.2.4/../../../../powerpc-gekko/lib\libc.a(lib_a-memcpy.o)
                0x8000b2f4                memcpy
 .text          0x8000b3bc      0x104 c:/utils/devkitpro/devkitppc/bin/../lib/gcc/powerpc-gekko/4.2.4/../../../../powerpc-gekko/lib\libc.a(lib_a-memmove.o)
                0x8000b3bc                memmove
 .text          0x8000b4c0       0xe4 c:/utils/devkitpro/devkitppc/bin/../lib/gcc/powerpc-gekko/4.2.4/../../../../powerpc-gekko/lib\libc.a(lib_a-memset.o)
                0x8000b4c0                memset
 .text          0x8000b5a4      0x124 c:/utils/devkitpro/devkitppc/bin/../lib/gcc/powerpc-gekko/4.2.4/../../../../powerpc-gekko/lib\libc.a(lib_a-printf.o)
                0x8000b5a4                printf
                0x8000b63c                _printf_r
 .text          0x8000b6c8       0xd0 c:/utils/devkitpro/devkitppc/bin/../lib/gcc/powerpc-gekko/4.2.4/../../../../powerpc-gekko/lib\libc.a(lib_a-puts.o)
                0x8000b6c8                _puts_r
                0x8000b788                puts
 .text          0x8000b798      0x248 c:/utils/devkitpro/devkitppc/bin/../lib/gcc/powerpc-gekko/4.2.4/../../../../powerpc-gekko/lib\libc.a(lib_a-reent.o)
                0x8000b858                cleanup_glue
                0x8000b8a8                _reclaim_reent
                0x8000b798                _wrapup_reent
 .text          0x8000b9e0      0x2cc c:/utils/devkitpro/devkitppc/bin/../lib/gcc/powerpc-gekko/4.2.4/../../../../powerpc-gekko/lib\libc.a(lib_a-setvbuf.o)
                0x8000b9e0                setvbuf
 .text          0x8000bcac      0x230 c:/utils/devkitpro/devkitppc/bin/../lib/gcc/powerpc-gekko/4.2.4/../../../../powerpc-gekko/lib\libc.a(lib_a-snprintf.o)
                0x8000bcac                snprintf
                0x8000bdc4                _snprintf_r
 .text          0x8000bedc      0x188 c:/utils/devkitpro/devkitppc/bin/../lib/gcc/powerpc-gekko/4.2.4/../../../../powerpc-gekko/lib\libc.a(lib_a-strchr.o)
                0x8000bedc                strchr
 .text          0x8000c064       0xc0 c:/utils/devkitpro/devkitppc/bin/../lib/gcc/powerpc-gekko/4.2.4/../../../../powerpc-gekko/lib\libc.a(lib_a-strcmp.o)
                0x8000c064                strcmp
 .text          0x8000c124       0x74 c:/utils/devkitpro/devkitppc/bin/../lib/gcc/powerpc-gekko/4.2.4/../../../../powerpc-gekko/lib\libc.a(lib_a-strcpy.o)
                0x8000c124                strcpy
 .text          0x8000c198       0xa4 c:/utils/devkitpro/devkitppc/bin/../lib/gcc/powerpc-gekko/4.2.4/../../../../powerpc-gekko/lib\libc.a(lib_a-strlen.o)
                0x8000c198                strlen
 .text          0x8000c23c      0x144 c:/utils/devkitpro/devkitppc/bin/../lib/gcc/powerpc-gekko/4.2.4/../../../../powerpc-gekko/lib\libc.a(lib_a-strncmp.o)
                0x8000c23c                strncmp
 .text          0x8000c380       0x44 c:/utils/devkitpro/devkitppc/bin/../lib/gcc/powerpc-gekko/4.2.4/../../../../powerpc-gekko/lib\libc.a(lib_a-strnlen.o)
                0x8000c380                strnlen
 .text          0x8000c3c4      0x1f4 c:/utils/devkitpro/devkitppc/bin/../lib/gcc/powerpc-gekko/4.2.4/../../../../powerpc-gekko/lib\libc.a(lib_a-strtoul.o)
                0x8000c598                strtoul
                0x8000c3c4                _strtoul_r
 .text          0x8000c5b8      0x290 c:/utils/devkitpro/devkitppc/bin/../lib/gcc/powerpc-gekko/4.2.4/../../../../powerpc-gekko/lib\libc.a(lib_a-strtoull_r.o)
                0x8000c5b8                _strtoull_r
 .text          0x8000c848     0x23c8 c:/utils/devkitpro/devkitppc/bin/../lib/gcc/powerpc-gekko/4.2.4/../../../../powerpc-gekko/lib\libc.a(lib_a-svfprintf.o)
                0x8000ca60                _svfprintf_r
 .text          0x8000ec10       0x3c c:/utils/devkitpro/devkitppc/bin/../lib/gcc/powerpc-gekko/4.2.4/../../../../powerpc-gekko/lib\libc.a(lib_a-syswrite.o)
                0x8000ec10                write
 .text          0x8000ec4c     0x2360 c:/utils/devkitpro/devkitppc/bin/../lib/gcc/powerpc-gekko/4.2.4/../../../../powerpc-gekko/lib\libc.a(lib_a-vfprintf.o)
                0x8000ecac                _vfprintf_r
                0x80010f8c                vfprintf
 .text          0x80010fac       0xa4 c:/utils/devkitpro/devkitppc/bin/../lib/gcc/powerpc-gekko/4.2.4/../../../../powerpc-gekko/lib\libc.a(lib_a-wcrtomb.o)
                0x80010fac                _wcrtomb_r
                0x80011030                wcrtomb
 .text          0x80011050      0x1d4 c:/utils/devkitpro/devkitppc/bin/../lib/gcc/powerpc-gekko/4.2.4/../../../../powerpc-gekko/lib\libc.a(lib_a-wcsrtombs.o)
                0x80011050                _wcsrtombs_r
                0x800111fc                wcsrtombs
 .text          0x80011224      0x464 c:/utils/devkitpro/devkitppc/bin/../lib/gcc/powerpc-gekko/4.2.4/../../../../powerpc-gekko/lib\libc.a(lib_a-wctomb_r.o)
                0x80011224                _wctomb_r
 .text          0x80011688      0x178 c:/utils/devkitpro/devkitppc/bin/../lib/gcc/powerpc-gekko/4.2.4/../../../../powerpc-gekko/lib\libc.a(lib_a-wsetup.o)
                0x80011688                __swsetup_r
 .text          0x80011800      0x1ac c:/utils/devkitpro/devkitppc/bin/../lib/gcc/powerpc-gekko/4.2.4/../../../../powerpc-gekko/lib\libc.a(lib_a-__call_atexit.o)
                0x80011800                __call_exitprocs
 .text          0x800119ac     0x13a0 c:/utils/devkitpro/devkitppc/bin/../lib/gcc/powerpc-gekko/4.2.4/../../../../powerpc-gekko/lib\libc.a(lib_a-dtoa.o)
                0x80011bf8                _dtoa_r
 .text          0x80012d4c      0x370 c:/utils/devkitpro/devkitppc/bin/../lib/gcc/powerpc-gekko/4.2.4/../../../../powerpc-gekko/lib\libc.a(lib_a-fflush.o)
                0x8001306c                fflush
                0x80012d4c                _fflush_r
 .text          0x800130bc      0x4e0 c:/utils/devkitpro/devkitppc/bin/../lib/gcc/powerpc-gekko/4.2.4/../../../../powerpc-gekko/lib\libc.a(lib_a-findfp.o)
                0x8001334c                __sinit
                0x800133e8                __sfmoreglue
                0x800130e4                _cleanup
                0x800130bc                _cleanup_r
                0x80013278                __fp_lock_all
                0x80013228                __sfp_lock_acquire
                0x80013460                __sfp
                0x80013150                __sinit_lock_release
                0x800131a4                __fp_unlock_all
                0x80013178                __sfp_lock_release
                0x800131dc                __sinit_lock_acquire
 .text          0x8001359c      0x528 c:/utils/devkitpro/devkitppc/bin/../lib/gcc/powerpc-gekko/4.2.4/../../../../powerpc-gekko/lib\libc.a(lib_a-fvwrite.o)
                0x8001359c                __sfvwrite_r
 .text          0x80013ac4      0x194 c:/utils/devkitpro/devkitppc/bin/../lib/gcc/powerpc-gekko/4.2.4/../../../../powerpc-gekko/lib\libc.a(lib_a-fwalk.o)
                0x80013b94                _fwalk
                0x80013ac4                _fwalk_reent
 .text          0x80013c58      0x4c4 c:/utils/devkitpro/devkitppc/bin/../lib/gcc/powerpc-gekko/4.2.4/../../../../powerpc-gekko/lib\libc.a(lib_a-locale.o)
                0x80013c7c                _setlocale_r
                0x80013c58                __locale_charset
                0x80013c64                _localeconv_r
                0x80014104                setlocale
                0x80013c70                localeconv
 .text          0x8001411c      0x1c0 c:/utils/devkitpro/devkitppc/bin/../lib/gcc/powerpc-gekko/4.2.4/../../../../powerpc-gekko/lib\libc.a(lib_a-makebuf.o)
                0x8001411c                __smakebuf_r
 .text          0x800142dc      0x9a8 c:/utils/devkitpro/devkitppc/bin/../lib/gcc/powerpc-gekko/4.2.4/../../../../powerpc-gekko/lib\libc.a(lib_a-mbtowc_r.o)
                0x800142dc                _mbtowc_r
 .text          0x80014c84       0xdc c:/utils/devkitpro/devkitppc/bin/../lib/gcc/powerpc-gekko/4.2.4/../../../../powerpc-gekko/lib\libc.a(lib_a-memchr.o)
                0x80014c84                memchr
 .text          0x80014d60     0x1128 c:/utils/devkitpro/devkitppc/bin/../lib/gcc/powerpc-gekko/4.2.4/../../../../powerpc-gekko/lib\libc.a(lib_a-mprec.o)
                0x800151c8                _mprec_log10
                0x8001526c                __any_on
                0x8001530c                _Balloc
                0x80015104                __ratio
                0x80015ae0                __i2b
                0x80014fb4                __b2d
                0x80015d60                __s2b
                0x80014eb4                __mcmp
                0x80014d84                __hi0bits
                0x80015c34                __pow5mult
                0x80015740                __lshift
                0x800158a8                __multiply
                0x800153dc                __d2b
                0x80015204                __copybits
                0x80014f14                __ulp
                0x80015584                __mdiff
                0x80014df0                __lo0bits
                0x80015b1c                __multadd
                0x80014d60                _Bfree
 .text          0x80015e88      0x668 c:/utils/devkitpro/devkitppc/bin/../lib/gcc/powerpc-gekko/4.2.4/../../../../powerpc-gekko/lib\libc.a(lib_a-reallocr.o)
                0x80015e88                _realloc_r
 .text          0x800164f0       0x44 c:/utils/devkitpro/devkitppc/bin/../lib/gcc/powerpc-gekko/4.2.4/../../../../powerpc-gekko/lib\libc.a(lib_a-s_isinfd.o)
                0x800164f0                __isinfd
 .text          0x80016534       0x38 c:/utils/devkitpro/devkitppc/bin/../lib/gcc/powerpc-gekko/4.2.4/../../../../powerpc-gekko/lib\libc.a(lib_a-s_isnand.o)
                0x80016534                __isnand
 .text          0x8001656c      0x184 c:/utils/devkitpro/devkitppc/bin/../lib/gcc/powerpc-gekko/4.2.4/../../../../powerpc-gekko/lib\libc.a(lib_a-stdio.o)
                0x80016590                __sseek
                0x8001668c                __sread
                0x8001656c                __sclose
                0x80016600                __swrite
 .text          0x800166f0      0x188 c:/utils/devkitpro/devkitppc/bin/../lib/gcc/powerpc-gekko/4.2.4/../../../../powerpc-gekko/lib\libc.a(lib_a-fclose.o)
                0x800166f0                _fclose_r
                0x80016868                fclose
 .text          0x80016878       0xa0 c:/utils/devkitpro/devkitppc/bin/../lib/gcc/powerpc-gekko/4.2.4/../../../../powerpc-gekko/lib\libsysbase.a(close.o)
                0x80016878                _close_r
 .text          0x80016918       0xc4 c:/utils/devkitpro/devkitppc/bin/../lib/gcc/powerpc-gekko/4.2.4/../../../../powerpc-gekko/lib\libsysbase.a(fstat.o)
                0x80016918                _fstat_r
 .text          0x800169dc        0x8 c:/utils/devkitpro/devkitppc/bin/../lib/gcc/powerpc-gekko/4.2.4/../../../../powerpc-gekko/lib\libsysbase.a(isatty.o)
                0x800169dc                _isatty_r
 .text          0x800169e4       0xe8 c:/utils/devkitpro/devkitppc/bin/../lib/gcc/powerpc-gekko/4.2.4/../../../../powerpc-gekko/lib\libsysbase.a(lseek.o)
                0x800169e4                _lseek_r
 .text          0x80016acc       0xcc c:/utils/devkitpro/devkitppc/bin/../lib/gcc/powerpc-gekko/4.2.4/../../../../powerpc-gekko/lib\libsysbase.a(read.o)
                0x80016acc                _read_r
 .text          0x80016b98       0x50 c:/utils/devkitpro/devkitppc/bin/../lib/gcc/powerpc-gekko/4.2.4/../../../../powerpc-gekko/lib\libsysbase.a(sbrk.o)
                0x80016b98                _sbrk_r
 .text          0x80016be8       0xcc c:/utils/devkitpro/devkitppc/bin/../lib/gcc/powerpc-gekko/4.2.4/../../../../powerpc-gekko/lib\libsysbase.a(write.o)
                0x80016be8                _write_r
 .text          0x80016cb4       0x6c c:/utils/devkitpro/devkitppc/bin/../lib/gcc/powerpc-gekko/4.2.4/../../../../powerpc-gekko/lib\libsysbase.a(flock.o)
                0x80016cd8                __flockfile
                0x80016cb4                __funlockfile
 .text          0x80016d20      0x120 c:/utils/devkitpro/devkitppc/bin/../lib/gcc/powerpc-gekko/4.2.4/../../../../powerpc-gekko/lib\libsysbase.a(handle_manager.o)
                0x80016de4                __release_handle
                0x80016d4c                __alloc_handle
                0x80016d20                __get_handle
 .text          0x80016e40      0x450 c:/utils/devkitpro/devkitppc/bin/../lib/gcc/powerpc-gekko/4.2.4\libgcc.a(_umoddi3.o)
                0x80016e40                __umoddi3
 .text          0x80017290       0x6c c:/utils/devkitpro/devkitppc/bin/../lib/gcc/powerpc-gekko/4.2.4/crtend.o
 *(.text.*)
 .text.__wpad_assign_slot
                0x800172fc      0x24c c:/Utils/devkitPro/libogc/lib/wii\libwiiuse.a(wpad.o)
                0x800172fc                __wpad_assign_slot
 .text.__wpad_disconnectCB
                0x80017548      0x100 c:/Utils/devkitPro/libogc/lib/wii\libwiiuse.a(wpad.o)
                0x80017548                __wpad_disconnectCB
 .text.WPAD_ButtonsDown
                0x80017648       0x28 c:/Utils/devkitPro/libogc/lib/wii\libwiiuse.a(wpad.o)
                0x80017648                WPAD_ButtonsDown
 .text.WPAD_ButtonsHeld
                0x80017670       0x28 c:/Utils/devkitPro/libogc/lib/wii\libwiiuse.a(wpad.o)
                0x80017670                WPAD_ButtonsHeld
 .text.__wpad_disconnect
                0x80017698       0x58 c:/Utils/devkitPro/libogc/lib/wii\libwiiuse.a(wpad.o)
 .text.WPAD_Shutdown
                0x800176f0      0x100 c:/Utils/devkitPro/libogc/lib/wii\libwiiuse.a(wpad.o)
                0x800176f0                WPAD_Shutdown
 .text.__wpad_onreset
                0x800177f0       0x2c c:/Utils/devkitPro/libogc/lib/wii\libwiiuse.a(wpad.o)
 .text.__wpad_timeouthandler
                0x8001781c       0xb8 c:/Utils/devkitPro/libogc/lib/wii\libwiiuse.a(wpad.o)
 .text.__wpad_def_powcb
                0x800178d4       0x20 c:/Utils/devkitPro/libogc/lib/wii\libwiiuse.a(wpad.o)
 .text.__wpad_setfmt
                0x800178f4      0x110 c:/Utils/devkitPro/libogc/lib/wii\libwiiuse.a(wpad.o)
 .text.WPAD_ReadEvent
                0x80017a04      0x5a4 c:/Utils/devkitPro/libogc/lib/wii\libwiiuse.a(wpad.o)
                0x80017a04                WPAD_ReadEvent
 .text.WPAD_ReadPending
                0x80017fa8      0x16c c:/Utils/devkitPro/libogc/lib/wii\libwiiuse.a(wpad.o)
                0x80017fa8                WPAD_ReadPending
 .text.WPAD_ScanPads
                0x80018114        0xc c:/Utils/devkitPro/libogc/lib/wii\libwiiuse.a(wpad.o)
                0x80018114                WPAD_ScanPads
 .text.WPAD_Init
                0x80018120      0x20c c:/Utils/devkitPro/libogc/lib/wii\libwiiuse.a(wpad.o)
                0x80018120                WPAD_Init
 .text.__initcore_finished
                0x8001832c       0x40 c:/Utils/devkitPro/libogc/lib/wii\libwiiuse.a(wpad.o)
 .text.__readlinkkey_finished
                0x8001836c       0x38 c:/Utils/devkitPro/libogc/lib/wii\libwiiuse.a(wpad.o)
 .text.__wpad_patch_finished
                0x800183a4       0x2c c:/Utils/devkitPro/libogc/lib/wii\libwiiuse.a(wpad.o)
 .text.__wpad_init_finished
                0x800183d0      0x1d4 c:/Utils/devkitPro/libogc/lib/wii\libwiiuse.a(wpad.o)
 .text.__wpad_eventCB
                0x800185a4      0x998 c:/Utils/devkitPro/libogc/lib/wii\libwiiuse.a(wpad.o)
 .text.calculate_gforce
                0x80018f3c       0xfc c:/Utils/devkitPro/libogc/lib/wii\libwiiuse.a(dynamics.o)
                0x80018f3c                calculate_gforce
 .text.calc_balanceboard_state
                0x80019038      0x380 c:/Utils/devkitPro/libogc/lib/wii\libwiiuse.a(dynamics.o)
                0x80019038                calc_balanceboard_state
 .text.apply_smoothing
                0x800193b8      0x184 c:/Utils/devkitPro/libogc/lib/wii\libwiiuse.a(dynamics.o)
                0x800193b8                apply_smoothing
 .text.calc_joystick_state
                0x8001953c      0x274 c:/Utils/devkitPro/libogc/lib/wii\libwiiuse.a(dynamics.o)
                0x8001953c                calc_joystick_state
 .text.calculate_orientation
                0x800197b0      0x2ec c:/Utils/devkitPro/libogc/lib/wii\libwiiuse.a(dynamics.o)
                0x800197b0                calculate_orientation
 .text.wiiuse_io_write
                0x80019a9c       0x44 c:/Utils/devkitPro/libogc/lib/wii\libwiiuse.a(io_wii.o)
                0x80019a9c                wiiuse_io_write
 .text.__wiiuse_disconnected
                0x80019ae0       0xb0 c:/Utils/devkitPro/libogc/lib/wii\libwiiuse.a(io_wii.o)
 .text.__wiiuse_sent
                0x80019b90       0xc4 c:/Utils/devkitPro/libogc/lib/wii\libwiiuse.a(io_wii.o)
 .text.wiiuse_init_cmd_queue
                0x80019c54       0x4c c:/Utils/devkitPro/libogc/lib/wii\libwiiuse.a(io_wii.o)
                0x80019c54                wiiuse_init_cmd_queue
 .text.wiiuse_disconnect
                0x80019ca0       0x40 c:/Utils/devkitPro/libogc/lib/wii\libwiiuse.a(io_wii.o)
                0x80019ca0                wiiuse_disconnect
 .text.wiiuse_register
                0x80019ce0       0xe4 c:/Utils/devkitPro/libogc/lib/wii\libwiiuse.a(io_wii.o)
                0x80019ce0                wiiuse_register
 .text.__wiiuse_connected
                0x80019dc4       0x9c c:/Utils/devkitPro/libogc/lib/wii\libwiiuse.a(io_wii.o)
 .text.__wiiuse_receive
                0x80019e60       0xc8 c:/Utils/devkitPro/libogc/lib/wii\libwiiuse.a(io_wii.o)
 .text.__wiiuse_sensorbar_enable
                0x80019f28       0x50 c:/Utils/devkitPro/libogc/lib/wii\libwiiuse.a(io_wii.o)
                0x80019f28                __wiiuse_sensorbar_enable
 .text.get_ir_sens
                0x80019f78       0xec c:/Utils/devkitPro/libogc/lib/wii\libwiiuse.a(ir.o)
 .text.wiiuse_set_ir_position
                0x8001a064       0x80 c:/Utils/devkitPro/libogc/lib/wii\libwiiuse.a(ir.o)
                0x8001a064                wiiuse_set_ir_position
 .text.wiiuse_set_aspect_ratio
                0x8001a0e4       0x44 c:/Utils/devkitPro/libogc/lib/wii\libwiiuse.a(ir.o)
                0x8001a0e4                wiiuse_set_aspect_ratio
 .text.calculate_basic_ir
                0x8001a128       0xf4 c:/Utils/devkitPro/libogc/lib/wii\libwiiuse.a(ir.o)
                0x8001a128                calculate_basic_ir
 .text.calculate_extended_ir
                0x8001a21c       0x70 c:/Utils/devkitPro/libogc/lib/wii\libwiiuse.a(ir.o)
                0x8001a21c                calculate_extended_ir
 .text.calc_yaw
                0x8001a28c       0x54 c:/Utils/devkitPro/libogc/lib/wii\libwiiuse.a(ir.o)
                0x8001a28c                calc_yaw
 .text.apply_ir_smoothing
                0x8001a2e0       0xf4 c:/Utils/devkitPro/libogc/lib/wii\libwiiuse.a(ir.o)
                0x8001a2e0                apply_ir_smoothing
 .text.rotate_dots
                0x8001a3d4      0x120 c:/Utils/devkitPro/libogc/lib/wii\libwiiuse.a(ir.o)
 .text.find_sensorbar
                0x8001a4f4      0x970 c:/Utils/devkitPro/libogc/lib/wii\libwiiuse.a(ir.o)
                0x8001a4f4                find_sensorbar
 .text.interpret_ir_data
                0x8001ae64      0x33c c:/Utils/devkitPro/libogc/lib/wii\libwiiuse.a(ir.o)
                0x8001ae64                interpret_ir_data
 .text.wiiuse_set_ir_sensitivity
                0x8001b1a0      0x118 c:/Utils/devkitPro/libogc/lib/wii\libwiiuse.a(ir.o)
                0x8001b1a0                wiiuse_set_ir_sensitivity
 .text.wiiuse_set_ir_mode
                0x8001b2b8       0x6c c:/Utils/devkitPro/libogc/lib/wii\libwiiuse.a(ir.o)
                0x8001b2b8                wiiuse_set_ir_mode
 .text.wiiuse_set_ir
                0x8001b324      0x21c c:/Utils/devkitPro/libogc/lib/wii\libwiiuse.a(ir.o)
                0x8001b324                wiiuse_set_ir
 .text.wiiuse_set_flags
                0x8001b540       0x20 c:/Utils/devkitPro/libogc/lib/wii\libwiiuse.a(wiiuse.o)
                0x8001b540                wiiuse_set_flags
 .text.wiiuse_send_next_command
                0x8001b560       0x6c c:/Utils/devkitPro/libogc/lib/wii\libwiiuse.a(wiiuse.o)
                0x8001b560                wiiuse_send_next_command
 .text.wiiuse_write_data
                0x8001b5cc      0x184 c:/Utils/devkitPro/libogc/lib/wii\libwiiuse.a(wiiuse.o)
                0x8001b5cc                wiiuse_write_data
 .text.wiiuse_init
                0x8001b750      0x164 c:/Utils/devkitPro/libogc/lib/wii\libwiiuse.a(wiiuse.o)
                0x8001b750                wiiuse_init
 .text.wiiuse_sendcmd
                0x8001b8b4      0x10c c:/Utils/devkitPro/libogc/lib/wii\libwiiuse.a(wiiuse.o)
                0x8001b8b4                wiiuse_sendcmd
 .text.wiiuse_status
                0x8001b9c0       0x5c c:/Utils/devkitPro/libogc/lib/wii\libwiiuse.a(wiiuse.o)
                0x8001b9c0                wiiuse_status
 .text.wiiuse_motion_sensing
                0x8001ba1c       0x54 c:/Utils/devkitPro/libogc/lib/wii\libwiiuse.a(wiiuse.o)
                0x8001ba1c                wiiuse_motion_sensing
 .text.wiiuse_set_report_type
                0x8001ba70      0x100 c:/Utils/devkitPro/libogc/lib/wii\libwiiuse.a(wiiuse.o)
                0x8001ba70                wiiuse_set_report_type
 .text.wiiuse_set_leds
                0x8001bb70       0x60 c:/Utils/devkitPro/libogc/lib/wii\libwiiuse.a(wiiuse.o)
                0x8001bb70                wiiuse_set_leds
 .text.wiiuse_read_data
                0x8001bbd0      0x144 c:/Utils/devkitPro/libogc/lib/wii\libwiiuse.a(wiiuse.o)
                0x8001bbd0                wiiuse_read_data
 .text.wiiuse_pressed_buttons
                0x8001bd14       0x2c c:/Utils/devkitPro/libogc/lib/wii\libwiiuse.a(events.o)
                0x8001bd14                wiiuse_pressed_buttons
 .text.handle_expansion
                0x8001bd40       0x94 c:/Utils/devkitPro/libogc/lib/wii\libwiiuse.a(events.o)
 .text.parse_event
                0x8001bdd4      0x518 c:/Utils/devkitPro/libogc/lib/wii\libwiiuse.a(events.o)
                0x8001bdd4                parse_event
 .text.guitar_hero_3_event
                0x8001c2ec       0x50 c:/Utils/devkitPro/libogc/lib/wii\libwiiuse.a(guitar_hero_3.o)
                0x8001c2ec                guitar_hero_3_event
 .text.guitar_hero_3_disconnected
                0x8001c33c       0x28 c:/Utils/devkitPro/libogc/lib/wii\libwiiuse.a(guitar_hero_3.o)
                0x8001c33c                guitar_hero_3_disconnected
 .text.guitar_hero_3_handshake
                0x8001c364       0xb4 c:/Utils/devkitPro/libogc/lib/wii\libwiiuse.a(guitar_hero_3.o)
                0x8001c364                guitar_hero_3_handshake
 .text.wiiuse_disable_expansion
                0x8001c418      0x170 c:/Utils/devkitPro/libogc/lib/wii\libwiiuse.a(io.o)
                0x8001c418                wiiuse_disable_expansion
 .text.wiiuse_handshake_expansion
                0x8001c588      0x238 c:/Utils/devkitPro/libogc/lib/wii\libwiiuse.a(io.o)
                0x8001c588                wiiuse_handshake_expansion
 .text.wiiuse_handshake_expansion_start
                0x8001c7c0       0x24 c:/Utils/devkitPro/libogc/lib/wii\libwiiuse.a(io.o)
                0x8001c7c0                wiiuse_handshake_expansion_start
 .text.wiiuse_handshake
                0x8001c7e4      0x164 c:/Utils/devkitPro/libogc/lib/wii\libwiiuse.a(io.o)
                0x8001c7e4                wiiuse_handshake
 .text.nunchuk_event
                0x8001c948       0x88 c:/Utils/devkitPro/libogc/lib/wii\libwiiuse.a(nunchuk.o)
                0x8001c948                nunchuk_event
 .text.nunchuk_disconnected
                0x8001c9d0       0x28 c:/Utils/devkitPro/libogc/lib/wii\libwiiuse.a(nunchuk.o)
                0x8001c9d0                nunchuk_disconnected
 .text.nunchuk_handshake
                0x8001c9f8      0x198 c:/Utils/devkitPro/libogc/lib/wii\libwiiuse.a(nunchuk.o)
                0x8001c9f8                nunchuk_handshake
 .text.wii_board_event
                0x8001cb90       0x54 c:/Utils/devkitPro/libogc/lib/wii\libwiiuse.a(wiiboard.o)
                0x8001cb90                wii_board_event
 .text.wii_board_disconnected
                0x8001cbe4       0x28 c:/Utils/devkitPro/libogc/lib/wii\libwiiuse.a(wiiboard.o)
                0x8001cbe4                wii_board_disconnected
 .text.wii_board_handshake
                0x8001cc0c      0x174 c:/Utils/devkitPro/libogc/lib/wii\libwiiuse.a(wiiboard.o)
                0x8001cc0c                wii_board_handshake
 .text.classic_ctrl_event
                0x8001cd80       0xa4 c:/Utils/devkitPro/libogc/lib/wii\libwiiuse.a(classic.o)
                0x8001cd80                classic_ctrl_event
 .text.classic_ctrl_disconnected
                0x8001ce24       0x28 c:/Utils/devkitPro/libogc/lib/wii\libwiiuse.a(classic.o)
                0x8001ce24                classic_ctrl_disconnected
 .text.classic_ctrl_handshake
                0x8001ce4c      0x128 c:/Utils/devkitPro/libogc/lib/wii\libwiiuse.a(classic.o)
                0x8001ce4c                classic_ctrl_handshake
 .text.bte_arg  0x8001cf74       0x38 c:/Utils/devkitPro/libogc/lib/wii\libbte.a(bte.o)
                0x8001cf74                bte_arg
 .text.bte_received
                0x8001cfac       0x38 c:/Utils/devkitPro/libogc/lib/wii\libbte.a(bte.o)
                0x8001cfac                bte_received
 .text.bte_disconnected
                0x8001cfe4       0x38 c:/Utils/devkitPro/libogc/lib/wii\libbte.a(bte.o)
                0x8001cfe4                bte_disconnected
 .text.acl_wlp_completed
                0x8001d01c        0x8 c:/Utils/devkitPro/libogc/lib/wii\libbte.a(bte.o)
                0x8001d01c                acl_wlp_completed
 .text.l2cap_accepted
                0x8001d024      0x10c c:/Utils/devkitPro/libogc/lib/wii\libbte.a(bte.o)
                0x8001d024                l2cap_accepted
 .text.l2cap_disconnected_ind
                0x8001d130      0x174 c:/Utils/devkitPro/libogc/lib/wii\libbte.a(bte.o)
                0x8001d130                l2cap_disconnected_ind
 .text.__bte_send_pending_request
                0x8001d2a4       0xdc c:/Utils/devkitPro/libogc/lib/wii\libbte.a(bte.o)
 .text.bte_process_input
                0x8001d380      0x130 c:/Utils/devkitPro/libogc/lib/wii\libbte.a(bte.o)
 .text.__bte_send_request
                0x8001d4b0       0xa4 c:/Utils/devkitPro/libogc/lib/wii\libbte.a(bte.o)
 .text.bte_disconnect
                0x8001d554       0xb4 c:/Utils/devkitPro/libogc/lib/wii\libbte.a(bte.o)
                0x8001d554                bte_disconnect
 .text.acl_conn_complete
                0x8001d608       0x2c c:/Utils/devkitPro/libogc/lib/wii\libbte.a(bte.o)
                0x8001d608                acl_conn_complete
 .text.bte_sendmessageasync
                0x8001d634      0x138 c:/Utils/devkitPro/libogc/lib/wii\libbte.a(bte.o)
                0x8001d634                bte_sendmessageasync
 .text.bte_registerdeviceasync
                0x8001d76c      0x1c0 c:/Utils/devkitPro/libogc/lib/wii\libbte.a(bte.o)
                0x8001d76c                bte_registerdeviceasync
 .text.bte_new  0x8001d92c       0x60 c:/Utils/devkitPro/libogc/lib/wii\libbte.a(bte.o)
                0x8001d92c                bte_new
 .text.BTE_SetDisconnectCallback
                0x8001d98c       0x20 c:/Utils/devkitPro/libogc/lib/wii\libbte.a(bte.o)
                0x8001d98c                BTE_SetDisconnectCallback
 .text.BTE_InitSub
                0x8001d9ac       0x94 c:/Utils/devkitPro/libogc/lib/wii\libbte.a(bte.o)
                0x8001d9ac                BTE_InitSub
 .text.BTE_ApplyPatch
                0x8001da40       0xa8 c:/Utils/devkitPro/libogc/lib/wii\libbte.a(bte.o)
                0x8001da40                BTE_ApplyPatch
 .text.BTE_InitCore
                0x8001dae8       0x90 c:/Utils/devkitPro/libogc/lib/wii\libbte.a(bte.o)
                0x8001dae8                BTE_InitCore
 .text.BTE_ReadStoredLinkKey
                0x8001db78       0x94 c:/Utils/devkitPro/libogc/lib/wii\libbte.a(bte.o)
                0x8001db78                BTE_ReadStoredLinkKey
 .text.BTE_Shutdown
                0x8001dc0c      0x114 c:/Utils/devkitPro/libogc/lib/wii\libbte.a(bte.o)
                0x8001dc0c                BTE_Shutdown
 .text.__bte_shutdown_finished
                0x8001dd20      0x118 c:/Utils/devkitPro/libogc/lib/wii\libbte.a(bte.o)
 .text.BTE_Init
                0x8001de38      0x134 c:/Utils/devkitPro/libogc/lib/wii\libbte.a(bte.o)
                0x8001de38                BTE_Init
 .text.bt_alarmhandler
                0x8001df6c       0x60 c:/Utils/devkitPro/libogc/lib/wii\libbte.a(bte.o)
 .text.l2cap_disconnect_cfm
                0x8001dfcc      0x1ac c:/Utils/devkitPro/libogc/lib/wii\libbte.a(bte.o)
                0x8001dfcc                l2cap_disconnect_cfm
 .text.bte_hci_initsub_complete
                0x8001e178      0x230 c:/Utils/devkitPro/libogc/lib/wii\libbte.a(bte.o)
                0x8001e178                bte_hci_initsub_complete
 .text.bte_hci_patch_complete
                0x8001e3a8      0x2b8 c:/Utils/devkitPro/libogc/lib/wii\libbte.a(bte.o)
                0x8001e3a8                bte_hci_patch_complete
 .text.bte_hci_apply_patch_complete
                0x8001e660      0x15c c:/Utils/devkitPro/libogc/lib/wii\libbte.a(bte.o)
                0x8001e660                bte_hci_apply_patch_complete
 .text.bte_hci_initcore_complete
                0x8001e7bc      0x208 c:/Utils/devkitPro/libogc/lib/wii\libbte.a(bte.o)
                0x8001e7bc                bte_hci_initcore_complete
 .text.bte_hci_initcore_complete2
                0x8001e9c4      0x1e4 c:/Utils/devkitPro/libogc/lib/wii\libbte.a(bte.o)
                0x8001e9c4                bte_hci_initcore_complete2
 .text.bte_read_stored_link_key_complete
                0x8001eba8      0x264 c:/Utils/devkitPro/libogc/lib/wii\libbte.a(bte.o)
                0x8001eba8                bte_read_stored_link_key_complete
 .text.hci_get_link
                0x8001ee0c       0x88 c:/Utils/devkitPro/libogc/lib/wii\libbte.a(hci.o)
                0x8001ee0c                hci_get_link
 .text.hci_arg  0x8001ee94       0x10 c:/Utils/devkitPro/libogc/lib/wii\libbte.a(hci.o)
                0x8001ee94                hci_arg
 .text.hci_cmd_complete
                0x8001eea4       0x10 c:/Utils/devkitPro/libogc/lib/wii\libbte.a(hci.o)
                0x8001eea4                hci_cmd_complete
 .text.hci_connection_complete
                0x8001eeb4       0x10 c:/Utils/devkitPro/libogc/lib/wii\libbte.a(hci.o)
                0x8001eeb4                hci_connection_complete
 .text.hci_wlp_complete
                0x8001eec4       0x10 c:/Utils/devkitPro/libogc/lib/wii\libbte.a(hci.o)
                0x8001eec4                hci_wlp_complete
 .text.hci_cmd_ass
                0x8001eed4       0x4c c:/Utils/devkitPro/libogc/lib/wii\libbte.a(hci.o)
                0x8001eed4                hci_cmd_ass
 .text.lp_pdu_maxsize
                0x8001ef20       0x10 c:/Utils/devkitPro/libogc/lib/wii\libbte.a(hci.o)
                0x8001ef20                lp_pdu_maxsize
 .text.hci_host_num_comp_packets
                0x8001ef30       0xcc c:/Utils/devkitPro/libogc/lib/wii\libbte.a(hci.o)
                0x8001ef30                hci_host_num_comp_packets
 .text.hci_write_cod
                0x8001effc       0x8c c:/Utils/devkitPro/libogc/lib/wii\libbte.a(hci.o)
                0x8001effc                hci_write_cod
 .text.hci_disconnect
                0x8001f088       0xb8 c:/Utils/devkitPro/libogc/lib/wii\libbte.a(hci.o)
                0x8001f088                hci_disconnect
 .text.hci_pin_code_request_neg_reply
                0x8001f140       0x8c c:/Utils/devkitPro/libogc/lib/wii\libbte.a(hci.o)
                0x8001f140                hci_pin_code_request_neg_reply
 .text.hci_vendor_specific_command
                0x8001f1cc       0xb8 c:/Utils/devkitPro/libogc/lib/wii\libbte.a(hci.o)
                0x8001f1cc                hci_vendor_specific_command
 .text.hci_write_inquiry_scan_type
                0x8001f284       0x80 c:/Utils/devkitPro/libogc/lib/wii\libbte.a(hci.o)
                0x8001f284                hci_write_inquiry_scan_type
 .text.hci_write_page_scan_type
                0x8001f304       0x80 c:/Utils/devkitPro/libogc/lib/wii\libbte.a(hci.o)
                0x8001f304                hci_write_page_scan_type
 .text.hci_write_inquiry_mode
                0x8001f384       0x80 c:/Utils/devkitPro/libogc/lib/wii\libbte.a(hci.o)
                0x8001f384                hci_write_inquiry_mode
 .text.hci_write_pin_type
                0x8001f404       0x80 c:/Utils/devkitPro/libogc/lib/wii\libbte.a(hci.o)
                0x8001f404                hci_write_pin_type
 .text.hci_write_local_name
                0x8001f484       0x9c c:/Utils/devkitPro/libogc/lib/wii\libbte.a(hci.o)
                0x8001f484                hci_write_local_name
 .text.hci_accecpt_conn_request
                0x8001f520       0xa0 c:/Utils/devkitPro/libogc/lib/wii\libbte.a(hci.o)
                0x8001f520                hci_accecpt_conn_request
 .text.hci_write_scan_enable
                0x8001f5c0       0x80 c:/Utils/devkitPro/libogc/lib/wii\libbte.a(hci.o)
                0x8001f5c0                hci_write_scan_enable
 .text.hci_read_local_features
                0x8001f640       0x6c c:/Utils/devkitPro/libogc/lib/wii\libbte.a(hci.o)
                0x8001f640                hci_read_local_features
 .text.hci_read_local_version
                0x8001f6ac       0x6c c:/Utils/devkitPro/libogc/lib/wii\libbte.a(hci.o)
                0x8001f6ac                hci_read_local_version
 .text.hci_read_bd_addr
                0x8001f718       0x6c c:/Utils/devkitPro/libogc/lib/wii\libbte.a(hci.o)
                0x8001f718                hci_read_bd_addr
 .text.hci_read_buffer_size
                0x8001f784       0x6c c:/Utils/devkitPro/libogc/lib/wii\libbte.a(hci.o)
                0x8001f784                hci_read_buffer_size
 .text.hci_reset
                0x8001f7f0       0x6c c:/Utils/devkitPro/libogc/lib/wii\libbte.a(hci.o)
                0x8001f7f0                hci_reset
 .text.lp_acl_write
                0x8001f85c      0x180 c:/Utils/devkitPro/libogc/lib/wii\libbte.a(hci.o)
                0x8001f85c                lp_acl_write
 .text.hci_new  0x8001f9dc       0x54 c:/Utils/devkitPro/libogc/lib/wii\libbte.a(hci.o)
                0x8001f9dc                hci_new
 .text.hci_read_stored_link_key
                0x8001fa30       0xd4 c:/Utils/devkitPro/libogc/lib/wii\libbte.a(hci.o)
                0x8001fa30                hci_read_stored_link_key
 .text.hci_close
                0x8001fb04       0xec c:/Utils/devkitPro/libogc/lib/wii\libbte.a(hci.o)
                0x8001fb04                hci_close
 .text.hci_init
                0x8001fbf0       0xa0 c:/Utils/devkitPro/libogc/lib/wii\libbte.a(hci.o)
                0x8001fbf0                hci_init
 .text.hci_reset_all
                0x8001fc90       0xd4 c:/Utils/devkitPro/libogc/lib/wii\libbte.a(hci.o)
                0x8001fc90                hci_reset_all
 .text.hci_write_page_timeout
                0x8001fd64       0x90 c:/Utils/devkitPro/libogc/lib/wii\libbte.a(hci.o)
                0x8001fd64                hci_write_page_timeout
 .text.hci_acldata_handler
                0x8001fdf4      0x138 c:/Utils/devkitPro/libogc/lib/wii\libbte.a(hci.o)
                0x8001fdf4                hci_acldata_handler
 .text.hci_event_handler
                0x8001ff2c      0xb98 c:/Utils/devkitPro/libogc/lib/wii\libbte.a(hci.o)
                0x8001ff2c                hci_event_handler
 .text.lp_write_flush_timeout
                0x80020ac4       0xc0 c:/Utils/devkitPro/libogc/lib/wii\libbte.a(hci.o)
                0x80020ac4                lp_write_flush_timeout
 .text.hci_host_buffer_size
                0x80020b84       0xd0 c:/Utils/devkitPro/libogc/lib/wii\libbte.a(hci.o)
                0x80020b84                hci_host_buffer_size
 .text.hci_write_link_policy_settings
                0x80020c54       0xc0 c:/Utils/devkitPro/libogc/lib/wii\libbte.a(hci.o)
                0x80020c54                hci_write_link_policy_settings
 .text.l2cap_cid_alloc
                0x80020d14       0x60 c:/Utils/devkitPro/libogc/lib/wii\libbte.a(l2cap.o)
 .text.lp_connect_ind
                0x80020d74        0x4 c:/Utils/devkitPro/libogc/lib/wii\libbte.a(l2cap.o)
                0x80020d74                lp_connect_ind
 .text.l2cap_disconnect_bb
                0x80020d78       0x14 c:/Utils/devkitPro/libogc/lib/wii\libbte.a(l2cap.o)
                0x80020d78                l2cap_disconnect_bb
 .text.l2cap_next_sigid
                0x80020d8c       0x2c c:/Utils/devkitPro/libogc/lib/wii\libbte.a(l2cap.o)
                0x80020d8c                l2cap_next_sigid
 .text.l2cap_arg
                0x80020db8        0x8 c:/Utils/devkitPro/libogc/lib/wii\libbte.a(l2cap.o)
                0x80020db8                l2cap_arg
 .text.l2cap_disconnect_ind
                0x80020dc0        0x8 c:/Utils/devkitPro/libogc/lib/wii\libbte.a(l2cap.o)
                0x80020dc0                l2cap_disconnect_ind
 .text.l2cap_recv
                0x80020dc8        0x8 c:/Utils/devkitPro/libogc/lib/wii\libbte.a(l2cap.o)
                0x80020dc8                l2cap_recv
 .text.l2cap_connect_ind
                0x80020dd0      0x108 c:/Utils/devkitPro/libogc/lib/wii\libbte.a(l2cap.o)
                0x80020dd0                l2cap_connect_ind
 .text.l2cap_close
                0x80020ed8      0x1e8 c:/Utils/devkitPro/libogc/lib/wii\libbte.a(l2cap.o)
                0x80020ed8                l2cap_close
 .text.lp_disconnect_ind
                0x800210c0      0x114 c:/Utils/devkitPro/libogc/lib/wii\libbte.a(l2cap.o)
                0x800210c0                lp_disconnect_ind
 .text.l2cap_new
                0x800211d4       0x80 c:/Utils/devkitPro/libogc/lib/wii\libbte.a(l2cap.o)
                0x800211d4                l2cap_new
 .text.l2cap_write
                0x80021254      0x1a4 c:/Utils/devkitPro/libogc/lib/wii\libbte.a(l2cap.o)
                0x80021254                l2cap_write
 .text.l2cap_rexmit_signal
                0x800213f8       0x2c c:/Utils/devkitPro/libogc/lib/wii\libbte.a(l2cap.o)
                0x800213f8                l2cap_rexmit_signal
 .text.l2cap_signal
                0x80021424      0x1e0 c:/Utils/devkitPro/libogc/lib/wii\libbte.a(l2cap.o)
                0x80021424                l2cap_signal
 .text.l2ca_disconnect_req
                0x80021604       0xc0 c:/Utils/devkitPro/libogc/lib/wii\libbte.a(l2cap.o)
                0x80021604                l2ca_disconnect_req
 .text.l2cap_tmr
                0x800216c4      0x244 c:/Utils/devkitPro/libogc/lib/wii\libbte.a(l2cap.o)
                0x800216c4                l2cap_tmr
 .text.l2ca_config_req
                0x80021908      0x154 c:/Utils/devkitPro/libogc/lib/wii\libbte.a(l2cap.o)
                0x80021908                l2ca_config_req
 .text.l2cap_process_sig
                0x80021a5c     0x1238 c:/Utils/devkitPro/libogc/lib/wii\libbte.a(l2cap.o)
                0x80021a5c                l2cap_process_sig
 .text.l2cap_init
                0x80022c94       0x88 c:/Utils/devkitPro/libogc/lib/wii\libbte.a(l2cap.o)
                0x80022c94                l2cap_init
 .text.l2cap_reset_all
                0x80022d1c      0x154 c:/Utils/devkitPro/libogc/lib/wii\libbte.a(l2cap.o)
                0x80022d1c                l2cap_reset_all
 .text.lp_connect_cfm
                0x80022e70      0x14c c:/Utils/devkitPro/libogc/lib/wii\libbte.a(l2cap.o)
                0x80022e70                lp_connect_cfm
 .text.l2ca_datawrite
                0x80022fbc      0x114 c:/Utils/devkitPro/libogc/lib/wii\libbte.a(l2cap.o)
                0x80022fbc                l2ca_datawrite
 .text.l2cap_input
                0x800230d0      0x5d0 c:/Utils/devkitPro/libogc/lib/wii\libbte.a(l2cap.o)
                0x800230d0                l2cap_input
 .text.btmemb_alloc
                0x800236a0       0xc0 c:/Utils/devkitPro/libogc/lib/wii\libbte.a(btmemb.o)
                0x800236a0                btmemb_alloc
 .text.btmemb_free
                0x80023760       0xbc c:/Utils/devkitPro/libogc/lib/wii\libbte.a(btmemb.o)
                0x80023760                btmemb_free
 .text.btmemb_init
                0x8002381c       0x40 c:/Utils/devkitPro/libogc/lib/wii\libbte.a(btmemb.o)
                0x8002381c                btmemb_init
 .text.plug_holes
                0x8002385c       0xcc c:/Utils/devkitPro/libogc/lib/wii\libbte.a(btmemr.o)
 .text.btmemr_malloc
                0x80023928      0x190 c:/Utils/devkitPro/libogc/lib/wii\libbte.a(btmemr.o)
                0x80023928                btmemr_malloc
 .text.btmemr_free
                0x80023ab8       0xa4 c:/Utils/devkitPro/libogc/lib/wii\libbte.a(btmemr.o)
                0x80023ab8                btmemr_free
 .text.btmemr_realloc
                0x80023b5c      0x118 c:/Utils/devkitPro/libogc/lib/wii\libbte.a(btmemr.o)
                0x80023b5c                btmemr_realloc
 .text.btmemr_init
                0x80023c74       0xa8 c:/Utils/devkitPro/libogc/lib/wii\libbte.a(btmemr.o)
                0x80023c74                btmemr_init
 .text.btpbuf_header
                0x80023d1c       0xa8 c:/Utils/devkitPro/libogc/lib/wii\libbte.a(btpbuf.o)
                0x80023d1c                btpbuf_header
 .text.btpbuf_ref
                0x80023dc4       0x48 c:/Utils/devkitPro/libogc/lib/wii\libbte.a(btpbuf.o)
                0x80023dc4                btpbuf_ref
 .text.btpbuf_cat
                0x80023e0c       0x5c c:/Utils/devkitPro/libogc/lib/wii\libbte.a(btpbuf.o)
                0x80023e0c                btpbuf_cat
 .text.btpbuf_chain
                0x80023e68       0x30 c:/Utils/devkitPro/libogc/lib/wii\libbte.a(btpbuf.o)
                0x80023e68                btpbuf_chain
 .text.btpbuf_free
                0x80023e98      0x110 c:/Utils/devkitPro/libogc/lib/wii\libbte.a(btpbuf.o)
                0x80023e98                btpbuf_free
 .text.btpbuf_dechain
                0x80023fa8       0x7c c:/Utils/devkitPro/libogc/lib/wii\libbte.a(btpbuf.o)
                0x80023fa8                btpbuf_dechain
 .text.btpbuf_realloc
                0x80024024       0xc0 c:/Utils/devkitPro/libogc/lib/wii\libbte.a(btpbuf.o)
                0x80024024                btpbuf_realloc
 .text.btpbuf_alloc
                0x800240e4      0x244 c:/Utils/devkitPro/libogc/lib/wii\libbte.a(btpbuf.o)
                0x800240e4                btpbuf_alloc
 .text.btpbuf_take
                0x80024328      0x124 c:/Utils/devkitPro/libogc/lib/wii\libbte.a(btpbuf.o)
                0x80024328                btpbuf_take
 .text.btpbuf_init
                0x8002444c       0x34 c:/Utils/devkitPro/libogc/lib/wii\libbte.a(btpbuf.o)
                0x8002444c                btpbuf_init
 .text.__usb_closeCB
                0x80024480       0x10 c:/Utils/devkitPro/libogc/lib/wii\libbte.a(physbusif.o)
 .text.physbusif_close
                0x80024490       0x2c c:/Utils/devkitPro/libogc/lib/wii\libbte.a(physbusif.o)
                0x80024490                physbusif_close
 .text.physbusif_reset_all
                0x800244bc        0x4 c:/Utils/devkitPro/libogc/lib/wii\libbte.a(physbusif.o)
                0x800244bc                physbusif_reset_all
 .text.physbusif_output
                0x800244c0      0x18c c:/Utils/devkitPro/libogc/lib/wii\libbte.a(physbusif.o)
                0x800244c0                physbusif_output
 .text.__writebulkmsgCB
                0x8002464c       0x40 c:/Utils/devkitPro/libogc/lib/wii\libbte.a(physbusif.o)
 .text.__writectrlmsgCB
                0x8002468c       0x40 c:/Utils/devkitPro/libogc/lib/wii\libbte.a(physbusif.o)
 .text.physbusif_shutdown
                0x800246cc       0x50 c:/Utils/devkitPro/libogc/lib/wii\libbte.a(physbusif.o)
                0x800246cc                physbusif_shutdown
 .text.__initUsbIOBuffer
                0x8002471c       0x98 c:/Utils/devkitPro/libogc/lib/wii\libbte.a(physbusif.o)
 .text.__issue_intrread
                0x800247b4       0xbc c:/Utils/devkitPro/libogc/lib/wii\libbte.a(physbusif.o)
 .text.__readintrdataCB
                0x80024870      0x120 c:/Utils/devkitPro/libogc/lib/wii\libbte.a(physbusif.o)
 .text.__issue_bulkread
                0x80024990       0xbc c:/Utils/devkitPro/libogc/lib/wii\libbte.a(physbusif.o)
 .text.physbusif_init
                0x80024a4c      0x1d0 c:/Utils/devkitPro/libogc/lib/wii\libbte.a(physbusif.o)
                0x80024a4c                physbusif_init
 .text.__readbulkdataCB
                0x80024c1c      0x120 c:/Utils/devkitPro/libogc/lib/wii\libbte.a(physbusif.o)
 .text.__lwp_queue_initialize
                0x80024d3c       0x54 c:/Utils/devkitPro/libogc/lib/wii\libogc.a(lwp_queue.o)
                0x80024d3c                __lwp_queue_initialize
 .text.__lwp_queue_get
                0x80024d90       0x7c c:/Utils/devkitPro/libogc/lib/wii\libogc.a(lwp_queue.o)
                0x80024d90                __lwp_queue_get
 .text.__lwp_queue_append
                0x80024e0c       0x4c c:/Utils/devkitPro/libogc/lib/wii\libogc.a(lwp_queue.o)
                0x80024e0c                __lwp_queue_append
 .text.__lwp_isr_in_progress
                0x80024e58        0x8 c:/Utils/devkitPro/libogc/lib/wii\libogc.a(lwp_threads.o)
                0x80024e58                __lwp_isr_in_progress
 .text.__lwp_thread_resettimeslice
                0x80024e60       0xd0 c:/Utils/devkitPro/libogc/lib/wii\libogc.a(lwp_threads.o)
                0x80024e60                __lwp_thread_resettimeslice
 .text.__lwp_thread_setstate
                0x80024f30      0x158 c:/Utils/devkitPro/libogc/lib/wii\libogc.a(lwp_threads.o)
                0x80024f30                __lwp_thread_setstate
 .text.__lwp_thread_clearstate
                0x80025088      0x104 c:/Utils/devkitPro/libogc/lib/wii\libogc.a(lwp_threads.o)
                0x80025088                __lwp_thread_clearstate
 .text.__lwp_thread_setpriority
                0x8002518c       0x5c c:/Utils/devkitPro/libogc/lib/wii\libogc.a(lwp_threads.o)
                0x8002518c                __lwp_thread_setpriority
 .text.__lwp_thread_settransient
                0x800251e8       0xd0 c:/Utils/devkitPro/libogc/lib/wii\libogc.a(lwp_threads.o)
                0x800251e8                __lwp_thread_settransient
 .text.__lwp_thread_loadenv
                0x800252b8       0x78 c:/Utils/devkitPro/libogc/lib/wii\libogc.a(lwp_threads.o)
                0x800252b8                __lwp_thread_loadenv
 .text.__lwp_thread_ready
                0x80025330       0xf8 c:/Utils/devkitPro/libogc/lib/wii\libogc.a(lwp_threads.o)
                0x80025330                __lwp_thread_ready
 .text.__thread_dispatch
                0x80025428      0x12c c:/Utils/devkitPro/libogc/lib/wii\libogc.a(lwp_threads.o)
                0x80025428                __thread_dispatch
 .text.__lwp_thread_start
                0x80025554       0x64 c:/Utils/devkitPro/libogc/lib/wii\libogc.a(lwp_threads.o)
                0x80025554                __lwp_thread_start
 .text.__lwp_thread_close
                0x800255b8      0x138 c:/Utils/devkitPro/libogc/lib/wii\libogc.a(lwp_threads.o)
                0x800255b8                __lwp_thread_close
 .text.__lwp_thread_closeall
                0x800256f0       0xd4 c:/Utils/devkitPro/libogc/lib/wii\libogc.a(lwp_threads.o)
                0x800256f0                __lwp_thread_closeall
 .text.__lwp_thread_init
                0x800257c4      0x124 c:/Utils/devkitPro/libogc/lib/wii\libogc.a(lwp_threads.o)
                0x800257c4                __lwp_thread_init
 .text.__thread_dispatch_fp
                0x800258e8       0x9c c:/Utils/devkitPro/libogc/lib/wii\libogc.a(lwp_threads.o)
                0x800258e8                __thread_dispatch_fp
 .text.__lwp_thread_stopmultitasking
                0x80025984       0x64 c:/Utils/devkitPro/libogc/lib/wii\libogc.a(lwp_threads.o)
                0x80025984                __lwp_thread_stopmultitasking
 .text.__lwp_thread_changepriority
                0x800259e8      0x1b8 c:/Utils/devkitPro/libogc/lib/wii\libogc.a(lwp_threads.o)
                0x800259e8                __lwp_thread_changepriority
 .text.__lwp_thread_coreinit
                0x80025ba0       0x94 c:/Utils/devkitPro/libogc/lib/wii\libogc.a(lwp_threads.o)
                0x80025ba0                __lwp_thread_coreinit
 .text.__lwp_thread_resume
                0x80025c34      0x130 c:/Utils/devkitPro/libogc/lib/wii\libogc.a(lwp_threads.o)
                0x80025c34                __lwp_thread_resume
 .text.__lwp_thread_suspend
                0x80025d64      0x164 c:/Utils/devkitPro/libogc/lib/wii\libogc.a(lwp_threads.o)
                0x80025d64                __lwp_thread_suspend
 .text.__lwp_thread_exit
                0x80025ec8       0x70 c:/Utils/devkitPro/libogc/lib/wii\libogc.a(lwp_threads.o)
                0x80025ec8                __lwp_thread_exit
 .text.__lwp_thread_handler
                0x80025f38       0x7c c:/Utils/devkitPro/libogc/lib/wii\libogc.a(lwp_threads.o)
 .text.__lwp_thread_startmultitasking
                0x80025fb4       0xcc c:/Utils/devkitPro/libogc/lib/wii\libogc.a(lwp_threads.o)
                0x80025fb4                __lwp_thread_startmultitasking
 .text.__lwp_thread_tickle_timeslice
                0x80026080       0xe0 c:/Utils/devkitPro/libogc/lib/wii\libogc.a(lwp_threads.o)
                0x80026080                __lwp_thread_tickle_timeslice
 .text.idle_func
                0x80026160        0x4 c:/Utils/devkitPro/libogc/lib/wii\libogc.a(lwp.o)
 .text.LWP_GetSelf
                0x80026164       0x28 c:/Utils/devkitPro/libogc/lib/wii\libogc.a(lwp.o)
                0x80026164                LWP_GetSelf
 .text.__lwp_sysinit
                0x8002618c      0x118 c:/Utils/devkitPro/libogc/lib/wii\libogc.a(lwp.o)
                0x8002618c                __lwp_sysinit
 .text.LWP_ThreadSignal
                0x800262a4       0x74 c:/Utils/devkitPro/libogc/lib/wii\libogc.a(lwp.o)
                0x800262a4                LWP_ThreadSignal
 .text.LWP_ThreadBroadcast
                0x80026318       0x88 c:/Utils/devkitPro/libogc/lib/wii\libogc.a(lwp.o)
                0x80026318                LWP_ThreadBroadcast
 .text.LWP_ThreadSleep
                0x800263a0       0xe0 c:/Utils/devkitPro/libogc/lib/wii\libogc.a(lwp.o)
                0x800263a0                LWP_ThreadSleep
 .text.LWP_CloseQueue
                0x80026480       0xe8 c:/Utils/devkitPro/libogc/lib/wii\libogc.a(lwp.o)
                0x80026480                LWP_CloseQueue
 .text.LWP_InitQueue
                0x80026568      0x124 c:/Utils/devkitPro/libogc/lib/wii\libogc.a(lwp.o)
                0x80026568                LWP_InitQueue
 .text.LWP_ResumeThread
                0x8002668c       0xb4 c:/Utils/devkitPro/libogc/lib/wii\libogc.a(lwp.o)
                0x8002668c                LWP_ResumeThread
 .text.LWP_SuspendThread
                0x80026740       0xb0 c:/Utils/devkitPro/libogc/lib/wii\libogc.a(lwp.o)
                0x80026740                LWP_SuspendThread
 .text.__lwp_stack_free
                0x800267f0       0x38 c:/Utils/devkitPro/libogc/lib/wii\libogc.a(lwp_stack.o)
                0x800267f0                __lwp_stack_free
 .text.__lwp_stack_allocate
                0x80026828       0x6c c:/Utils/devkitPro/libogc/lib/wii\libogc.a(lwp_stack.o)
                0x80026828                __lwp_stack_allocate
 .text.__lwp_watchdog_init
                0x80026894       0x2c c:/Utils/devkitPro/libogc/lib/wii\libogc.a(lwp_watchdog.o)
                0x80026894                __lwp_watchdog_init
 .text.__lwp_wd_settimer
                0x800268c0       0xe0 c:/Utils/devkitPro/libogc/lib/wii\libogc.a(lwp_watchdog.o)
 .text.__lwp_wd_remove
                0x800269a0      0x104 c:/Utils/devkitPro/libogc/lib/wii\libogc.a(lwp_watchdog.o)
                0x800269a0                __lwp_wd_remove
 .text.__lwp_wd_insert
                0x80026aa4      0x1c4 c:/Utils/devkitPro/libogc/lib/wii\libogc.a(lwp_watchdog.o)
                0x80026aa4                __lwp_wd_insert
 .text.__lwp_wd_tickle
                0x80026c68      0x130 c:/Utils/devkitPro/libogc/lib/wii\libogc.a(lwp_watchdog.o)
                0x80026c68                __lwp_wd_tickle
 .text.__lwp_wkspace_init
                0x80026d98       0xc8 c:/Utils/devkitPro/libogc/lib/wii\libogc.a(lwp_wkspace.o)
                0x80026d98                __lwp_wkspace_init
 .text.__lwp_objmgr_getisrdisable
                0x80026e60       0x64 c:/Utils/devkitPro/libogc/lib/wii\libogc.a(lwp_objmgr.o)
                0x80026e60                __lwp_objmgr_getisrdisable
 .text.__lwp_objmgr_getnoprotection
                0x80026ec4       0x24 c:/Utils/devkitPro/libogc/lib/wii\libogc.a(lwp_objmgr.o)
                0x80026ec4                __lwp_objmgr_getnoprotection
 .text.__lwp_objmgr_allocate
                0x80026ee8       0x74 c:/Utils/devkitPro/libogc/lib/wii\libogc.a(lwp_objmgr.o)
                0x80026ee8                __lwp_objmgr_allocate
 .text.__lwp_objmgr_free
                0x80026f5c       0x5c c:/Utils/devkitPro/libogc/lib/wii\libogc.a(lwp_objmgr.o)
                0x80026f5c                __lwp_objmgr_free
 .text.__lwp_objmgr_get
                0x80026fb8       0x78 c:/Utils/devkitPro/libogc/lib/wii\libogc.a(lwp_objmgr.o)
                0x80026fb8                __lwp_objmgr_get
 .text.__lwp_objmgr_initinfo
                0x80027030      0x1b0 c:/Utils/devkitPro/libogc/lib/wii\libogc.a(lwp_objmgr.o)
                0x80027030                __lwp_objmgr_initinfo
 .text.__lwp_heap_init
                0x800271e0       0x9c c:/Utils/devkitPro/libogc/lib/wii\libogc.a(lwp_heap.o)
                0x800271e0                __lwp_heap_init
 .text.__lwp_heap_free
                0x8002727c      0x1d4 c:/Utils/devkitPro/libogc/lib/wii\libogc.a(lwp_heap.o)
                0x8002727c                __lwp_heap_free
 .text.__lwp_heap_allocate
                0x80027450      0x16c c:/Utils/devkitPro/libogc/lib/wii\libogc.a(lwp_heap.o)
                0x80027450                __lwp_heap_allocate
 .text.c_irqdispatcher
                0x800275bc      0x2ac c:/Utils/devkitPro/libogc/lib/wii\libogc.a(irq.o)
                0x800275bc                c_irqdispatcher
 .text.__SetInterrupts
                0x80027868      0x268 c:/Utils/devkitPro/libogc/lib/wii\libogc.a(irq.o)
 .text.__UnmaskIrq
                0x80027ad0       0x90 c:/Utils/devkitPro/libogc/lib/wii\libogc.a(irq.o)
                0x80027ad0                __UnmaskIrq
 .text.__MaskIrq
                0x80027b60       0x90 c:/Utils/devkitPro/libogc/lib/wii\libogc.a(irq.o)
                0x80027b60                __MaskIrq
 .text.IRQ_Request
                0x80027bf0       0x54 c:/Utils/devkitPro/libogc/lib/wii\libogc.a(irq.o)
                0x80027bf0                IRQ_Request
 .text.IRQ_GetHandler
                0x80027c44       0x44 c:/Utils/devkitPro/libogc/lib/wii\libogc.a(irq.o)
                0x80027c44                IRQ_GetHandler
 .text.IRQ_Disable
                0x80027c88       0x20 c:/Utils/devkitPro/libogc/lib/wii\libogc.a(irq.o)
                0x80027c88                IRQ_Disable
 .text.IRQ_Restore
                0x80027ca8       0x1c c:/Utils/devkitPro/libogc/lib/wii\libogc.a(irq.o)
                0x80027ca8                IRQ_Restore
 .text.__irq_init
                0x80027cc4       0xac c:/Utils/devkitPro/libogc/lib/wii\libogc.a(irq.o)
                0x80027cc4                __irq_init
 .text.__gettiming
                0x80027d70       0xb0 c:/Utils/devkitPro/libogc/lib/wii\libogc.a(video.o)
 .text.VIDEO_Flush
                0x80027e20      0x178 c:/Utils/devkitPro/libogc/lib/wii\libogc.a(video.o)
                0x80027e20                VIDEO_Flush
 .text.VIDEO_GetCurrentTvMode
                0x80027f98       0x70 c:/Utils/devkitPro/libogc/lib/wii\libogc.a(video.o)
                0x80027f98                VIDEO_GetCurrentTvMode
 .text.VIDEO_HaveComponentCable
                0x80028008       0x14 c:/Utils/devkitPro/libogc/lib/wii\libogc.a(video.o)
                0x80028008                VIDEO_HaveComponentCable
 .text.VIDEO_GetPreferredMode
                0x8002801c       0xd0 c:/Utils/devkitPro/libogc/lib/wii\libogc.a(video.o)
                0x8002801c                VIDEO_GetPreferredMode
 .text.VIDEO_WaitVSync
                0x800280ec       0x90 c:/Utils/devkitPro/libogc/lib/wii\libogc.a(video.o)
                0x800280ec                VIDEO_WaitVSync
 .text.__VISendI2CData
                0x8002817c      0x560 c:/Utils/devkitPro/libogc/lib/wii\libogc.a(video.o)
 .text.__VIWriteI2CRegisterBuf
                0x800286dc       0x54 c:/Utils/devkitPro/libogc/lib/wii\libogc.a(video.o)
 .text.__VIWriteI2CRegister32
                0x80028730       0x58 c:/Utils/devkitPro/libogc/lib/wii\libogc.a(video.o)
 .text.__VIWriteI2CRegister16
                0x80028788       0x48 c:/Utils/devkitPro/libogc/lib/wii\libogc.a(video.o)
 .text.__VIWriteI2CRegister8
                0x800287d0       0x3c c:/Utils/devkitPro/libogc/lib/wii\libogc.a(video.o)
 .text.__VISetFilterEURGB60
                0x8002880c        0xc c:/Utils/devkitPro/libogc/lib/wii\libogc.a(video.o)
 .text.__VISetYUVSEL
                0x80028818       0x90 c:/Utils/devkitPro/libogc/lib/wii\libogc.a(video.o)
 .text.VIDEO_Init
                0x800288a8      0x818 c:/Utils/devkitPro/libogc/lib/wii\libogc.a(video.o)
                0x800288a8                VIDEO_Init
 .text.__VIRetraceHandler
                0x800290c0      0x308 c:/Utils/devkitPro/libogc/lib/wii\libogc.a(video.o)
 .text.VIDEO_GetCurrentLine
                0x800293c8       0xa8 c:/Utils/devkitPro/libogc/lib/wii\libogc.a(video.o)
                0x800293c8                VIDEO_GetCurrentLine
 .text.VIDEO_SetBlack
                0x80029470      0x158 c:/Utils/devkitPro/libogc/lib/wii\libogc.a(video.o)
                0x80029470                VIDEO_SetBlack
 .text.VIDEO_Configure
                0x800295c8      0x874 c:/Utils/devkitPro/libogc/lib/wii\libogc.a(video.o)
                0x800295c8                VIDEO_Configure
 .text.VIDEO_SetNextFramebuffer
                0x80029e3c      0x234 c:/Utils/devkitPro/libogc/lib/wii\libogc.a(video.o)
                0x80029e3c                VIDEO_SetNextFramebuffer
 .text.VIDEO_SetFramebuffer
                0x8002a070      0x340 c:/Utils/devkitPro/libogc/lib/wii\libogc.a(video.o)
                0x8002a070                VIDEO_SetFramebuffer
 .text.__MEMInterruptHandler
                0x8002a3b0       0x14 c:/Utils/devkitPro/libogc/lib/wii\libogc.a(system.o)
 .text.__RSWDefaultHandler
                0x8002a3c4        0x4 c:/Utils/devkitPro/libogc/lib/wii\libogc.a(system.o)
 .text.__POWDefaultHandler
                0x8002a3c8        0x4 c:/Utils/devkitPro/libogc/lib/wii\libogc.a(system.o)
 .text.__sram_sync
                0x8002a3cc        0xc c:/Utils/devkitPro/libogc/lib/wii\libogc.a(system.o)
 .text.__call_resetfuncs