Archive member included because of file (symbol)

c:/Utils/devkitPro/libogc/lib/wii\libwiiuse.a(wpad.o)
                              test.o (WPAD_ButtonsDown)
c:/Utils/devkitPro/libogc/lib/wii\libwiiuse.a(dynamics.o)
                              c:/Utils/devkitPro/libogc/lib/wii\libwiiuse.a(wpad.o) (calculate_gforce)
c:/Utils/devkitPro/libogc/lib/wii\libwiiuse.a(io_wii.o)
                              c:/Utils/devkitPro/libogc/lib/wii\libwiiuse.a(wpad.o) (wiiuse_disconnect)
c:/Utils/devkitPro/libogc/lib/wii\libwiiuse.a(ir.o)
                              c:/Utils/devkitPro/libogc/lib/wii\libwiiuse.a(wpad.o) (wiiuse_set_ir_vres)
c:/Utils/devkitPro/libogc/lib/wii\libwiiuse.a(wiiuse.o)
                              c:/Utils/devkitPro/libogc/lib/wii\libwiiuse.a(wpad.o) (wiiuse_set_flags)
c:/Utils/devkitPro/libogc/lib/wii\libwiiuse.a(events.o)
                              c:/Utils/devkitPro/libogc/lib/wii\libwiiuse.a(io_wii.o) (parse_event)
c:/Utils/devkitPro/libogc/lib/wii\libwiiuse.a(guitar_hero_3.o)
                              c:/Utils/devkitPro/libogc/lib/wii\libwiiuse.a(events.o) (guitar_hero_3_event)
c:/Utils/devkitPro/libogc/lib/wii\libwiiuse.a(io.o)
                              c:/Utils/devkitPro/libogc/lib/wii\libwiiuse.a(events.o) (wiiuse_disable_expansion)
c:/Utils/devkitPro/libogc/lib/wii\libwiiuse.a(nunchuk.o)
                              c:/Utils/devkitPro/libogc/lib/wii\libwiiuse.a(events.o) (nunchuk_event)
c:/Utils/devkitPro/libogc/lib/wii\libwiiuse.a(wiiboard.o)
                              c:/Utils/devkitPro/libogc/lib/wii\libwiiuse.a(events.o) (wii_board_event)
c:/Utils/devkitPro/libogc/lib/wii\libwiiuse.a(classic.o)
                              c:/Utils/devkitPro/libogc/lib/wii\libwiiuse.a(events.o) (classic_ctrl_event)
c:/Utils/devkitPro/libogc/lib/wii\libbte.a(bte.o)
                              c:/Utils/devkitPro/libogc/lib/wii\libwiiuse.a(io_wii.o) (bte_arg)
c:/Utils/devkitPro/libogc/lib/wii\libbte.a(hci.o)
                              c:/Utils/devkitPro/libogc/lib/wii\libbte.a(bte.o) (hci_arg)
c:/Utils/devkitPro/libogc/lib/wii\libbte.a(l2cap.o)
                              c:/Utils/devkitPro/libogc/lib/wii\libbte.a(hci.o) (lp_connect_ind)
c:/Utils/devkitPro/libogc/lib/wii\libbte.a(btmemb.o)
                              c:/Utils/devkitPro/libogc/lib/wii\libbte.a(bte.o) (btmemb_alloc)
c:/Utils/devkitPro/libogc/lib/wii\libbte.a(btmemr.o)
                              c:/Utils/devkitPro/libogc/lib/wii\libbte.a(hci.o) (btmemr_init)
c:/Utils/devkitPro/libogc/lib/wii\libbte.a(btpbuf.o)
                              c:/Utils/devkitPro/libogc/lib/wii\libbte.a(hci.o) (btpbuf_header)
c:/Utils/devkitPro/libogc/lib/wii\libbte.a(physbusif.o)
                              c:/Utils/devkitPro/libogc/lib/wii\libbte.a(bte.o) (physbusif_close)
c:/Utils/devkitPro/libogc/lib/wii\libogc.a(console.o)
                              test.o (CON_Init)
c:/Utils/devkitPro/libogc/lib/wii\libogc.a(lwp_queue.o)
                              c:/Utils/devkitPro/libogc/lib/wii\libwiiuse.a(io_wii.o) (__lwp_queue_initialize)
c:/Utils/devkitPro/libogc/lib/wii\libogc.a(lwp_threads.o)
                              c:/Utils/devkitPro/libogc/lib/wii\libwiiuse.a(wpad.o) (_thread_dispatch_disable_level)
c:/Utils/devkitPro/libogc/lib/wii\libogc.a(lwp.o)
                              c:/Utils/devkitPro/libogc/lib/wii\libbte.a(bte.o) (LWP_ThreadSignal)
c:/Utils/devkitPro/libogc/lib/wii\libogc.a(lwp_handler.o)
                              c:/Utils/devkitPro/libogc/lib/wii\libogc.a(lwp_threads.o) (_cpu_context_save_fp)
c:/Utils/devkitPro/libogc/lib/wii\libogc.a(lwp_stack.o)
                              c:/Utils/devkitPro/libogc/lib/wii\libogc.a(lwp_threads.o) (__lwp_stack_free)
c:/Utils/devkitPro/libogc/lib/wii\libogc.a(lwp_watchdog.o)
                              c:/Utils/devkitPro/libogc/lib/wii\libogc.a(lwp_threads.o) (_wd_ticks_queue)
c:/Utils/devkitPro/libogc/lib/wii\libogc.a(lwp_wkspace.o)
                              c:/Utils/devkitPro/libogc/lib/wii\libwiiuse.a(io_wii.o) (__wkspace_heap)
c:/Utils/devkitPro/libogc/lib/wii\libogc.a(lwp_objmgr.o)
                              c:/Utils/devkitPro/libogc/lib/wii\libogc.a(lwp.o) (__lwp_objmgr_getnoprotection)
c:/Utils/devkitPro/libogc/lib/wii\libogc.a(lwp_heap.o)
                              c:/Utils/devkitPro/libogc/lib/wii\libogc.a(lwp_wkspace.o) (__lwp_heap_init)
c:/Utils/devkitPro/libogc/lib/wii\libogc.a(sys_state.o)
                              c:/Utils/devkitPro/libogc/lib/wii\libogc.a(lwp_threads.o) (_sys_state_curr)
c:/Utils/devkitPro/libogc/lib/wii\libogc.a(irq.o)
                              c:/Utils/devkitPro/libogc/lib/wii\libwiiuse.a(io_wii.o) (IRQ_Disable)
c:/Utils/devkitPro/libogc/lib/wii\libogc.a(video.o)
                              c:/Utils/devkitPro/libogc/lib/wii\libogc.a(console.o) (VIDEO_GetCurrentFramebuffer)
c:/Utils/devkitPro/libogc/lib/wii\libogc.a(system.o)
[...]
Memory Configuration

Name             Origin             Length             Attributes
*default*        0x00000000         0xffffffff

Linker script and memory map

                0x00003400                . = 0x3400

.stub
 *(.stub)
                0x80004000                . = 0x80004000

.init           0x80004000      0x208
 *crt0.o(*.init)
 .init          0x80004000      0x1e4 c:/Utils/devkitPro/libogc/lib/wii\libogc.a(ogc_crt0.o)
                0x8000419c                _memset
                0x80004000                _start
                0x800041cc                video_line
 *(.init)
 .init          0x800041e4        0xc c:/utils/devkitpro/devkitppc/bin/../lib/gcc/powerpc-gekko/4.2.4/ecrti.o
                0x800041e4                __init
 .init          0x800041f0        0x4 c:/utils/devkitpro/devkitppc/bin/../lib/gcc/powerpc-gekko/4.2.4/crtbegin.o
 .init          0x800041f4        0x4 c:/utils/devkitpro/devkitppc/bin/../lib/gcc/powerpc-gekko/4.2.4/crtend.o
 .init          0x800041f8       0x10 c:/utils/devkitpro/devkitppc/bin/../lib/gcc/powerpc-gekko/4.2.4/ecrtn.o

.plt
 *(.plt)

.interp
 *(.interp)

.hash
 *(.hash)

.dynsym
 *(.dynsym)

.dynstr
 *(.dynstr)

.gnu.version
 *(.gnu.version)

.gnu.version_d
 *(.gnu.version_d)

.gnu.version_r
 *(.gnu.version_r)

.rel.init
 *(.rel.init)

.rela.init      0x80004208        0x0
 *(.rela.init)
 .rela.init     0x00000000        0x0 c:/utils/devkitpro/devkitppc/bin/../lib/gcc/powerpc-gekko/4.2.4/crtbegin.o

.rel.text
 *(.rel.text .rel.text.* .rel.gnu.linkonce.t.*)

.rela.text      0x80004208        0x0
 *(.rela.text .rela.text.* .rela.gnu.linkonce.t.*)
 .rela.text     0x00000000        0x0 c:/utils/devkitpro/devkitppc/bin/../lib/gcc/powerpc-gekko/4.2.4/crtbegin.o
 .rela.text.wiiuse_init_cmd_queue
                0x00000000        0x0 c:/utils/devkitpro/devkitppc/bin/../lib/gcc/powerpc-gekko/4.2.4/crtbegin.o
 .rela.text.wiiuse_init
                0x00000000        0x0 c:/utils/devkitpro/devkitppc/bin/../lib/gcc/powerpc-gekko/4.2.4/crtbegin.o
 .rela.text.guitar_hero_3_handshake
                0x00000000        0x0 c:/utils/devkitpro/devkitppc/bin/../lib/gcc/powerpc-gekko/4.2.4/crtbegin.o
 .rela.text.wiiuse_handshake_expansion
                0x00000000        0x0 c:/utils/devkitpro/devkitppc/bin/../lib/gcc/powerpc-gekko/4.2.4/crtbegin.o
 .rela.text.wiiuse_handshake
                0x00000000        0x0 c:/utils/devkitpro/devkitppc/bin/../lib/gcc/powerpc-gekko/4.2.4/crtbegin.o
 .rela.text.bt_alarmhandler
                0x00000000        0x0 c:/utils/devkitpro/devkitppc/bin/../lib/gcc/powerpc-gekko/4.2.4/crtbegin.o
 .rela.text.CON_EnableGecko
                0x00000000        0x0 c:/utils/devkitpro/devkitppc/bin/../lib/gcc/powerpc-gekko/4.2.4/crtbegin.o
 .rela.text.__console_init
                0x00000000        0x0 c:/utils/devkitpro/devkitppc/bin/../lib/gcc/powerpc-gekko/4.2.4/crtbegin.o
 .rela.text.__console_init_ex
                0x00000000        0x0 c:/utils/devkitpro/devkitppc/bin/../lib/gcc/powerpc-gekko/4.2.4/crtbegin.o
 .rela.text.__lwp_rotate_readyqueue
                0x00000000        0x0 c:/utils/devkitpro/devkitppc/bin/../lib/gcc/powerpc-gekko/4.2.4/crtbegin.o
 .rela.text.__lwp_thread_setstate
                0x00000000        0x0 c:/utils/devkitpro/devkitppc/bin/../lib/gcc/powerpc-gekko/4.2.4/crtbegin.o
 .rela.text.__lwp_thread_setpriority
                0x00000000        0x0 c:/utils/devkitpro/devkitppc/bin/../lib/gcc/powerpc-gekko/4.2.4/crtbegin.o
 .rela.text.__lwp_thread_ready
                0x00000000        0x0 c:/utils/devkitpro/devkitppc/bin/../lib/gcc/powerpc-gekko/4.2.4/crtbegin.o
 .rela.text.__lwp_thread_close
                0x00000000        0x0 c:/utils/devkitpro/devkitppc/bin/../lib/gcc/powerpc-gekko/4.2.4/crtbegin.o
 .rela.text.__lwp_thread_closeall
                0x00000000        0x0 c:/utils/devkitpro/devkitppc/bin/../lib/gcc/powerpc-gekko/4.2.4/crtbegin.o
 .rela.text.__lwp_thread_stopmultitasking
                0x00000000        0x0 c:/utils/devkitpro/devkitppc/bin/../lib/gcc/powerpc-gekko/4.2.4/crtbegin.o
 .rela.text.__lwp_thread_changepriority
                0x00000000        0x0 c:/utils/devkitpro/devkitppc/bin/../lib/gcc/powerpc-gekko/4.2.4/crtbegin.o
 .rela.text.__lwp_thread_coreinit
                0x00000000        0x0 c:/utils/devkitpro/devkitppc/bin/../lib/gcc/powerpc-gekko/4.2.4/crtbegin.o
 .rela.text.__lwp_thread_suspend
                0x00000000        0x0 c:/utils/devkitpro/devkitppc/bin/../lib/gcc/powerpc-gekko/4.2.4/crtbegin.o
 .rela.text.__lwp_thread_startmultitasking
                0x00000000        0x0 c:/utils/devkitpro/devkitppc/bin/../lib/gcc/powerpc-gekko/4.2.4/crtbegin.o
 .rela.text.__lwp_thread_tickle_timeslice
                0x00000000        0x0 c:/utils/devkitpro/devkitppc/bin/../lib/gcc/powerpc-gekko/4.2.4/crtbegin.o
 .rela.text.__lwp_thread_context
                0x00000000        0x0 c:/utils/devkitpro/devkitppc/bin/../lib/gcc/powerpc-gekko/4.2.4/crtbegin.o
 .rela.text.__lwp_thread_exists
                0x00000000        0x0 c:/utils/devkitpro/devkitppc/bin/../lib/gcc/powerpc-gekko/4.2.4/crtbegin.o
 .rela.text.__lwp_thread_isalive
                0x00000000        0x0 c:/utils/devkitpro/devkitppc/bin/../lib/gcc/powerpc-gekko/4.2.4/crtbegin.o
 .rela.text.__lwp_sysinit
                0x00000000        0x0 c:/utils/devkitpro/devkitppc/bin/../lib/gcc/powerpc-gekko/4.2.4/crtbegin.o
 .rela.text.LWP_ThreadSignal
                0x00000000        0x0 c:/utils/devkitpro/devkitppc/bin/../lib/gcc/powerpc-gekko/4.2.4/crtbegin.o
 .rela.text.LWP_ThreadBroadcast
                0x00000000        0x0 c:/utils/devkitpro/devkitppc/bin/../lib/gcc/powerpc-gekko/4.2.4/crtbegin.o
 .rela.text.LWP_ThreadSleep
                0x00000000        0x0 c:/utils/devkitpro/devkitppc/bin/../lib/gcc/powerpc-gekko/4.2.4/crtbegin.o
 .rela.text.LWP_CloseQueue
                0x00000000        0x0 c:/utils/devkitpro/devkitppc/bin/../lib/gcc/powerpc-gekko/4.2.4/crtbegin.o
 .rela.text.LWP_InitQueue
                0x00000000        0x0 c:/utils/devkitpro/devkitppc/bin/../lib/gcc/powerpc-gekko/4.2.4/crtbegin.o
 .rela.text.LWP_JoinThread
                0x00000000        0x0 c:/utils/devkitpro/devkitppc/bin/../lib/gcc/powerpc-gekko/4.2.4/crtbegin.o
 .rela.text.LWP_ThreadIsSuspended
                0x00000000        0x0 c:/utils/devkitpro/devkitppc/bin/../lib/gcc/powerpc-gekko/4.2.4/crtbegin.o
 .rela.text.LWP_SetThreadPriority
                0x00000000        0x0 c:/utils/devkitpro/devkitppc/bin/../lib/gcc/powerpc-gekko/4.2.4/crtbegin.o
 .rela.text.LWP_ResumeThread
                0x00000000        0x0 c:/utils/devkitpro/devkitppc/bin/../lib/gcc/powerpc-gekko/4.2.4/crtbegin.o
 .rela.text.LWP_SuspendThread
                0x00000000        0x0 c:/utils/devkitpro/devkitppc/bin/../lib/gcc/powerpc-gekko/4.2.4/crtbegin.o
 .rela.text.LWP_CreateThread
                0x00000000        0x0 c:/utils/devkitpro/devkitppc/bin/../lib/gcc/powerpc-gekko/4.2.4/crtbegin.o
 .rela.text.__lwp_stack_free
                0x00000000        0x0 c:/utils/devkitpro/devkitppc/bin/../lib/gcc/powerpc-gekko/4.2.4/crtbegin.o
 .rela.text.__lwp_stack_allocate
                0x00000000        0x0 c:/utils/devkitpro/devkitppc/bin/../lib/gcc/powerpc-gekko/4.2.4/crtbegin.o
 .rela.text.__lwp_watchdog_init
                0x00000000        0x0 c:/utils/devkitpro/devkitppc/bin/../lib/gcc/powerpc-gekko/4.2.4/crtbegin.o
 .rela.text.__lwp_wd_tickle
                0x00000000        0x0 c:/utils/devkitpro/devkitppc/bin/../lib/gcc/powerpc-gekko/4.2.4/crtbegin.o
 .rela.text.__lwp_wkspace_init
                0x00000000        0x0 c:/utils/devkitpro/devkitppc/bin/../lib/gcc/powerpc-gekko/4.2.4/crtbegin.o
 .rela.text.__lwp_wkspace_heapused
                0x00000000        0x0 c:/utils/devkitpro/devkitppc/bin/../lib/gcc/powerpc-gekko/4.2.4/crtbegin.o
 .rela.text.__lwp_wkspace_heapfree
                0x00000000        0x0 c:/utils/devkitpro/devkitppc/bin/../lib/gcc/powerpc-gekko/4.2.4/crtbegin.o
 .rela.text.__lwp_objmgr_initinfo
                0x00000000        0x0 c:/utils/devkitpro/devkitppc/bin/../lib/gcc/powerpc-gekko/4.2.4/crtbegin.o
 .rela.text.__irq_init
                0x00000000        0x0 c:/utils/devkitpro/devkitppc/bin/../lib/gcc/powerpc-gekko/4.2.4/crtbegin.o
 .rela.text.__sram_sync
                0x00000000        0x0 c:/utils/devkitpro/devkitppc/bin/../lib/gcc/powerpc-gekko/4.2.4/crtbegin.o
 .rela.text.__locksram
                0x00000000        0x0 c:/utils/devkitpro/devkitppc/bin/../lib/gcc/powerpc-gekko/4.2.4/crtbegin.o
 .rela.text.__sram_init
                0x00000000        0x0 c:/utils/devkitpro/devkitppc/bin/../lib/gcc/powerpc-gekko/4.2.4/crtbegin.o
 .rela.text.SYS_Init
                0x00000000        0x0 c:/utils/devkitpro/devkitppc/bin/../lib/gcc/powerpc-gekko/4.2.4/crtbegin.o
 .rela.text.__unlocksram
                0x00000000        0x0 c:/utils/devkitpro/devkitppc/bin/../lib/gcc/powerpc-gekko/4.2.4/crtbegin.o
 .rela.text.__sram_writecallback
                0x00000000        0x0 c:/utils/devkitpro/devkitppc/bin/../lib/gcc/powerpc-gekko/4.2.4/crtbegin.o
 .rela.text.SYS_CancelAlarm
                0x00000000        0x0 c:/utils/devkitpro/devkitppc/bin/../lib/gcc/powerpc-gekko/4.2.4/crtbegin.o
 .rela.text.SYS_RemoveAlarm
                0x00000000        0x0 c:/utils/devkitpro/devkitppc/bin/../lib/gcc/powerpc-gekko/4.2.4/crtbegin.o
 .rela.text.SYS_SetAlarm
                0x00000000        0x0 c:/utils/devkitpro/devkitppc/bin/../lib/gcc/powerpc-gekko/4.2.4/crtbegin.o
 .rela.text.__sys_alarmhandler
                0x00000000        0x0 c:/utils/devkitpro/devkitppc/bin/../lib/gcc/powerpc-gekko/4.2.4/crtbegin.o
 .rela.text.SYS_SetPeriodicAlarm
                0x00000000        0x0 c:/utils/devkitpro/devkitppc/bin/../lib/gcc/powerpc-gekko/4.2.4/crtbegin.o
 .rela.text.__lwp_cond_init
                0x00000000        0x0 c:/utils/devkitpro/devkitppc/bin/../lib/gcc/powerpc-gekko/4.2.4/crtbegin.o
 .rela.text.LWP_CondDestroy
                0x00000000        0x0 c:/utils/devkitpro/devkitppc/bin/../lib/gcc/powerpc-gekko/4.2.4/crtbegin.o
 .rela.text.LWP_CondInit
                0x00000000        0x0 c:/utils/devkitpro/devkitppc/bin/../lib/gcc/powerpc-gekko/4.2.4/crtbegin.o
 .rela.text.__lwp_cond_signalsupp
                0x00000000        0x0 c:/utils/devkitpro/devkitppc/bin/../lib/gcc/powerpc-gekko/4.2.4/crtbegin.o
 .rela.text.__lwp_cond_waitsupp
                0x00000000        0x0 c:/utils/devkitpro/devkitppc/bin/../lib/gcc/powerpc-gekko/4.2.4/crtbegin.o
 .rela.text.c_decrementer_handler
                0x00000000        0x0 c:/utils/devkitpro/devkitppc/bin/../lib/gcc/powerpc-gekko/4.2.4/crtbegin.o
 .rela.text.__lwp_mqbox_init
                0x00000000        0x0 c:/utils/devkitpro/devkitppc/bin/../lib/gcc/powerpc-gekko/4.2.4/crtbegin.o
 .rela.text.MQ_Close
                0x00000000        0x0 c:/utils/devkitpro/devkitppc/bin/../lib/gcc/powerpc-gekko/4.2.4/crtbegin.o
 .rela.text.MQ_Init
                0x00000000        0x0 c:/utils/devkitpro/devkitppc/bin/../lib/gcc/powerpc-gekko/4.2.4/crtbegin.o
 .rela.text.MQ_Jam
                0x00000000        0x0 c:/utils/devkitpro/devkitppc/bin/../lib/gcc/powerpc-gekko/4.2.4/crtbegin.o
 .rela.text.MQ_Receive
                0x00000000        0x0 c:/utils/devkitpro/devkitppc/bin/../lib/gcc/powerpc-gekko/4.2.4/crtbegin.o
 .rela.text.MQ_Send
                0x00000000        0x0 c:/utils/devkitpro/devkitppc/bin/../lib/gcc/powerpc-gekko/4.2.4/crtbegin.o
 .rela.text.__ios_ioctlvformat_parse
                0x00000000        0x0 c:/utils/devkitpro/devkitppc/bin/../lib/gcc/powerpc-gekko/4.2.4/crtbegin.o
 .rela.text.__ioctlvfmtCB
                0x00000000        0x0 c:/utils/devkitpro/devkitppc/bin/../lib/gcc/powerpc-gekko/4.2.4/crtbegin.o
 .rela.text.IOS_IoctlvFormatAsync
                0x00000000        0x0 c:/utils/devkitpro/devkitppc/bin/../lib/gcc/powerpc-gekko/4.2.4/crtbegin.o
 .rela.text.IOS_IoctlvFormat
                0x00000000        0x0 c:/utils/devkitpro/devkitppc/bin/../lib/gcc/powerpc-gekko/4.2.4/crtbegin.o
 .rela.text.nanosleep
                0x00000000        0x0 c:/utils/devkitpro/devkitppc/bin/../lib/gcc/powerpc-gekko/4.2.4/crtbegin.o
 .rela.text.__libc_init
                0x00000000        0x0 c:/utils/devkitpro/devkitppc/bin/../lib/gcc/powerpc-gekko/4.2.4/crtbegin.o
 .rela.text.__libc_wrapup
                0x00000000        0x0 c:/utils/devkitpro/devkitppc/bin/../lib/gcc/powerpc-gekko/4.2.4/crtbegin.o
 .rela.text.__libc_delete_hook
                0x00000000        0x0 c:/utils/devkitpro/devkitppc/bin/../lib/gcc/powerpc-gekko/4.2.4/crtbegin.o
 .rela.text.__CheckARGV
                0x00000000        0x0 c:/utils/devkitpro/devkitppc/bin/../lib/gcc/powerpc-gekko/4.2.4/crtbegin.o
 .rela.text.__lwp_priority_init
                0x00000000        0x0 c:/utils/devkitpro/devkitppc/bin/../lib/gcc/powerpc-gekko/4.2.4/crtbegin.o
 .rela.text.__lwp_threadqueue_extractpriority
                0x00000000        0x0 c:/utils/devkitpro/devkitppc/bin/../lib/gcc/powerpc-gekko/4.2.4/crtbegin.o
 .rela.text.__lwp_threadqueue_extractfifo
                0x00000000        0x0 c:/utils/devkitpro/devkitppc/bin/../lib/gcc/powerpc-gekko/4.2.4/crtbegin.o
 .rela.text.__lwp_threadqueue_dequeuepriority
                0x00000000        0x0 c:/utils/devkitpro/devkitppc/bin/../lib/gcc/powerpc-gekko/4.2.4/crtbegin.o
 .rela.text.__lwp_threadqueue_enqueuepriority
                0x00000000        0x0 c:/utils/devkitpro/devkitppc/bin/../lib/gcc/powerpc-gekko/4.2.4/crtbegin.o
 .rela.text.__lwp_threadqueue_dequeuefifo
                0x00000000        0x0 c:/utils/devkitpro/devkitppc/bin/../lib/gcc/powerpc-gekko/4.2.4/crtbegin.o
 .rela.text.__lwp_threadqueue_enqueuefifo
                0x00000000        0x0 c:/utils/devkitpro/devkitppc/bin/../lib/gcc/powerpc-gekko/4.2.4/crtbegin.o
 .rela.text.__lwp_threadqueue_enqueue
                0x00000000        0x0 c:/utils/devkitpro/devkitppc/bin/../lib/gcc/powerpc-gekko/4.2.4/crtbegin.o
 .rela.text.__lwpmq_close
                0x00000000        0x0 c:/utils/devkitpro/devkitppc/bin/../lib/gcc/powerpc-gekko/4.2.4/crtbegin.o
 .rela.text.__lwpmq_initialize
                0x00000000        0x0 c:/utils/devkitpro/devkitppc/bin/../lib/gcc/powerpc-gekko/4.2.4/crtbegin.o
 .rela.text.__exception_sethandler
                0x00000000        0x0 c:/utils/devkitpro/devkitppc/bin/../lib/gcc/powerpc-gekko/4.2.4/crtbegin.o
 .rela.text.__exception_init
                0x00000000        0x0 c:/utils/devkitpro/devkitppc/bin/../lib/gcc/powerpc-gekko/4.2.4/crtbegin.o
 .rela.text.__systemcall_init
                0x00000000        0x0 c:/utils/devkitpro/devkitppc/bin/../lib/gcc/powerpc-gekko/4.2.4/crtbegin.o
 .rela.text.__lwp_sema_init
                0x00000000        0x0 c:/utils/devkitpro/devkitppc/bin/../lib/gcc/powerpc-gekko/4.2.4/crtbegin.o
 .rela.text.LWP_SemInit
                0x00000000        0x0 c:/utils/devkitpro/devkitppc/bin/../lib/gcc/powerpc-gekko/4.2.4/crtbegin.o
 .rela.text.LWP_SemDestroy
                0x00000000        0x0 c:/utils/devkitpro/devkitppc/bin/../lib/gcc/powerpc-gekko/4.2.4/crtbegin.o
 .rela.text.LWP_SemPost
                0x00000000        0x0 c:/utils/devkitpro/devkitppc/bin/../lib/gcc/powerpc-gekko/4.2.4/crtbegin.o
 .rela.text.LWP_SemWait
                0x00000000        0x0 c:/utils/devkitpro/devkitppc/bin/../lib/gcc/powerpc-gekko/4.2.4/crtbegin.o
 .rela.text.LWP_MutexInit
                0x00000000        0x0 c:/utils/devkitpro/devkitppc/bin/../lib/gcc/powerpc-gekko/4.2.4/crtbegin.o
 .rela.text.__lwp_mutex_init
                0x00000000        0x0 c:/utils/devkitpro/devkitppc/bin/../lib/gcc/powerpc-gekko/4.2.4/crtbegin.o
 .rela.text.LWP_MutexDestroy
                0x00000000        0x0 c:/utils/devkitpro/devkitppc/bin/../lib/gcc/powerpc-gekko/4.2.4/crtbegin.o
 .rela.text.__lwp_mutex_locksupp
                0x00000000        0x0 c:/utils/devkitpro/devkitppc/bin/../lib/gcc/powerpc-gekko/4.2.4/crtbegin.o
 .rela.text.LWP_MutexUnlock
                0x00000000        0x0 c:/utils/devkitpro/devkitppc/bin/../lib/gcc/powerpc-gekko/4.2.4/crtbegin.o
 .rela.text.kprintf
                0x00000000        0x0 c:/utils/devkitpro/devkitppc/bin/../lib/gcc/powerpc-gekko/4.2.4/crtbegin.o

.rel.fini
 *(.rel.fini)

.rela.fini
 *(.rela.fini)

.rel.rodata
 *(.rel.rodata .rel.rodata.* .rel.gnu.linkonce.r.*)

.rela.rodata
 *(.rela.rodata .rela.rodata.* .rela.gnu.linkonce.r.*)

.rel.data
 *(.rel.data .rel.data.* .rel.gnu.linkonce.d.*)

.rela.data
 *(.rela.data .rela.data.* .rela.gnu.linkonce.d.*)

.rel.tdata
 *(.rel.tdata .rel.tdata.* .rel.gnu.linkonce.td.*)

.rela.tdata
 *(.rela.tdata .rela.tdata.* .rela.gnu.linkonce.td.*)

.rel.tbss
 *(.rel.tbss .rel.tbss.* .rel.gnu.linkonce.tb.*)

.rela.tbss
 *(.rela.tbss .rela.tbss.* .rela.gnu.linkonce.tb.*)

.rel.ctors
 *(.rel.ctors)

.rela.ctors
 *(.rela.ctors)

.rel.dtors
 *(.rel.dtors)

.rela.dtors
 *(.rela.dtors)

.rel.got
 *(.rel.got)

.rela.got
 *(.rela.got)

.rela.got1
 *(.rela.got1)

.rela.got2      0x80004208        0x0
 *(.rela.got2)
 .rela.got2     0x00000000        0x0 c:/utils/devkitpro/devkitppc/bin/../lib/gcc/powerpc-gekko/4.2.4/crtbegin.o

.rel.sdata
 *(.rel.sdata .rel.sdata.* .rel.gnu.linkonce.s.*)

.rela.sdata
 *(.rela.sdata .rela.sdata.* .rela.gnu.linkonce.s.*)

.rel.sbss
 *(.rel.sbss .rel.sbss.* .rel.gnu.linkonce.sb.*)

.rela.sbss
 *(.rela.sbss .rela.sbss.* .rel.gnu.linkonce.sb.*)

.rel.sdata2
 *(.rel.sdata2 .rel.sdata2.* .rel.gnu.linkonce.s2.*)

.rela.sdata2    0x80004208        0x0
 *(.rela.sdata2 .rela.sdata2.* .rela.gnu.linkonce.s2.*)
 .rela.sdata2.__sys_inIPL
                0x00000000        0x0 c:/utils/devkitpro/devkitppc/bin/../lib/gcc/powerpc-gekko/4.2.4/crtbegin.o

.rel.sbss2
 *(.rel.sbss2 .rel.sbss2.* .rel.gnu.linkonce.sb2.*)

.rela.sbss2
 *(.rela.sbss2 .rela.sbss2.* .rela.gnu.linkonce.sb2.*)

.rel.bss
 *(.rel.bss .rel.bss.* .rel.gnu.linkonce.b.*)

.rela.bss
 *(.rela.bss .rela.bss.* .rela.gnu.linkonce.b.*)

.rel.plt
 *(.rel.plt)

.rela.plt
 *(.rela.plt)

.text           0x80004220    0x31d00
 *(.text)
 .text          0x80004220      0x140 c:/utils/devkitpro/devkitppc/bin/../lib/gcc/powerpc-gekko/4.2.4/crtbegin.o
 .text          0x80004360       0x48 c:/utils/devkitpro/devkitppc/bin/../lib/gcc/powerpc-gekko/4.2.4/../../../../powerpc-gekko/lib/crtmain.o
                0x80004364                __crtmain
 .text          0x800043a8      0x248 test.o
                0x800043a8                main
 *fill*         0x800045f0       0x10 00000000
 .text          0x80004600      0x4ec c:/Utils/devkitPro/libogc/lib/wii\libogc.a(lwp_handler.o)
                0x80004740                _cpu_context_restore_fp
                0x80004a00                _cpu_context_save
                0x80004600                _cpu_context_save_fp
                0x80004880                _cpu_context_switch
                0x80004a80                _cpu_context_restore
 .text          0x80004aec      0x5c4 c:/Utils/devkitPro/libogc/lib/wii\libogc.a(system_asm.o)
                0x80004b84                __configMEM1_48Mb
                0x80005010                __reset
                0x80004aec                __realmode
                0x80004ef4                __CacheInit
                0x80004ce4                __configMEM2_64Mb
                0x80004f58                __SystemInit
                0x80004e40                __configMEM2_128Mb
                0x80004b04                __configMEM1_24Mb
                0x80004ebc                __PSInit
                0x80004c04                __configMEM2_56Mb
                0x80004d60                __configMEM2_112Mb
                0x80004fdc                __flush_cache
                0x80005080                SYS_SwitchFiber
 .text          0x800050b0      0x1b0 c:/Utils/devkitPro/libogc/lib/wii\libogc.a(irq_handler.o)
                0x800050b0                irq_exceptionhandler
 .text          0x80005260      0x4d8 c:/Utils/devkitPro/libogc/lib/wii\libogc.a(cache_asm.o)
                0x8000553c                L2Disable
                0x800052c4                DCBlockZero
                0x8000537c                DCFlushRangeNoSync
                0x800054d0                ICBlockInvalidate
                0x80005260                DCFlashInvalidate
                0x800052cc                DCBlockStore
                0x800053dc                DCZeroRange
                0x800056f0                LCLoadBlocks
                0x800052bc                DCTouchLoad
                0x800056b0                LCAllocTags
                0x80005498                ICDisable
                0x80005484                ICEnable
                0x80005554                L2GlobalInvalidate
                0x80005714                LCStoreBlocks
                0x80005474                ICFlashInvalidate
                0x8000540c                DCTouchRange
                0x800053ac                DCStoreRangeNoSync
                0x800054ac                ICFreeze
                0x80005284                DCDisable
                0x800052d4                DCBlockFlush
                0x80005270                DCEnable
                0x80005528                L2Enable
                0x800055ac                __LCEnable
                0x800052e4                DCInvalidateRange
                0x8000569c                LCAllocOneTag
                0x800052ac                DCUnfreeze
                0x8000543c                ICInvalidateRange
                0x80005314                DCFlushRange
                0x800054d8                ICSync
                0x800052dc                DCBlockInvalidate
                0x80005298                DCFreeze
                0x800054e0                L2Init
                0x800054c0                ICUnfreeze
                0x80005348                DCStoreRange
                0x80005674                LCDisable
 .text          0x80005738      0x1b0 c:/Utils/devkitPro/libogc/lib/wii\libogc.a(decrementer_handler.o)
                0x80005738                dec_exceptionhandler
 .text          0x800058e8      0x34c c:/Utils/devkitPro/libogc/lib/wii\libogc.a(exception_handler.o)
                0x800058e8                exceptionhandler_start
                0x8000599c                default_exceptionhandler
                0x80005c30                systemcallhandler_end
                0x80005c14                systemcallhandler_start
                0x80005998                exceptionhandler_end
                0x80005964                exceptionhandler_patch
                0x80005adc                fpu_exceptionhandler
 .text          0x80005c34       0x34 c:/utils/devkitpro/devkitppc/bin/../lib/gcc/powerpc-gekko/4.2.4/../../../../powerpc-gekko/lib\libm.a(lib_a-s_atan2.o)
                0x80005c34                atan2
 .text          0x80005c68      0x284 c:/utils/devkitpro/devkitppc/bin/../lib/gcc/powerpc-gekko/4.2.4/../../../../powerpc-gekko/lib\libm.a(lib_a-s_atangent.o)
                0x80005c68                atangent
 .text          0x80005eec       0x24 c:/utils/devkitpro/devkitppc/bin/../lib/gcc/powerpc-gekko/4.2.4/../../../../powerpc-gekko/lib\libm.a(lib_a-s_cos.o)
                0x80005eec                cos
 .text          0x80005f10       0xb4 c:/utils/devkitpro/devkitppc/bin/../lib/gcc/powerpc-gekko/4.2.4/../../../../powerpc-gekko/lib\libm.a(lib_a-s_fabs.o)
                0x80005f10                fabs
 .text          0x80005fc4       0xb4 c:/utils/devkitpro/devkitppc/bin/../lib/gcc/powerpc-gekko/4.2.4/../../../../powerpc-gekko/lib\libm.a(lib_a-s_frexp.o)
                0x80005fc4                frexp
 .text          0x80006078       0x50 c:/utils/devkitpro/devkitppc/bin/../lib/gcc/powerpc-gekko/4.2.4/../../../../powerpc-gekko/lib\libm.a(lib_a-s_numtest.o)
                0x80006078                numtest
 .text          0x800060c8       0x24 c:/utils/devkitpro/devkitppc/bin/../lib/gcc/powerpc-gekko/4.2.4/../../../../powerpc-gekko/lib\libm.a(lib_a-s_sin.o)
                0x800060c8                sin
 .text          0x800060ec      0x2c4 c:/utils/devkitpro/devkitppc/bin/../lib/gcc/powerpc-gekko/4.2.4/../../../../powerpc-gekko/lib\libm.a(lib_a-s_sine.o)
                0x800060ec                sine
 .text          0x800063b0      0x184 c:/utils/devkitpro/devkitppc/bin/../lib/gcc/powerpc-gekko/4.2.4/../../../../powerpc-gekko/lib\libm.a(lib_a-s_sqrt.o)
                0x800063b0                sqrt
 .text          0x80006534       0xc8 c:/utils/devkitpro/devkitppc/bin/../lib/gcc/powerpc-gekko/4.2.4/../../../../powerpc-gekko/lib\libm.a(lib_a-sf_atan.o)
                0x80006534                atanf
 .text          0x800065fc       0x38 c:/utils/devkitpro/devkitppc/bin/../lib/gcc/powerpc-gekko/4.2.4/../../../../powerpc-gekko/lib\libm.a(lib_a-sf_atan2.o)
                0x800065fc                atan2f
 .text          0x80006634      0x250 c:/utils/devkitpro/devkitppc/bin/../lib/gcc/powerpc-gekko/4.2.4/../../../../powerpc-gekko/lib\libm.a(lib_a-sf_atangent.o)
                0x80006634                atangentf
 .text          0x80006884       0x24 c:/utils/devkitpro/devkitppc/bin/../lib/gcc/powerpc-gekko/4.2.4/../../../../powerpc-gekko/lib\libm.a(lib_a-sf_cos.o)
                0x80006884                cosf
 .text          0x800068a8       0xb4 c:/utils/devkitpro/devkitppc/bin/../lib/gcc/powerpc-gekko/4.2.4/../../../../powerpc-gekko/lib\libm.a(lib_a-sf_fabs.o)
                0x800068a8                fabsf
 .text          0x8000695c       0xa8 c:/utils/devkitpro/devkitppc/bin/../lib/gcc/powerpc-gekko/4.2.4/../../../../powerpc-gekko/lib\libm.a(lib_a-sf_fpclassify.o)
                0x8000695c                __fpclassifyf
 .text          0x80006a04       0x90 c:/utils/devkitpro/devkitppc/bin/../lib/gcc/powerpc-gekko/4.2.4/../../../../powerpc-gekko/lib\libm.a(lib_a-sf_frexp.o)
                0x80006a04                frexpf
 .text          0x80006a94       0x24 c:/utils/devkitpro/devkitppc/bin/../lib/gcc/powerpc-gekko/4.2.4/../../../../powerpc-gekko/lib\libm.a(lib_a-sf_isinff.o)
                0x80006a94                __isinff
 .text          0x80006ab8       0x28 c:/utils/devkitpro/devkitppc/bin/../lib/gcc/powerpc-gekko/4.2.4/../../../../powerpc-gekko/lib\libm.a(lib_a-sf_isnanf.o)
                0x80006ab8                __isnanf
 .text          0x80006ae0       0x48 c:/utils/devkitpro/devkitppc/bin/../lib/gcc/powerpc-gekko/4.2.4/../../../../powerpc-gekko/lib\libm.a(lib_a-sf_numtest.o)
                0x80006ae0                numtestf
 .text          0x80006b28       0x24 c:/utils/devkitpro/devkitppc/bin/../lib/gcc/powerpc-gekko/4.2.4/../../../../powerpc-gekko/lib\libm.a(lib_a-sf_sin.o)
                0x80006b28                sinf
 .text          0x80006b4c      0x2b8 c:/utils/devkitpro/devkitppc/bin/../lib/gcc/powerpc-gekko/4.2.4/../../../../powerpc-gekko/lib\libm.a(lib_a-sf_sine.o)
                0x80006b4c                sinef
 .text          0x80006e04      0x190 c:/utils/devkitpro/devkitppc/bin/../lib/gcc/powerpc-gekko/4.2.4/../../../../powerpc-gekko/lib\libm.a(lib_a-sf_sqrt.o)
                0x80006e04                sqrtf
 .text          0x80006f94       0x1c c:/utils/devkitpro/devkitppc/bin/../lib/gcc/powerpc-gekko/4.2.4/../../../../powerpc-gekko/lib\libm.a(lib_a-s_ispos.o)
                0x80006f94                ispos
 .text          0x80006fb0      0x154 c:/utils/devkitpro/devkitppc/bin/../lib/gcc/powerpc-gekko/4.2.4/../../../../powerpc-gekko/lib\libm.a(lib_a-s_ldexp.o)
                0x80006fb0                ldexp
 .text          0x80007104       0x1c c:/utils/devkitpro/devkitppc/bin/../lib/gcc/powerpc-gekko/4.2.4/../../../../powerpc-gekko/lib\libm.a(lib_a-sf_ispos.o)
                0x80007104                isposf
 .text          0x80007120      0x14c c:/utils/devkitpro/devkitppc/bin/../lib/gcc/powerpc-gekko/4.2.4/../../../../powerpc-gekko/lib\libm.a(lib_a-sf_ldexp.o)
                0x80007120                ldexpf
 .text          0x8000726c      0x408 c:/utils/devkitpro/devkitppc/bin/../lib/gcc/powerpc-gekko/4.2.4\libgcc.a(_udivdi3.o)
                0x8000726c                __udivdi3
 .text          0x80007674       0x28 c:/utils/devkitpro/devkitppc/bin/../lib/gcc/powerpc-gekko/4.2.4/../../../../powerpc-gekko/lib\libsysbase.a(abort.o)
                0x80007674                abort
 .text          0x8000769c      0x2c4 c:/utils/devkitpro/devkitppc/bin/../lib/gcc/powerpc-gekko/4.2.4/../../../../powerpc-gekko/lib\libsysbase.a(iosupport.o)
                0x80007910                RemoveDevice
                0x8000769c                setDefaultDevice
                0x800076b4                AddDevice
                0x800078cc                GetDeviceOpTab
                0x800077dc                FindDevice
 .text          0x80007960       0x28 c:/utils/devkitpro/devkitppc/bin/../lib/gcc/powerpc-gekko/4.2.4/../../../../powerpc-gekko/lib\libsysbase.a(_exit.o)
                0x80007960                _exit
 .text          0x80007988       0x9c c:/utils/devkitpro/devkitppc/bin/../lib/gcc/powerpc-gekko/4.2.4/../../../../powerpc-gekko/lib\libsysbase.a(build_argv.o)
                0x80007988                build_argv
 .text          0x80007a24      0x168 c:/utils/devkitpro/devkitppc/bin/../lib/gcc/powerpc-gekko/4.2.4/../../../../powerpc-gekko/lib\libsysbase.a(syscall_support.o)
                0x80007b58                __malloc_unlock
                0x80007aa4                __libc_lock_release
                0x80007a24                __libc_lock_init
                0x80007b24                __malloc_lock
                0x80007a64                __libc_lock_close
                0x80007ae4                __libc_lock_acquire
 .text          0x80007b8c       0x34 c:/utils/devkitpro/devkitppc/bin/../lib/gcc/powerpc-gekko/4.2.4/../../../../powerpc-gekko/lib\libc.a(lib_a-calloc.o)
                0x80007b8c                calloc
 .text          0x80007bc0       0xd0 c:/utils/devkitpro/devkitppc/bin/../lib/gcc/powerpc-gekko/4.2.4/../../../../powerpc-gekko/lib\libc.a(lib_a-callocr.o)
                0x80007bc0                _calloc_r
 .text          0x80007c90        0xc c:/utils/devkitpro/devkitppc/bin/../lib/gcc/powerpc-gekko/4.2.4/../../../../powerpc-gekko/lib\libc.a(lib_a-errno.o)
                0x80007c90                __errno
 .text          0x80007c9c       0x40 c:/utils/devkitpro/devkitppc/bin/../lib/gcc/powerpc-gekko/4.2.4/../../../../powerpc-gekko/lib\libc.a(lib_a-exit.o)
                0x80007c9c                exit
 .text          0x80007cdc      0x110 c:/utils/devkitpro/devkitppc/bin/../lib/gcc/powerpc-gekko/4.2.4/../../../../powerpc-gekko/lib\libc.a(lib_a-fprintf.o)
                0x80007cdc                fprintf
                0x80007d70                _fprintf_r
 .text          0x80007dec      0x3f8 c:/utils/devkitpro/devkitppc/bin/../lib/gcc/powerpc-gekko/4.2.4/../../../../powerpc-gekko/lib\libc.a(lib_a-freer.o)
                0x80007f08                _free_r
                0x80007dec                _malloc_trim_r
 .text          0x800081e4      0x1a4 c:/utils/devkitpro/devkitppc/bin/../lib/gcc/powerpc-gekko/4.2.4/../../../../powerpc-gekko/lib\libc.a(lib_a-fwrite.o)
                0x800081e4                _fwrite_r
                0x80008360                fwrite
 .text          0x80008388       0x34 c:/utils/devkitpro/devkitppc/bin/../lib/gcc/powerpc-gekko/4.2.4/../../../../powerpc-gekko/lib\libc.a(lib_a-malign.o)
                0x80008388                memalign
 .text          0x800083bc      0x1b0 c:/utils/devkitpro/devkitppc/bin/../lib/gcc/powerpc-gekko/4.2.4/../../../../powerpc-gekko/lib\libc.a(lib_a-malignr.o)
                0x800083bc                _memalign_r
 .text          0x8000856c       0x58 c:/utils/devkitpro/devkitppc/bin/../lib/gcc/powerpc-gekko/4.2.4/../../../../powerpc-gekko/lib\libc.a(lib_a-malloc.o)
                0x80008598                malloc
                0x8000856c                free
 .text          0x800085c4      0x86c c:/utils/devkitpro/devkitppc/bin/../lib/gcc/powerpc-gekko/4.2.4/../../../../powerpc-gekko/lib\libc.a(lib_a-mallocr.o)
                0x800085c4                _malloc_r
 .text          0x80008e30       0x8c c:/utils/devkitpro/devkitppc/bin/../lib/gcc/powerpc-gekko/4.2.4/../../../../powerpc-gekko/lib\libc.a(lib_a-memcmp.o)
                0x80008e30                memcmp
 .text          0x80008ebc       0xc8 c:/utils/devkitpro/devkitppc/bin/../lib/gcc/powerpc-gekko/4.2.4/../../../../powerpc-gekko/lib\libc.a(lib_a-memcpy.o)
                0x80008ebc                memcpy
 .text          0x80008f84      0x104 c:/utils/devkitpro/devkitppc/bin/../lib/gcc/powerpc-gekko/4.2.4/../../../../powerpc-gekko/lib\libc.a(lib_a-memmove.o)
                0x80008f84                memmove
 .text          0x80009088       0xe4 c:/utils/devkitpro/devkitppc/bin/../lib/gcc/powerpc-gekko/4.2.4/../../../../powerpc-gekko/lib\libc.a(lib_a-memset.o)
                0x80009088                memset
 .text          0x8000916c      0x124 c:/utils/devkitpro/devkitppc/bin/../lib/gcc/powerpc-gekko/4.2.4/../../../../powerpc-gekko/lib\libc.a(lib_a-printf.o)
                0x8000916c                printf
                0x80009204                _printf_r
 .text          0x80009290       0xd0 c:/utils/devkitpro/devkitppc/bin/../lib/gcc/powerpc-gekko/4.2.4/../../../../powerpc-gekko/lib\libc.a(lib_a-puts.o)
                0x80009290                _puts_r
                0x80009350                puts
 .text          0x80009360      0x248 c:/utils/devkitpro/devkitppc/bin/../lib/gcc/powerpc-gekko/4.2.4/../../../../powerpc-gekko/lib\libc.a(lib_a-reent.o)
                0x80009420                cleanup_glue
                0x80009470                _reclaim_reent
                0x80009360                _wrapup_reent
 .text          0x800095a8      0x2cc c:/utils/devkitpro/devkitppc/bin/../lib/gcc/powerpc-gekko/4.2.4/../../../../powerpc-gekko/lib\libc.a(lib_a-setvbuf.o)
                0x800095a8                setvbuf
 .text          0x80009874      0x230 c:/utils/devkitpro/devkitppc/bin/../lib/gcc/powerpc-gekko/4.2.4/../../../../powerpc-gekko/lib\libc.a(lib_a-snprintf.o)
                0x80009874                snprintf
                0x8000998c                _snprintf_r
 .text          0x80009aa4      0x188 c:/utils/devkitpro/devkitppc/bin/../lib/gcc/powerpc-gekko/4.2.4/../../../../powerpc-gekko/lib\libc.a(lib_a-strchr.o)
                0x80009aa4                strchr
 .text          0x80009c2c       0xc0 c:/utils/devkitpro/devkitppc/bin/../lib/gcc/powerpc-gekko/4.2.4/../../../../powerpc-gekko/lib\libc.a(lib_a-strcmp.o)
                0x80009c2c                strcmp
 .text          0x80009cec       0x74 c:/utils/devkitpro/devkitppc/bin/../lib/gcc/powerpc-gekko/4.2.4/../../../../powerpc-gekko/lib\libc.a(lib_a-strcpy.o)
                0x80009cec                strcpy
 .text          0x80009d60       0xa4 c:/utils/devkitpro/devkitppc/bin/../lib/gcc/powerpc-gekko/4.2.4/../../../../powerpc-gekko/lib\libc.a(lib_a-strlen.o)
                0x80009d60                strlen
 .text          0x80009e04      0x144 c:/utils/devkitpro/devkitppc/bin/../lib/gcc/powerpc-gekko/4.2.4/../../../../powerpc-gekko/lib\libc.a(lib_a-strncmp.o)
                0x80009e04                strncmp
 .text          0x80009f48       0x44 c:/utils/devkitpro/devkitppc/bin/../lib/gcc/powerpc-gekko/4.2.4/../../../../powerpc-gekko/lib\libc.a(lib_a-strnlen.o)
                0x80009f48                strnlen
 .text          0x80009f8c      0x1f4 c:/utils/devkitpro/devkitppc/bin/../lib/gcc/powerpc-gekko/4.2.4/../../../../powerpc-gekko/lib\libc.a(lib_a-strtoul.o)
                0x8000a160                strtoul
                0x80009f8c                _strtoul_r
 .text          0x8000a180      0x290 c:/utils/devkitpro/devkitppc/bin/../lib/gcc/powerpc-gekko/4.2.4/../../../../powerpc-gekko/lib\libc.a(lib_a-strtoull_r.o)
                0x8000a180                _strtoull_r
 .text          0x8000a410     0x23c8 c:/utils/devkitpro/devkitppc/bin/../lib/gcc/powerpc-gekko/4.2.4/../../../../powerpc-gekko/lib\libc.a(lib_a-svfprintf.o)
                0x8000a628                _svfprintf_r
 .text          0x8000c7d8       0x3c c:/utils/devkitpro/devkitppc/bin/../lib/gcc/powerpc-gekko/4.2.4/../../../../powerpc-gekko/lib\libc.a(lib_a-syswrite.o)
                0x8000c7d8                write
 .text          0x8000c814     0x2360 c:/utils/devkitpro/devkitppc/bin/../lib/gcc/powerpc-gekko/4.2.4/../../../../powerpc-gekko/lib\libc.a(lib_a-vfprintf.o)
                0x8000c874                _vfprintf_r
                0x8000eb54                vfprintf
 .text          0x8000eb74       0xa4 c:/utils/devkitpro/devkitppc/bin/../lib/gcc/powerpc-gekko/4.2.4/../../../../powerpc-gekko/lib\libc.a(lib_a-wcrtomb.o)
                0x8000eb74                _wcrtomb_r
                0x8000ebf8                wcrtomb
 .text          0x8000ec18      0x1d4 c:/utils/devkitpro/devkitppc/bin/../lib/gcc/powerpc-gekko/4.2.4/../../../../powerpc-gekko/lib\libc.a(lib_a-wcsrtombs.o)
                0x8000ec18                _wcsrtombs_r
                0x8000edc4                wcsrtombs
 .text          0x8000edec      0x464 c:/utils/devkitpro/devkitppc/bin/../lib/gcc/powerpc-gekko/4.2.4/../../../../powerpc-gekko/lib\libc.a(lib_a-wctomb_r.o)
                0x8000edec                _wctomb_r
 .text          0x8000f250      0x178 c:/utils/devkitpro/devkitppc/bin/../lib/gcc/powerpc-gekko/4.2.4/../../../../powerpc-gekko/lib\libc.a(lib_a-wsetup.o)
                0x8000f250                __swsetup_r
 .text          0x8000f3c8      0x1ac c:/utils/devkitpro/devkitppc/bin/../lib/gcc/powerpc-gekko/4.2.4/../../../../powerpc-gekko/lib\libc.a(lib_a-__call_atexit.o)
                0x8000f3c8                __call_exitprocs
 .text          0x8000f574     0x13a0 c:/utils/devkitpro/devkitppc/bin/../lib/gcc/powerpc-gekko/4.2.4/../../../../powerpc-gekko/lib\libc.a(lib_a-dtoa.o)
                0x8000f7c0                _dtoa_r
 .text          0x80010914      0x370 c:/utils/devkitpro/devkitppc/bin/../lib/gcc/powerpc-gekko/4.2.4/../../../../powerpc-gekko/lib\libc.a(lib_a-fflush.o)
                0x80010c34                fflush
                0x80010914                _fflush_r
 .text          0x80010c84      0x4e0 c:/utils/devkitpro/devkitppc/bin/../lib/gcc/powerpc-gekko/4.2.4/../../../../powerpc-gekko/lib\libc.a(lib_a-findfp.o)
                0x80010f14                __sinit
                0x80010fb0                __sfmoreglue
                0x80010cac                _cleanup
                0x80010c84                _cleanup_r
                0x80010e40                __fp_lock_all
                0x80010df0                __sfp_lock_acquire
                0x80011028                __sfp
                0x80010d18                __sinit_lock_release
                0x80010d6c                __fp_unlock_all
                0x80010d40                __sfp_lock_release
                0x80010da4                __sinit_lock_acquire
 .text          0x80011164      0x528 c:/utils/devkitpro/devkitppc/bin/../lib/gcc/powerpc-gekko/4.2.4/../../../../powerpc-gekko/lib\libc.a(lib_a-fvwrite.o)
                0x80011164                __sfvwrite_r
 .text          0x8001168c      0x194 c:/utils/devkitpro/devkitppc/bin/../lib/gcc/powerpc-gekko/4.2.4/../../../../powerpc-gekko/lib\libc.a(lib_a-fwalk.o)
                0x8001175c                _fwalk
                0x8001168c                _fwalk_reent
 .text          0x80011820      0x4c4 c:/utils/devkitpro/devkitppc/bin/../lib/gcc/powerpc-gekko/4.2.4/../../../../powerpc-gekko/lib\libc.a(lib_a-locale.o)
                0x80011844                _setlocale_r
                0x80011820                __locale_charset
                0x8001182c                _localeconv_r
                0x80011ccc                setlocale
                0x80011838                localeconv
 .text          0x80011ce4      0x1c0 c:/utils/devkitpro/devkitppc/bin/../lib/gcc/powerpc-gekko/4.2.4/../../../../powerpc-gekko/lib\libc.a(lib_a-makebuf.o)
                0x80011ce4                __smakebuf_r
 .text          0x80011ea4      0x9a8 c:/utils/devkitpro/devkitppc/bin/../lib/gcc/powerpc-gekko/4.2.4/../../../../powerpc-gekko/lib\libc.a(lib_a-mbtowc_r.o)
                0x80011ea4                _mbtowc_r
 .text          0x8001284c       0xdc c:/utils/devkitpro/devkitppc/bin/../lib/gcc/powerpc-gekko/4.2.4/../../../../powerpc-gekko/lib\libc.a(lib_a-memchr.o)
                0x8001284c                memchr
 .text          0x80012928     0x1128 c:/utils/devkitpro/devkitppc/bin/../lib/gcc/powerpc-gekko/4.2.4/../../../../powerpc-gekko/lib\libc.a(lib_a-mprec.o)
                0x80012d90                _mprec_log10
                0x80012e34                __any_on
                0x80012ed4                _Balloc
                0x80012ccc                __ratio
                0x800136a8                __i2b
                0x80012b7c                __b2d
                0x80013928                __s2b
                0x80012a7c                __mcmp
                0x8001294c                __hi0bits
                0x800137fc                __pow5mult
                0x80013308                __lshift
                0x80013470                __multiply
                0x80012fa4                __d2b
                0x80012dcc                __copybits
                0x80012adc                __ulp
                0x8001314c                __mdiff
                0x800129b8                __lo0bits
                0x800136e4                __multadd
                0x80012928                _Bfree
 .text          0x80013a50      0x668 c:/utils/devkitpro/devkitppc/bin/../lib/gcc/powerpc-gekko/4.2.4/../../../../powerpc-gekko/lib\libc.a(lib_a-reallocr.o)
                0x80013a50                _realloc_r
 .text          0x800140b8       0x44 c:/utils/devkitpro/devkitppc/bin/../lib/gcc/powerpc-gekko/4.2.4/../../../../powerpc-gekko/lib\libc.a(lib_a-s_isinfd.o)
                0x800140b8                __isinfd
 .text          0x800140fc       0x38 c:/utils/devkitpro/devkitppc/bin/../lib/gcc/powerpc-gekko/4.2.4/../../../../powerpc-gekko/lib\libc.a(lib_a-s_isnand.o)
                0x800140fc                __isnand
 .text          0x80014134      0x184 c:/utils/devkitpro/devkitppc/bin/../lib/gcc/powerpc-gekko/4.2.4/../../../../powerpc-gekko/lib\libc.a(lib_a-stdio.o)
                0x80014158                __sseek
                0x80014254                __sread
                0x80014134                __sclose
                0x800141c8                __swrite
 .text          0x800142b8      0x188 c:/utils/devkitpro/devkitppc/bin/../lib/gcc/powerpc-gekko/4.2.4/../../../../powerpc-gekko/lib\libc.a(lib_a-fclose.o)
                0x800142b8                _fclose_r
                0x80014430                fclose
 .text          0x80014440       0xa0 c:/utils/devkitpro/devkitppc/bin/../lib/gcc/powerpc-gekko/4.2.4/../../../../powerpc-gekko/lib\libsysbase.a(close.o)
                0x80014440                _close_r
 .text          0x800144e0       0xc4 c:/utils/devkitpro/devkitppc/bin/../lib/gcc/powerpc-gekko/4.2.4/../../../../powerpc-gekko/lib\libsysbase.a(fstat.o)
                0x800144e0                _fstat_r
 .text          0x800145a4        0x8 c:/utils/devkitpro/devkitppc/bin/../lib/gcc/powerpc-gekko/4.2.4/../../../../powerpc-gekko/lib\libsysbase.a(isatty.o)
                0x800145a4                _isatty_r
 .text          0x800145ac       0xe8 c:/utils/devkitpro/devkitppc/bin/../lib/gcc/powerpc-gekko/4.2.4/../../../../powerpc-gekko/lib\libsysbase.a(lseek.o)
                0x800145ac                _lseek_r
 .text          0x80014694       0xcc c:/utils/devkitpro/devkitppc/bin/../lib/gcc/powerpc-gekko/4.2.4/../../../../powerpc-gekko/lib\libsysbase.a(read.o)
                0x80014694                _read_r
 .text          0x80014760       0x50 c:/utils/devkitpro/devkitppc/bin/../lib/gcc/powerpc-gekko/4.2.4/../../../../powerpc-gekko/lib\libsysbase.a(sbrk.o)
                0x80014760                _sbrk_r
 .text          0x800147b0       0xcc c:/utils/devkitpro/devkitppc/bin/../lib/gcc/powerpc-gekko/4.2.4/../../../../powerpc-gekko/lib\libsysbase.a(write.o)
                0x800147b0                _write_r
 .text          0x8001487c       0x6c c:/utils/devkitpro/devkitppc/bin/../lib/gcc/powerpc-gekko/4.2.4/../../../../powerpc-gekko/lib\libsysbase.a(flock.o)
                0x800148a0                __flockfile
                0x8001487c                __funlockfile
 .text          0x800148e8      0x120 c:/utils/devkitpro/devkitppc/bin/../lib/gcc/powerpc-gekko/4.2.4/../../../../powerpc-gekko/lib\libsysbase.a(handle_manager.o)
                0x800149ac                __release_handle
                0x80014914                __alloc_handle
                0x800148e8                __get_handle
 .text          0x80014a08      0x450 c:/utils/devkitpro/devkitppc/bin/../lib/gcc/powerpc-gekko/4.2.4\libgcc.a(_umoddi3.o)
                0x80014a08                __umoddi3
 .text          0x80014e58       0x6c c:/utils/devkitpro/devkitppc/bin/../lib/gcc/powerpc-gekko/4.2.4/crtend.o
 *(.text.*)
 .text.__wpad_assign_slot
                0x80014ec4      0x24c c:/Utils/devkitPro/libogc/lib/wii\libwiiuse.a(wpad.o)
                0x80014ec4                __wpad_assign_slot
 .text.__wpad_disconnectCB
                0x80015110      0x100 c:/Utils/devkitPro/libogc/lib/wii\libwiiuse.a(wpad.o)
                0x80015110                __wpad_disconnectCB
 .text.WPAD_ButtonsDown
                0x80015210       0x28 c:/Utils/devkitPro/libogc/lib/wii\libwiiuse.a(wpad.o)
                0x80015210                WPAD_ButtonsDown
 .text.__wpad_disconnect
                0x80015238       0x58 c:/Utils/devkitPro/libogc/lib/wii\libwiiuse.a(wpad.o)
 .text.WPAD_Shutdown
                0x80015290      0x100 c:/Utils/devkitPro/libogc/lib/wii\libwiiuse.a(wpad.o)
                0x80015290                WPAD_Shutdown
 .text.__wpad_onreset
                0x80015390       0x2c c:/Utils/devkitPro/libogc/lib/wii\libwiiuse.a(wpad.o)
 .text.__wpad_timeouthandler
                0x800153bc       0xb8 c:/Utils/devkitPro/libogc/lib/wii\libwiiuse.a(wpad.o)
 .text.__wpad_def_powcb
                0x80015474       0x20 c:/Utils/devkitPro/libogc/lib/wii\libwiiuse.a(wpad.o)
 .text.__wpad_setfmt
                0x80015494      0x110 c:/Utils/devkitPro/libogc/lib/wii\libwiiuse.a(wpad.o)
 .text.WPAD_ReadEvent
                0x800155a4      0x5a4 c:/Utils/devkitPro/libogc/lib/wii\libwiiuse.a(wpad.o)
                0x800155a4                WPAD_ReadEvent
 .text.WPAD_ReadPending
                0x80015b48      0x16c c:/Utils/devkitPro/libogc/lib/wii\libwiiuse.a(wpad.o)
                0x80015b48                WPAD_ReadPending
 .text.WPAD_ScanPads
                0x80015cb4        0xc c:/Utils/devkitPro/libogc/lib/wii\libwiiuse.a(wpad.o)
                0x80015cb4                WPAD_ScanPads
 .text.WPAD_Init
                0x80015cc0      0x20c c:/Utils/devkitPro/libogc/lib/wii\libwiiuse.a(wpad.o)
                0x80015cc0                WPAD_Init
 .text.__initcore_finished
                0x80015ecc       0x40 c:/Utils/devkitPro/libogc/lib/wii\libwiiuse.a(wpad.o)
 .text.__readlinkkey_finished
                0x80015f0c       0x38 c:/Utils/devkitPro/libogc/lib/wii\libwiiuse.a(wpad.o)
 .text.__wpad_patch_finished
                0x80015f44       0x2c c:/Utils/devkitPro/libogc/lib/wii\libwiiuse.a(wpad.o)
 .text.__wpad_init_finished
                0x80015f70      0x1d4 c:/Utils/devkitPro/libogc/lib/wii\libwiiuse.a(wpad.o)
 .text.__wpad_eventCB
                0x80016144      0x998 c:/Utils/devkitPro/libogc/lib/wii\libwiiuse.a(wpad.o)
 .text.calculate_gforce
                0x80016adc       0xfc c:/Utils/devkitPro/libogc/lib/wii\libwiiuse.a(dynamics.o)
                0x80016adc                calculate_gforce
 .text.calc_balanceboard_state
                0x80016bd8      0x380 c:/Utils/devkitPro/libogc/lib/wii\libwiiuse.a(dynamics.o)
                0x80016bd8                calc_balanceboard_state
 .text.apply_smoothing
                0x80016f58      0x184 c:/Utils/devkitPro/libogc/lib/wii\libwiiuse.a(dynamics.o)
                0x80016f58                apply_smoothing
 .text.calc_joystick_state
                0x800170dc      0x274 c:/Utils/devkitPro/libogc/lib/wii\libwiiuse.a(dynamics.o)
                0x800170dc                calc_joystick_state
 .text.calculate_orientation
                0x80017350      0x2ec c:/Utils/devkitPro/libogc/lib/wii\libwiiuse.a(dynamics.o)
                0x80017350                calculate_orientation
 .text.wiiuse_io_write
                0x8001763c       0x44 c:/Utils/devkitPro/libogc/lib/wii\libwiiuse.a(io_wii.o)
                0x8001763c                wiiuse_io_write
 .text.__wiiuse_disconnected
                0x80017680       0xb0 c:/Utils/devkitPro/libogc/lib/wii\libwiiuse.a(io_wii.o)
 .text.__wiiuse_sent
                0x80017730       0xc4 c:/Utils/devkitPro/libogc/lib/wii\libwiiuse.a(io_wii.o)
 .text.wiiuse_init_cmd_queue
                0x800177f4       0x4c c:/Utils/devkitPro/libogc/lib/wii\libwiiuse.a(io_wii.o)
                0x800177f4                wiiuse_init_cmd_queue
 .text.wiiuse_disconnect
                0x80017840       0x40 c:/Utils/devkitPro/libogc/lib/wii\libwiiuse.a(io_wii.o)
                0x80017840                wiiuse_disconnect
 .text.wiiuse_register
                0x80017880       0xe4 c:/Utils/devkitPro/libogc/lib/wii\libwiiuse.a(io_wii.o)
                0x80017880                wiiuse_register
 .text.__wiiuse_connected
                0x80017964       0x9c c:/Utils/devkitPro/libogc/lib/wii\libwiiuse.a(io_wii.o)
 .text.__wiiuse_receive
                0x80017a00       0xc8 c:/Utils/devkitPro/libogc/lib/wii\libwiiuse.a(io_wii.o)
 .text.__wiiuse_sensorbar_enable
                0x80017ac8       0x50 c:/Utils/devkitPro/libogc/lib/wii\libwiiuse.a(io_wii.o)
                0x80017ac8                __wiiuse_sensorbar_enable
 .text.get_ir_sens
                0x80017b18       0xec c:/Utils/devkitPro/libogc/lib/wii\libwiiuse.a(ir.o)
 .text.wiiuse_set_ir_position
                0x80017c04       0x80 c:/Utils/devkitPro/libogc/lib/wii\libwiiuse.a(ir.o)
                0x80017c04                wiiuse_set_ir_position
 .text.wiiuse_set_aspect_ratio
                0x80017c84       0x44 c:/Utils/devkitPro/libogc/lib/wii\libwiiuse.a(ir.o)
                0x80017c84                wiiuse_set_aspect_ratio
 .text.calculate_basic_ir
                0x80017cc8       0xf4 c:/Utils/devkitPro/libogc/lib/wii\libwiiuse.a(ir.o)
                0x80017cc8                calculate_basic_ir
 .text.calculate_extended_ir
                0x80017dbc       0x70 c:/Utils/devkitPro/libogc/lib/wii\libwiiuse.a(ir.o)
                0x80017dbc                calculate_extended_ir
 .text.calc_yaw
                0x80017e2c       0x54 c:/Utils/devkitPro/libogc/lib/wii\libwiiuse.a(ir.o)
                0x80017e2c                calc_yaw
 .text.apply_ir_smoothing
                0x80017e80       0xf4 c:/Utils/devkitPro/libogc/lib/wii\libwiiuse.a(ir.o)
                0x80017e80                apply_ir_smoothing
 .text.rotate_dots
                0x80017f74      0x120 c:/Utils/devkitPro/libogc/lib/wii\libwiiuse.a(ir.o)
 .text.find_sensorbar
                0x80018094      0x970 c:/Utils/devkitPro/libogc/lib/wii\libwiiuse.a(ir.o)
                0x80018094                find_sensorbar
 .text.interpret_ir_data
                0x80018a04      0x33c c:/Utils/devkitPro/libogc/lib/wii\libwiiuse.a(ir.o)
                0x80018a04                interpret_ir_data
 .text.wiiuse_set_ir_sensitivity
                0x80018d40      0x118 c:/Utils/devkitPro/libogc/lib/wii\libwiiuse.a(ir.o)
                0x80018d40                wiiuse_set_ir_sensitivity
 .text.wiiuse_set_ir_mode
                0x80018e58       0x6c c:/Utils/devkitPro/libogc/lib/wii\libwiiuse.a(ir.o)
                0x80018e58                wiiuse_set_ir_mode
 .text.wiiuse_set_ir
                0x80018ec4      0x21c c:/Utils/devkitPro/libogc/lib/wii\libwiiuse.a(ir.o)
                0x80018ec4                wiiuse_set_ir
 .text.wiiuse_set_flags
                0x800190e0       0x20 c:/Utils/devkitPro/libogc/lib/wii\libwiiuse.a(wiiuse.o)
                0x800190e0                wiiuse_set_flags
 .text.wiiuse_send_next_command
                0x80019100       0x6c c:/Utils/devkitPro/libogc/lib/wii\libwiiuse.a(wiiuse.o)
                0x80019100                wiiuse_send_next_command
 .text.wiiuse_write_data
                0x8001916c      0x184 c:/Utils/devkitPro/libogc/lib/wii\libwiiuse.a(wiiuse.o)
                0x8001916c                wiiuse_write_data
 .text.wiiuse_init
                0x800192f0      0x164 c:/Utils/devkitPro/libogc/lib/wii\libwiiuse.a(wiiuse.o)
                0x800192f0                wiiuse_init
 .text.wiiuse_sendcmd
                0x80019454      0x10c c:/Utils/devkitPro/libogc/lib/wii\libwiiuse.a(wiiuse.o)
                0x80019454                wiiuse_sendcmd
 .text.wiiuse_status
                0x80019560       0x5c c:/Utils/devkitPro/libogc/lib/wii\libwiiuse.a(wiiuse.o)
                0x80019560                wiiuse_status
 .text.wiiuse_motion_sensing
                0x800195bc       0x54 c:/Utils/devkitPro/libogc/lib/wii\libwiiuse.a(wiiuse.o)
                0x800195bc                wiiuse_motion_sensing
 .text.wiiuse_set_report_type
                0x80019610      0x100 c:/Utils/devkitPro/libogc/lib/wii\libwiiuse.a(wiiuse.o)
                0x80019610                wiiuse_set_report_type
 .text.wiiuse_set_leds
                0x80019710       0x60 c:/Utils/devkitPro/libogc/lib/wii\libwiiuse.a(wiiuse.o)
                0x80019710                wiiuse_set_leds
 .text.wiiuse_read_data
                0x80019770      0x144 c:/Utils/devkitPro/libogc/lib/wii\libwiiuse.a(wiiuse.o)
                0x80019770                wiiuse_read_data
 .text.wiiuse_pressed_buttons
                0x800198b4       0x2c c:/Utils/devkitPro/libogc/lib/wii\libwiiuse.a(events.o)
                0x800198b4                wiiuse_pressed_buttons
 .text.handle_expansion
                0x800198e0       0x94 c:/Utils/devkitPro/libogc/lib/wii\libwiiuse.a(events.o)
 .text.parse_event
                0x80019974      0x518 c:/Utils/devkitPro/libogc/lib/wii\libwiiuse.a(events.o)
                0x80019974                parse_event
 .text.guitar_hero_3_event
                0x80019e8c       0x50 c:/Utils/devkitPro/libogc/lib/wii\libwiiuse.a(guitar_hero_3.o)
                0x80019e8c                guitar_hero_3_event
 .text.guitar_hero_3_disconnected
                0x80019edc       0x28 c:/Utils/devkitPro/libogc/lib/wii\libwiiuse.a(guitar_hero_3.o)
                0x80019edc                guitar_hero_3_disconnected
 .text.guitar_hero_3_handshake
                0x80019f04       0xb4 c:/Utils/devkitPro/libogc/lib/wii\libwiiuse.a(guitar_hero_3.o)
                0x80019f04                guitar_hero_3_handshake
 .text.wiiuse_disable_expansion
                0x80019fb8      0x170 c:/Utils/devkitPro/libogc/lib/wii\libwiiuse.a(io.o)
                0x80019fb8                wiiuse_disable_expansion
 .text.wiiuse_handshake_expansion
                0x8001a128      0x238 c:/Utils/devkitPro/libogc/lib/wii\libwiiuse.a(io.o)
                0x8001a128                wiiuse_handshake_expansion
 .text.wiiuse_handshake_expansion_start
                0x8001a360       0x24 c:/Utils/devkitPro/libogc/lib/wii\libwiiuse.a(io.o)
                0x8001a360                wiiuse_handshake_expansion_start
 .text.wiiuse_handshake
                0x8001a384      0x164 c:/Utils/devkitPro/libogc/lib/wii\libwiiuse.a(io.o)
                0x8001a384                wiiuse_handshake
 .text.nunchuk_event
                0x8001a4e8       0x88 c:/Utils/devkitPro/libogc/lib/wii\libwiiuse.a(nunchuk.o)
                0x8001a4e8                nunchuk_event
 .text.nunchuk_disconnected
                0x8001a570       0x28 c:/Utils/devkitPro/libogc/lib/wii\libwiiuse.a(nunchuk.o)
                0x8001a570                nunchuk_disconnected
 .text.nunchuk_handshake
                0x8001a598      0x198 c:/Utils/devkitPro/libogc/lib/wii\libwiiuse.a(nunchuk.o)
                0x8001a598                nunchuk_handshake
 .text.wii_board_event
                0x8001a730       0x54 c:/Utils/devkitPro/libogc/lib/wii\libwiiuse.a(wiiboard.o)
                0x8001a730                wii_board_event
 .text.wii_board_disconnected
                0x8001a784       0x28 c:/Utils/devkitPro/libogc/lib/wii\libwiiuse.a(wiiboard.o)
                0x8001a784                wii_board_disconnected
 .text.wii_board_handshake
                0x8001a7ac      0x174 c:/Utils/devkitPro/libogc/lib/wii\libwiiuse.a(wiiboard.o)
                0x8001a7ac                wii_board_handshake
 .text.classic_ctrl_event
                0x8001a920       0xa4 c:/Utils/devkitPro/libogc/lib/wii\libwiiuse.a(classic.o)
                0x8001a920                classic_ctrl_event
 .text.classic_ctrl_disconnected
                0x8001a9c4       0x28 c:/Utils/devkitPro/libogc/lib/wii\libwiiuse.a(classic.o)
                0x8001a9c4                classic_ctrl_disconnected
 .text.classic_ctrl_handshake
                0x8001a9ec      0x128 c:/Utils/devkitPro/libogc/lib/wii\libwiiuse.a(classic.o)
                0x8001a9ec                classic_ctrl_handshake
 .text.bte_arg  0x8001ab14       0x38 c:/Utils/devkitPro/libogc/lib/wii\libbte.a(bte.o)
                0x8001ab14                bte_arg
 .text.bte_received
                0x8001ab4c       0x38 c:/Utils/devkitPro/libogc/lib/wii\libbte.a(bte.o)
                0x8001ab4c                bte_received
 .text.bte_disconnected
                0x8001ab84       0x38 c:/Utils/devkitPro/libogc/lib/wii\libbte.a(bte.o)
                0x8001ab84                bte_disconnected
 .text.acl_wlp_completed
                0x8001abbc        0x8 c:/Utils/devkitPro/libogc/lib/wii\libbte.a(bte.o)
                0x8001abbc                acl_wlp_completed
 .text.l2cap_accepted
                0x8001abc4      0x10c c:/Utils/devkitPro/libogc/lib/wii\libbte.a(bte.o)
                0x8001abc4                l2cap_accepted
 .text.l2cap_disconnected_ind
                0x8001acd0      0x174 c:/Utils/devkitPro/libogc/lib/wii\libbte.a(bte.o)
                0x8001acd0                l2cap_disconnected_ind
 .text.__bte_send_pending_request
                0x8001ae44       0xdc c:/Utils/devkitPro/libogc/lib/wii\libbte.a(bte.o)
 .text.bte_process_input
                0x8001af20      0x130 c:/Utils/devkitPro/libogc/lib/wii\libbte.a(bte.o)
 .text.__bte_send_request
                0x8001b050       0xa4 c:/Utils/devkitPro/libogc/lib/wii\libbte.a(bte.o)
 .text.bte_disconnect
                0x8001b0f4       0xb4 c:/Utils/devkitPro/libogc/lib/wii\libbte.a(bte.o)
                0x8001b0f4                bte_disconnect
 .text.acl_conn_complete
                0x8001b1a8       0x2c c:/Utils/devkitPro/libogc/lib/wii\libbte.a(bte.o)
                0x8001b1a8                acl_conn_complete
 .text.bte_sendmessageasync
                0x8001b1d4      0x138 c:/Utils/devkitPro/libogc/lib/wii\libbte.a(bte.o)
                0x8001b1d4                bte_sendmessageasync
 .text.bte_registerdeviceasync
                0x8001b30c      0x1c0 c:/Utils/devkitPro/libogc/lib/wii\libbte.a(bte.o)
                0x8001b30c                bte_registerdeviceasync
 .text.bte_new  0x8001b4cc       0x60 c:/Utils/devkitPro/libogc/lib/wii\libbte.a(bte.o)
                0x8001b4cc                bte_new
 .text.BTE_SetDisconnectCallback
                0x8001b52c       0x20 c:/Utils/devkitPro/libogc/lib/wii\libbte.a(bte.o)
                0x8001b52c                BTE_SetDisconnectCallback
 .text.BTE_InitSub
                0x8001b54c       0x94 c:/Utils/devkitPro/libogc/lib/wii\libbte.a(bte.o)
                0x8001b54c                BTE_InitSub
 .text.BTE_ApplyPatch
                0x8001b5e0       0xa8 c:/Utils/devkitPro/libogc/lib/wii\libbte.a(bte.o)
                0x8001b5e0                BTE_ApplyPatch
 .text.BTE_InitCore
                0x8001b688       0x90 c:/Utils/devkitPro/libogc/lib/wii\libbte.a(bte.o)
                0x8001b688                BTE_InitCore
 .text.BTE_ReadStoredLinkKey
                0x8001b718       0x94 c:/Utils/devkitPro/libogc/lib/wii\libbte.a(bte.o)
                0x8001b718                BTE_ReadStoredLinkKey
 .text.BTE_Shutdown
                0x8001b7ac      0x114 c:/Utils/devkitPro/libogc/lib/wii\libbte.a(bte.o)
                0x8001b7ac                BTE_Shutdown
 .text.__bte_shutdown_finished
                0x8001b8c0      0x118 c:/Utils/devkitPro/libogc/lib/wii\libbte.a(bte.o)
 .text.BTE_Init
                0x8001b9d8      0x134 c:/Utils/devkitPro/libogc/lib/wii\libbte.a(bte.o)
                0x8001b9d8                BTE_Init
 .text.bt_alarmhandler
                0x8001bb0c       0x60 c:/Utils/devkitPro/libogc/lib/wii\libbte.a(bte.o)
 .text.l2cap_disconnect_cfm
                0x8001bb6c      0x1ac c:/Utils/devkitPro/libogc/lib/wii\libbte.a(bte.o)
                0x8001bb6c                l2cap_disconnect_cfm
 .text.bte_hci_initsub_complete
                0x8001bd18      0x230 c:/Utils/devkitPro/libogc/lib/wii\libbte.a(bte.o)
                0x8001bd18                bte_hci_initsub_complete
 .text.bte_hci_patch_complete
                0x8001bf48      0x2b8 c:/Utils/devkitPro/libogc/lib/wii\libbte.a(bte.o)
                0x8001bf48                bte_hci_patch_complete
 .text.bte_hci_apply_patch_complete
                0x8001c200      0x15c c:/Utils/devkitPro/libogc/lib/wii\libbte.a(bte.o)
                0x8001c200                bte_hci_apply_patch_complete
 .text.bte_hci_initcore_complete
                0x8001c35c      0x208 c:/Utils/devkitPro/libogc/lib/wii\libbte.a(bte.o)
                0x8001c35c                bte_hci_initcore_complete
 .text.bte_hci_initcore_complete2
                0x8001c564      0x1e4 c:/Utils/devkitPro/libogc/lib/wii\libbte.a(bte.o)
                0x8001c564                bte_hci_initcore_complete2
 .text.bte_read_stored_link_key_complete
                0x8001c748      0x264 c:/Utils/devkitPro/libogc/lib/wii\libbte.a(bte.o)
                0x8001c748                bte_read_stored_link_key_complete
 .text.hci_get_link
                0x8001c9ac       0x88 c:/Utils/devkitPro/libogc/lib/wii\libbte.a(hci.o)
                0x8001c9ac                hci_get_link
 .text.hci_arg  0x8001ca34       0x10 c:/Utils/devkitPro/libogc/lib/wii\libbte.a(hci.o)
                0x8001ca34                hci_arg
 .text.hci_cmd_complete
                0x8001ca44       0x10 c:/Utils/devkitPro/libogc/lib/wii\libbte.a(hci.o)
                0x8001ca44                hci_cmd_complete
 .text.hci_connection_complete
                0x8001ca54       0x10 c:/Utils/devkitPro/libogc/lib/wii\libbte.a(hci.o)
                0x8001ca54                hci_connection_complete
 .text.hci_wlp_complete
                0x8001ca64       0x10 c:/Utils/devkitPro/libogc/lib/wii\libbte.a(hci.o)
                0x8001ca64                hci_wlp_complete
 .text.hci_cmd_ass
                0x8001ca74       0x4c c:/Utils/devkitPro/libogc/lib/wii\libbte.a(hci.o)
                0x8001ca74                hci_cmd_ass
 .text.lp_pdu_maxsize
                0x8001cac0       0x10 c:/Utils/devkitPro/libogc/lib/wii\libbte.a(hci.o)
                0x8001cac0                lp_pdu_maxsize
 .text.hci_host_num_comp_packets
                0x8001cad0       0xcc c:/Utils/devkitPro/libogc/lib/wii\libbte.a(hci.o)
                0x8001cad0                hci_host_num_comp_packets
 .text.hci_write_cod
                0x8001cb9c       0x8c c:/Utils/devkitPro/libogc/lib/wii\libbte.a(hci.o)
                0x8001cb9c                hci_write_cod
 .text.hci_disconnect
                0x8001cc28       0xb8 c:/Utils/devkitPro/libogc/lib/wii\libbte.a(hci.o)
                0x8001cc28                hci_disconnect
 .text.hci_pin_code_request_neg_reply
                0x8001cce0       0x8c c:/Utils/devkitPro/libogc/lib/wii\libbte.a(hci.o)
                0x8001cce0                hci_pin_code_request_neg_reply
 .text.hci_vendor_specific_command
                0x8001cd6c       0xb8 c:/Utils/devkitPro/libogc/lib/wii\libbte.a(hci.o)
                0x8001cd6c                hci_vendor_specific_command
 .text.hci_write_inquiry_scan_type
                0x8001ce24       0x80 c:/Utils/devkitPro/libogc/lib/wii\libbte.a(hci.o)
                0x8001ce24                hci_write_inquiry_scan_type
 .text.hci_write_page_scan_type
                0x8001cea4       0x80 c:/Utils/devkitPro/libogc/lib/wii\libbte.a(hci.o)
                0x8001cea4                hci_write_page_scan_type
 .text.hci_write_inquiry_mode
                0x8001cf24       0x80 c:/Utils/devkitPro/libogc/lib/wii\libbte.a(hci.o)
                0x8001cf24                hci_write_inquiry_mode
 .text.hci_write_pin_type
                0x8001cfa4       0x80 c:/Utils/devkitPro/libogc/lib/wii\libbte.a(hci.o)
                0x8001cfa4                hci_write_pin_type
 .text.hci_write_local_name
                0x8001d024       0x9c c:/Utils/devkitPro/libogc/lib/wii\libbte.a(hci.o)
                0x8001d024                hci_write_local_name
 .text.hci_accecpt_conn_request
                0x8001d0c0       0xa0 c:/Utils/devkitPro/libogc/lib/wii\libbte.a(hci.o)
                0x8001d0c0                hci_accecpt_conn_request
 .text.hci_write_scan_enable
                0x8001d160       0x80 c:/Utils/devkitPro/libogc/lib/wii\libbte.a(hci.o)
                0x8001d160                hci_write_scan_enable
 .text.hci_read_local_features
                0x8001d1e0       0x6c c:/Utils/devkitPro/libogc/lib/wii\libbte.a(hci.o)
                0x8001d1e0                hci_read_local_features
 .text.hci_read_local_version
                0x8001d24c       0x6c c:/Utils/devkitPro/libogc/lib/wii\libbte.a(hci.o)
                0x8001d24c                hci_read_local_version
 .text.hci_read_bd_addr
                0x8001d2b8       0x6c c:/Utils/devkitPro/libogc/lib/wii\libbte.a(hci.o)
                0x8001d2b8                hci_read_bd_addr
 .text.hci_read_buffer_size
                0x8001d324       0x6c c:/Utils/devkitPro/libogc/lib/wii\libbte.a(hci.o)
                0x8001d324                hci_read_buffer_size
 .text.hci_reset
                0x8001d390       0x6c c:/Utils/devkitPro/libogc/lib/wii\libbte.a(hci.o)
                0x8001d390                hci_reset
 .text.lp_acl_write
                0x8001d3fc      0x180 c:/Utils/devkitPro/libogc/lib/wii\libbte.a(hci.o)
                0x8001d3fc                lp_acl_write
 .text.hci_new  0x8001d57c       0x54 c:/Utils/devkitPro/libogc/lib/wii\libbte.a(hci.o)
                0x8001d57c                hci_new
 .text.hci_read_stored_link_key
                0x8001d5d0       0xd4 c:/Utils/devkitPro/libogc/lib/wii\libbte.a(hci.o)
                0x8001d5d0                hci_read_stored_link_key
 .text.hci_close
                0x8001d6a4       0xec c:/Utils/devkitPro/libogc/lib/wii\libbte.a(hci.o)
                0x8001d6a4                hci_close
 .text.hci_init
                0x8001d790       0xa0 c:/Utils/devkitPro/libogc/lib/wii\libbte.a(hci.o)
                0x8001d790                hci_init
 .text.hci_reset_all
                0x8001d830       0xd4 c:/Utils/devkitPro/libogc/lib/wii\libbte.a(hci.o)
                0x8001d830                hci_reset_all
 .text.hci_write_page_timeout
                0x8001d904       0x90 c:/Utils/devkitPro/libogc/lib/wii\libbte.a(hci.o)
                0x8001d904                hci_write_page_timeout
 .text.hci_acldata_handler
                0x8001d994      0x138 c:/Utils/devkitPro/libogc/lib/wii\libbte.a(hci.o)
                0x8001d994                hci_acldata_handler
 .text.hci_event_handler
                0x8001dacc      0xb98 c:/Utils/devkitPro/libogc/lib/wii\libbte.a(hci.o)
                0x8001dacc                hci_event_handler
 .text.lp_write_flush_timeout
                0x8001e664       0xc0 c:/Utils/devkitPro/libogc/lib/wii\libbte.a(hci.o)
                0x8001e664                lp_write_flush_timeout
 .text.hci_host_buffer_size
                0x8001e724       0xd0 c:/Utils/devkitPro/libogc/lib/wii\libbte.a(hci.o)
                0x8001e724                hci_host_buffer_size
 .text.hci_write_link_policy_settings
                0x8001e7f4       0xc0 c:/Utils/devkitPro/libogc/lib/wii\libbte.a(hci.o)
                0x8001e7f4                hci_write_link_policy_settings
 .text.l2cap_cid_alloc
                0x8001e8b4       0x60 c:/Utils/devkitPro/libogc/lib/wii\libbte.a(l2cap.o)
 .text.lp_connect_ind
                0x8001e914        0x4 c:/Utils/devkitPro/libogc/lib/wii\libbte.a(l2cap.o)
                0x8001e914                lp_connect_ind
 .text.l2cap_disconnect_bb
                0x8001e918       0x14 c:/Utils/devkitPro/libogc/lib/wii\libbte.a(l2cap.o)
                0x8001e918                l2cap_disconnect_bb
 .text.l2cap_next_sigid
                0x8001e92c       0x2c c:/Utils/devkitPro/libogc/lib/wii\libbte.a(l2cap.o)
                0x8001e92c                l2cap_next_sigid
 .text.l2cap_arg
                0x8001e958        0x8 c:/Utils/devkitPro/libogc/lib/wii\libbte.a(l2cap.o)
                0x8001e958                l2cap_arg
 .text.l2cap_disconnect_ind
                0x8001e960        0x8 c:/Utils/devkitPro/libogc/lib/wii\libbte.a(l2cap.o)
                0x8001e960                l2cap_disconnect_ind
 .text.l2cap_recv
                0x8001e968        0x8 c:/Utils/devkitPro/libogc/lib/wii\libbte.a(l2cap.o)
                0x8001e968                l2cap_recv
 .text.l2cap_connect_ind
                0x8001e970      0x108 c:/Utils/devkitPro/libogc/lib/wii\libbte.a(l2cap.o)
                0x8001e970                l2cap_connect_ind
 .text.l2cap_close
                0x8001ea78      0x1e8 c:/Utils/devkitPro/libogc/lib/wii\libbte.a(l2cap.o)
                0x8001ea78                l2cap_close
 .text.lp_disconnect_ind
                0x8001ec60      0x114 c:/Utils/devkitPro/libogc/lib/wii\libbte.a(l2cap.o)
                0x8001ec60                lp_disconnect_ind
 .text.l2cap_new
                0x8001ed74       0x80 c:/Utils/devkitPro/libogc/lib/wii\libbte.a(l2cap.o)
                0x8001ed74                l2cap_new
 .text.l2cap_write
                0x8001edf4      0x1a4 c:/Utils/devkitPro/libogc/lib/wii\libbte.a(l2cap.o)
                0x8001edf4                l2cap_write
 .text.l2cap_rexmit_signal
                0x8001ef98       0x2c c:/Utils/devkitPro/libogc/lib/wii\libbte.a(l2cap.o)
                0x8001ef98                l2cap_rexmit_signal
 .text.l2cap_signal
                0x8001efc4      0x1e0 c:/Utils/devkitPro/libogc/lib/wii\libbte.a(l2cap.o)
                0x8001efc4                l2cap_signal
 .text.l2ca_disconnect_req
                0x8001f1a4       0xc0 c:/Utils/devkitPro/libogc/lib/wii\libbte.a(l2cap.o)
                0x8001f1a4                l2ca_disconnect_req
 .text.l2cap_tmr
                0x8001f264      0x244 c:/Utils/devkitPro/libogc/lib/wii\libbte.a(l2cap.o)
                0x8001f264                l2cap_tmr
 .text.l2ca_config_req
                0x8001f4a8      0x154 c:/Utils/devkitPro/libogc/lib/wii\libbte.a(l2cap.o)
                0x8001f4a8                l2ca_config_req
 .text.l2cap_process_sig
                0x8001f5fc     0x1238 c:/Utils/devkitPro/libogc/lib/wii\libbte.a(l2cap.o)
                0x8001f5fc                l2cap_process_sig
 .text.l2cap_init
                0x80020834       0x88 c:/Utils/devkitPro/libogc/lib/wii\libbte.a(l2cap.o)
                0x80020834                l2cap_init
 .text.l2cap_reset_all
                0x800208bc      0x154 c:/Utils/devkitPro/libogc/lib/wii\libbte.a(l2cap.o)
                0x800208bc                l2cap_reset_all
 .text.lp_connect_cfm
                0x80020a10      0x14c c:/Utils/devkitPro/libogc/lib/wii\libbte.a(l2cap.o)
                0x80020a10                lp_connect_cfm
 .text.l2ca_datawrite
                0x80020b5c      0x114 c:/Utils/devkitPro/libogc/lib/wii\libbte.a(l2cap.o)
                0x80020b5c                l2ca_datawrite
 .text.l2cap_input
                0x80020c70      0x5d0 c:/Utils/devkitPro/libogc/lib/wii\libbte.a(l2cap.o)
                0x80020c70                l2cap_input
 .text.btmemb_alloc
                0x80021240       0xc0 c:/Utils/devkitPro/libogc/lib/wii\libbte.a(btmemb.o)
                0x80021240                btmemb_alloc
 .text.btmemb_free
                0x80021300       0xbc c:/Utils/devkitPro/libogc/lib/wii\libbte.a(btmemb.o)
                0x80021300                btmemb_free
 .text.btmemb_init
                0x800213bc       0x40 c:/Utils/devkitPro/libogc/lib/wii\libbte.a(btmemb.o)
                0x800213bc                btmemb_init
 .text.plug_holes
                0x800213fc       0xcc c:/Utils/devkitPro/libogc/lib/wii\libbte.a(btmemr.o)
 .text.btmemr_malloc
                0x800214c8      0x190 c:/Utils/devkitPro/libogc/lib/wii\libbte.a(btmemr.o)
                0x800214c8                btmemr_malloc
 .text.btmemr_free
                0x80021658       0xa4 c:/Utils/devkitPro/libogc/lib/wii\libbte.a(btmemr.o)
                0x80021658                btmemr_free
 .text.btmemr_realloc
                0x800216fc      0x118 c:/Utils/devkitPro/libogc/lib/wii\libbte.a(btmemr.o)
                0x800216fc                btmemr_realloc
 .text.btmemr_init
                0x80021814       0xa8 c:/Utils/devkitPro/libogc/lib/wii\libbte.a(btmemr.o)
                0x80021814                btmemr_init
 .text.btpbuf_header
                0x800218bc       0xa8 c:/Utils/devkitPro/libogc/lib/wii\libbte.a(btpbuf.o)
                0x800218bc                btpbuf_header
 .text.btpbuf_ref
                0x80021964       0x48 c:/Utils/devkitPro/libogc/lib/wii\libbte.a(btpbuf.o)
                0x80021964                btpbuf_ref
 .text.btpbuf_cat
                0x800219ac       0x5c c:/Utils/devkitPro/libogc/lib/wii\libbte.a(btpbuf.o)
                0x800219ac                btpbuf_cat
 .text.btpbuf_chain
                0x80021a08       0x30 c:/Utils/devkitPro/libogc/lib/wii\libbte.a(btpbuf.o)
                0x80021a08                btpbuf_chain
 .text.btpbuf_free
                0x80021a38      0x110 c:/Utils/devkitPro/libogc/lib/wii\libbte.a(btpbuf.o)
                0x80021a38                btpbuf_free
 .text.btpbuf_dechain
                0x80021b48       0x7c c:/Utils/devkitPro/libogc/lib/wii\libbte.a(btpbuf.o)
                0x80021b48                btpbuf_dechain
 .text.btpbuf_realloc
                0x80021bc4       0xc0 c:/Utils/devkitPro/libogc/lib/wii\libbte.a(btpbuf.o)
                0x80021bc4                btpbuf_realloc
 .text.btpbuf_alloc
                0x80021c84      0x244 c:/Utils/devkitPro/libogc/lib/wii\libbte.a(btpbuf.o)
                0x80021c84                btpbuf_alloc
 .text.btpbuf_take
                0x80021ec8      0x124 c:/Utils/devkitPro/libogc/lib/wii\libbte.a(btpbuf.o)
                0x80021ec8                btpbuf_take
 .text.btpbuf_init
                0x80021fec       0x34 c:/Utils/devkitPro/libogc/lib/wii\libbte.a(btpbuf.o)
                0x80021fec                btpbuf_init
 .text.__usb_closeCB
                0x80022020       0x10 c:/Utils/devkitPro/libogc/lib/wii\libbte.a(physbusif.o)
 .text.physbusif_close
                0x80022030       0x2c c:/Utils/devkitPro/libogc/lib/wii\libbte.a(physbusif.o)
                0x80022030                physbusif_close
 .text.physbusif_reset_all
                0x8002205c        0x4 c:/Utils/devkitPro/libogc/lib/wii\libbte.a(physbusif.o)
                0x8002205c                physbusif_reset_all
 .text.physbusif_output
                0x80022060      0x18c c:/Utils/devkitPro/libogc/lib/wii\libbte.a(physbusif.o)
                0x80022060                physbusif_output
 .text.__writebulkmsgCB
                0x800221ec       0x40 c:/Utils/devkitPro/libogc/lib/wii\libbte.a(physbusif.o)
 .text.__writectrlmsgCB
                0x8002222c       0x40 c:/Utils/devkitPro/libogc/lib/wii\libbte.a(physbusif.o)
 .text.physbusif_shutdown
                0x8002226c       0x50 c:/Utils/devkitPro/libogc/lib/wii\libbte.a(physbusif.o)
                0x8002226c                physbusif_shutdown
 .text.__initUsbIOBuffer
                0x800222bc       0x98 c:/Utils/devkitPro/libogc/lib/wii\libbte.a(physbusif.o)
 .text.__issue_intrread
                0x80022354       0xbc c:/Utils/devkitPro/libogc/lib/wii\libbte.a(physbusif.o)
 .text.__readintrdataCB
                0x80022410      0x120 c:/Utils/devkitPro/libogc/lib/wii\libbte.a(physbusif.o)
 .text.__issue_bulkread
                0x80022530       0xbc c:/Utils/devkitPro/libogc/lib/wii\libbte.a(physbusif.o)
 .text.physbusif_init
                0x800225ec      0x1d0 c:/Utils/devkitPro/libogc/lib/wii\libbte.a(physbusif.o)
                0x800225ec                physbusif_init
 .text.__readbulkdataCB
                0x800227bc      0x120 c:/Utils/devkitPro/libogc/lib/wii\libbte.a(physbusif.o)
 .text.__console_clear
                0x800228dc       0x60 c:/Utils/devkitPro/libogc/lib/wii\libogc.a(console.o)
 .text.__console_init
                0x8002293c      0x128 c:/Utils/devkitPro/libogc/lib/wii\libogc.a(console.o)
                0x8002293c                __console_init
 .text.CON_Init
                0x80022a64        0x4 c:/Utils/devkitPro/libogc/lib/wii\libogc.a(console.o)
                0x80022a64                CON_Init
 .text.__console_write
                0x80022a68      0x644 c:/Utils/devkitPro/libogc/lib/wii\libogc.a(console.o)
                0x80022a68                __console_write
 .text.__lwp_queue_initialize
                0x800230ac       0x54 c:/Utils/devkitPro/libogc/lib/wii\libogc.a(lwp_queue.o)
                0x800230ac                __lwp_queue_initialize
 .text.__lwp_queue_get
                0x80023100       0x7c c:/Utils/devkitPro/libogc/lib/wii\libogc.a(lwp_queue.o)
                0x80023100                __lwp_queue_get
 .text.__lwp_queue_append
                0x8002317c       0x4c c:/Utils/devkitPro/libogc/lib/wii\libogc.a(lwp_queue.o)
                0x8002317c                __lwp_queue_append
 .text.__lwp_isr_in_progress
                0x800231c8        0x8 c:/Utils/devkitPro/libogc/lib/wii\libogc.a(lwp_threads.o)
                0x800231c8                __lwp_isr_in_progress
 .text.__lwp_thread_resettimeslice
                0x800231d0       0xd0 c:/Utils/devkitPro/libogc/lib/wii\libogc.a(lwp_threads.o)
                0x800231d0                __lwp_thread_resettimeslice
 .text.__lwp_thread_setstate
                0x800232a0      0x158 c:/Utils/devkitPro/libogc/lib/wii\libogc.a(lwp_threads.o)
                0x800232a0                __lwp_thread_setstate
 .text.__lwp_thread_clearstate
                0x800233f8      0x104 c:/Utils/devkitPro/libogc/lib/wii\libogc.a(lwp_threads.o)
                0x800233f8                __lwp_thread_clearstate
 .text.__lwp_thread_setpriority
                0x800234fc       0x5c c:/Utils/devkitPro/libogc/lib/wii\libogc.a(lwp_threads.o)
                0x800234fc                __lwp_thread_setpriority
 .text.__lwp_thread_settransient
                0x80023558       0xd0 c:/Utils/devkitPro/libogc/lib/wii\libogc.a(lwp_threads.o)
                0x80023558                __lwp_thread_settransient
 .text.__lwp_thread_loadenv
                0x80023628       0x78 c:/Utils/devkitPro/libogc/lib/wii\libogc.a(lwp_threads.o)
                0x80023628                __lwp_thread_loadenv
 .text.__lwp_thread_ready
                0x800236a0       0xf8 c:/Utils/devkitPro/libogc/lib/wii\libogc.a(lwp_threads.o)
                0x800236a0                __lwp_thread_ready
 .text.__thread_dispatch
                0x80023798      0x12c c:/Utils/devkitPro/libogc/lib/wii\libogc.a(lwp_threads.o)
                0x80023798                __thread_dispatch
 .text.__lwp_thread_start
                0x800238c4       0x64 c:/Utils/devkitPro/libogc/lib/wii\libogc.a(lwp_threads.o)
                0x800238c4                __lwp_thread_start
 .text.__lwp_thread_close
                0x80023928      0x138 c:/Utils/devkitPro/libogc/lib/wii\libogc.a(lwp_threads.o)
                0x80023928                __lwp_thread_close
 .text.__lwp_thread_closeall
                0x80023a60       0xd4 c:/Utils/devkitPro/libogc/lib/wii\libogc.a(lwp_threads.o)
                0x80023a60                __lwp_thread_closeall
 .text.__lwp_thread_init
                0x80023b34      0x124 c:/Utils/devkitPro/libogc/lib/wii\libogc.a(lwp_threads.o)
                0x80023b34                __lwp_thread_init
 .text.__thread_dispatch_fp
                0x80023c58       0x9c c:/Utils/devkitPro/libogc/lib/wii\libogc.a(lwp_threads.o)
                0x80023c58                __thread_dispatch_fp
 .text.__lwp_thread_stopmultitasking
                0x80023cf4       0x64 c:/Utils/devkitPro/libogc/lib/wii\libogc.a(lwp_threads.o)
                0x80023cf4                __lwp_thread_stopmultitasking
 .text.__lwp_thread_changepriority
                0x80023d58      0x1b8 c:/Utils/devkitPro/libogc/lib/wii\libogc.a(lwp_threads.o)
                0x80023d58                __lwp_thread_changepriority
 .text.__lwp_thread_coreinit
                0x80023f10       0x94 c:/Utils/devkitPro/libogc/lib/wii\libogc.a(lwp_threads.o)
                0x80023f10                __lwp_thread_coreinit
 .text.__lwp_thread_exit
                0x80023fa4       0x70 c:/Utils/devkitPro/libogc/lib/wii\libogc.a(lwp_threads.o)
                0x80023fa4                __lwp_thread_exit
 .text.__lwp_thread_handler
                0x80024014       0x7c c:/Utils/devkitPro/libogc/lib/wii\libogc.a(lwp_threads.o)
 .text.__lwp_thread_startmultitasking
                0x80024090       0xcc c:/Utils/devkitPro/libogc/lib/wii\libogc.a(lwp_threads.o)
                0x80024090                __lwp_thread_startmultitasking
 .text.__lwp_thread_tickle_timeslice
                0x8002415c       0xe0 c:/Utils/devkitPro/libogc/lib/wii\libogc.a(lwp_threads.o)
                0x8002415c                __lwp_thread_tickle_timeslice
 .text.idle_func
                0x8002423c        0x4 c:/Utils/devkitPro/libogc/lib/wii\libogc.a(lwp.o)
 .text.__lwp_sysinit
                0x80024240      0x118 c:/Utils/devkitPro/libogc/lib/wii\libogc.a(lwp.o)
                0x80024240                __lwp_sysinit
 .text.LWP_ThreadSignal
                0x80024358       0x74 c:/Utils/devkitPro/libogc/lib/wii\libogc.a(lwp.o)
                0x80024358                LWP_ThreadSignal
 .text.LWP_ThreadBroadcast
                0x800243cc       0x88 c:/Utils/devkitPro/libogc/lib/wii\libogc.a(lwp.o)
                0x800243cc                LWP_ThreadBroadcast
 .text.LWP_ThreadSleep
                0x80024454       0xe0 c:/Utils/devkitPro/libogc/lib/wii\libogc.a(lwp.o)
                0x80024454                LWP_ThreadSleep
 .text.LWP_CloseQueue
                0x80024534       0xe8 c:/Utils/devkitPro/libogc/lib/wii\libogc.a(lwp.o)
                0x80024534                LWP_CloseQueue
 .text.LWP_InitQueue
                0x8002461c      0x124 c:/Utils/devkitPro/libogc/lib/wii\libogc.a(lwp.o)
                0x8002461c                LWP_InitQueue
 .text.__lwp_stack_free
                0x80024740       0x38 c:/Utils/devkitPro/libogc/lib/wii\libogc.a(lwp_stack.o)
                0x80024740                __lwp_stack_free
 .text.__lwp_stack_allocate
                0x80024778       0x6c c:/Utils/devkitPro/libogc/lib/wii\libogc.a(lwp_stack.o)
                0x80024778                __lwp_stack_allocate
 .text.__lwp_watchdog_init
                0x800247e4       0x2c c:/Utils/devkitPro/libogc/lib/wii\libogc.a(lwp_watchdog.o)
                0x800247e4                __lwp_watchdog_init
 .text.__lwp_wd_settimer
                0x80024810       0xe0 c:/Utils/devkitPro/libogc/lib/wii\libogc.a(lwp_watchdog.o)
 .text.__lwp_wd_remove
                0x800248f0      0x104 c:/Utils/devkitPro/libogc/lib/wii\libogc.a(lwp_watchdog.o)
                0x800248f0                __lwp_wd_remove
 .text.__lwp_wd_insert
                0x800249f4      0x1c4 c:/Utils/devkitPro/libogc/lib/wii\libogc.a(lwp_watchdog.o)
                0x800249f4                __lwp_wd_insert
 .text.__lwp_wd_tickle
                0x80024bb8      0x130 c:/Utils/devkitPro/libogc/lib/wii\libogc.a(lwp_watchdog.o)
                0x80024bb8                __lwp_wd_tickle
 .text.__lwp_wkspace_init
                0x80024ce8       0xc8 c:/Utils/devkitPro/libogc/lib/wii\libogc.a(lwp_wkspace.o)
                0x80024ce8                __lwp_wkspace_init
 .text.__lwp_objmgr_getisrdisable
                0x80024db0       0x64 c:/Utils/devkitPro/libogc/lib/wii\libogc.a(lwp_objmgr.o)
                0x80024db0                __lwp_objmgr_getisrdisable
 .text.__lwp_objmgr_getnoprotection
                0x80024e14       0x24 c:/Utils/devkitPro/libogc/lib/wii\libogc.a(lwp_objmgr.o)
                0x80024e14                __lwp_objmgr_getnoprotection
 .text.__lwp_objmgr_allocate
                0x80024e38       0x74 c:/Utils/devkitPro/libogc/lib/wii\libogc.a(lwp_objmgr.o)
                0x80024e38                __lwp_objmgr_allocate
 .text.__lwp_objmgr_free
                0x80024eac       0x5c c:/Utils/devkitPro/libogc/lib/wii\libogc.a(lwp_objmgr.o)
                0x80024eac                __lwp_objmgr_free
 .text.__lwp_objmgr_get
                0x80024f08       0x78 c:/Utils/devkitPro/libogc/lib/wii\libogc.a(lwp_objmgr.o)
                0x80024f08                __lwp_objmgr_get
 .text.__lwp_objmgr_initinfo
                0x80024f80      0x1b0 c:/Utils/devkitPro/libogc/lib/wii\libogc.a(lwp_objmgr.o)
                0x80024f80                __lwp_objmgr_initinfo
 .text.__lwp_heap_init
                0x80025130       0x9c c:/Utils/devkitPro/libogc/lib/wii\libogc.a(lwp_heap.o)
                0x80025130                __lwp_heap_init
 .text.__lwp_heap_free
                0x800251cc      0x1d4 c:/Utils/devkitPro/libogc/lib/wii\libogc.a(lwp_heap.o)
                0x800251cc                __lwp_heap_free
 .text.__lwp_heap_allocate
                0x800253a0      0x16c c:/Utils/devkitPro/libogc/lib/wii\libogc.a(lwp_heap.o)
                0x800253a0                __lwp_heap_allocate
 .text.c_irqdispatcher
                0x8002550c      0x2ac c:/Utils/devkitPro/libogc/lib/wii\libogc.a(irq.o)
                0x8002550c                c_irqdispatcher
 .text.__SetInterrupts
                0x800257b8      0x268 c:/Utils/devkitPro/libogc/lib/wii\libogc.a(irq.o)
 .text.__UnmaskIrq
                0x80025a20       0x90 c:/Utils/devkitPro/libogc/lib/wii\libogc.a(irq.o)
                0x80025a20                __UnmaskIrq
 .text.__MaskIrq
                0x80025ab0       0x90 c:/Utils/devkitPro/libogc/lib/wii\libogc.a(irq.o)
                0x80025ab0                __MaskIrq
 .text.IRQ_Request
                0x80025b40       0x54 c:/Utils/devkitPro/libogc/lib/wii\libogc.a(irq.o)
                0x80025b40                IRQ_Request
 .text.IRQ_GetHandler
                0x80025b94       0x44 c:/Utils/devkitPro/libogc/lib/wii\libogc.a(irq.o)
                0x80025b94                IRQ_GetHandler
 .text.IRQ_Disable
                0x80025bd8       0x20 c:/Utils/devkitPro/libogc/lib/wii\libogc.a(irq.o)
                0x80025bd8                IRQ_Disable
 .text.IRQ_Restore
                0x80025bf8       0x1c c:/Utils/devkitPro/libogc/lib/wii\libogc.a(irq.o)
                0x80025bf8                IRQ_Restore
 .text.__irq_init
                0x80025c14       0xac c:/Utils/devkitPro/libogc/lib/wii\libogc.a(irq.o)
                0x80025c14                __irq_init
 .text.__gettiming
                0x80025cc0       0xb0 c:/Utils/devkitPro/libogc/lib/wii\libogc.a(video.o)
 .text.VIDEO_Flush
                0x80025d70      0x178 c:/Utils/devkitPro/libogc/lib/wii\libogc.a(video.o)
                0x80025d70                VIDEO_Flush
 .text.VIDEO_GetCurrentTvMode
                0x80025ee8       0x70 c:/Utils/devkitPro/libogc/lib/wii\libogc.a(video.o)
                0x80025ee8                VIDEO_GetCurrentTvMode
 .text.VIDEO_HaveComponentCable
                0x80025f58       0x14 c:/Utils/devkitPro/libogc/lib/wii\libogc.a(video.o)
                0x80025f58                VIDEO_HaveComponentCable
 .text.VIDEO_GetPreferredMode
                0x80025f6c       0xd0 c:/Utils/devkitPro/libogc/lib/wii\libogc.a(video.o)
                0x80025f6c                VIDEO_GetPreferredMode
 .text.VIDEO_WaitVSync
                0x8002603c       0x90 c:/Utils/devkitPro/libogc/lib/wii\libogc.a(video.o)
                0x8002603c                VIDEO_WaitVSync
 .text.__VISendI2CData
                0x800260cc      0x560 c:/Utils/devkitPro/libogc/lib/wii\libogc.a(video.o)
 .text.__VIWriteI2CRegisterBuf
                0x8002662c       0x54 c:/Utils/devkitPro/libogc/lib/wii\libogc.a(video.o)
 .text.__VIWriteI2CRegister32
                0x80026680       0x58 c:/Utils/devkitPro/libogc/lib/wii\libogc.a(video.o)
 .text.__VIWriteI2CRegister16
                0x800266d8       0x48 c:/Utils/devkitPro/libogc/lib/wii\libogc.a(video.o)
 .text.__VIWriteI2CRegister8
                0x80026720       0x3c c:/Utils/devkitPro/libogc/lib/wii\libogc.a(video.o)
 .text.__VISetFilterEURGB60
                0x8002675c        0xc c:/Utils/devkitPro/libogc/lib/wii\libogc.a(video.o)
 .text.__VISetYUVSEL
                0x80026768       0x90 c:/Utils/devkitPro/libogc/lib/wii\libogc.a(video.o)
 .text.VIDEO_Init
                0x800267f8      0x818 c:/Utils/devkitPro/libogc/lib/wii\libogc.a(video.o)
                0x800267f8                VIDEO_Init
 .text.__VIRetraceHandler
                0x80027010      0x308 c:/Utils/devkitPro/libogc/lib/wii\libogc.a(video.o)
 .text.VIDEO_GetCurrentLine
                0x80027318       0xa8 c:/Utils/devkitPro/libogc/lib/wii\libogc.a(video.o)
                0x80027318                VIDEO_GetCurrentLine
 .text.VIDEO_SetBlack
                0x800273c0      0x158 c:/Utils/devkitPro/libogc/lib/wii\libogc.a(video.o)
                0x800273c0                VIDEO_SetBlack
 .text.VIDEO_Configure
                0x80027518      0x874 c:/Utils/devkitPro/libogc/lib/wii\libogc.a(video.o)
                0x80027518                VIDEO_Configure
 .text.VIDEO_SetNextFramebuffer
                0x80027d8c      0x234 c:/Utils/devkitPro/libogc/lib/wii\libogc.a(video.o)
                0x80027d8c                VIDEO_SetNextFramebuffer
 .text.VIDEO_SetFramebuffer
                0x80027fc0      0x340 c:/Utils/devkitPro/libogc/lib/wii\libogc.a(video.o)
                0x80027fc0                VIDEO_SetFramebuffer
 .text.__MEMInterruptHandler
                0x80028300       0x14 c:/Utils/devkitPro/libogc/lib/wii\libogc.a(system.o)
 .text.__RSWDefaultHandler
                0x80028314        0x4 c:/Utils/devkitPro/libogc/lib/wii\libogc.a(system.o)
 .text.__POWDefaultHandler
                0x80028318        0x4 c:/Utils/devkitPro/libogc/lib/wii\libogc.a(system.o)
 .text.__sram_sync
                0x8002831c        0xc c:/Utils/devkitPro/libogc/lib/wii\libogc.a(system.o)
 .text.__call_resetfuncs
                0x80028328       0xb0 c:/Utils/devkitPro/libogc/lib/wii\libogc.a(system.o)
 .text.__locksram
                0x800283d8       0x60 c:/Utils/devkitPro/libogc/lib/wii\libogc.a(system.o)
 .text.__SYS_LockSramEx
                0x80028438        0x8 c:/Utils/devkitPro/libogc/lib/wii\libogc.a(system.o)
                0x80028438                __SYS_LockSramEx
 .text.__SYS_GetIPCBufferLo
                0x80028440        0xc c:/Utils/devkitPro/libogc/lib/wii\libogc.a(system.o)
                0x80028440                __SYS_GetIPCBufferLo
 .text.__SYS_GetIPCBufferHi
                0x8002844c        0xc c:/Utils/devkitPro/libogc/lib/wii\libogc.a(system.o)
                0x8002844c                __SYS_GetIPCBufferHi
 .text._V_EXPORTNAME
                0x80028458       0x24 c:/Utils/devkitPro/libogc/lib/wii\libogc.a(system.o)
                0x80028458                _V_EXPORTNAME
 .text.__SYS_DoPowerCB
                0x8002847c       0x78 c:/Utils/devkitPro/libogc/lib/wii\libogc.a(system.o)
                0x8002847c                __SYS_DoPowerCB
 .text.__SYS_InitCallbacks
                0x800284f4       0x30 c:/Utils/devkitPro/libogc/lib/wii\libogc.a(system.o)
                0x800284f4                __SYS_InitCallbacks
 .text.SYS_ResetButtonDown
                0x80028524       0x18 c:/Utils/devkitPro/libogc/lib/wii\libogc.a(system.o)
                0x80028524                SYS_ResetButtonDown
 .text.__STMEventHandler
                0x8002853c      0x10c c:/Utils/devkitPro/libogc/lib/wii\libogc.a(system.o)
 .text.SYS_RegisterResetFunc
                0x80028648       0x94 c:/Utils/devkitPro/libogc/lib/wii\libogc.a(system.o)
                0x80028648                SYS_RegisterResetFunc
 .text.SYS_SetArena1Lo
                0x800286dc       0x3c c:/Utils/devkitPro/libogc/lib/wii\libogc.a(system.o)
                0x800286dc                SYS_SetArena1Lo
 .text.SYS_GetArena1Lo
                0x80028718       0x3c c:/Utils/devkitPro/libogc/lib/wii\libogc.a(system.o)
                0x80028718                SYS_GetArena1Lo
 .text.SYS_SetArena1Hi
                0x80028754       0x3c c:/Utils/devkitPro/libogc/lib/wii\libogc.a(system.o)
                0x80028754                SYS_SetArena1Hi
 .text.SYS_GetArena1Hi
                0x80028790       0x3c c:/Utils/devkitPro/libogc/lib/wii\libogc.a(system.o)
                0x80028790                SYS_GetArena1Hi
 .text.SYS_SetArena2Lo
                0x800287cc       0x3c c:/Utils/devkitPro/libogc/lib/wii\libogc.a(system.o)
                0x800287cc                SYS_SetArena2Lo
 .text.SYS_GetArena2Lo
                0x80028808       0x3c c:/Utils/devkitPro/libogc/lib/wii\libogc.a(system.o)
                0x80028808                SYS_GetArena2Lo
 .text.SYS_SetArena2Hi
                0x80028844       0x3c c:/Utils/devkitPro/libogc/lib/wii\libogc.a(system.o)
                0x80028844                SYS_SetArena2Hi
 .text.SYS_GetArena2Hi
                0x80028880       0x3c c:/Utils/devkitPro/libogc/lib/wii\libogc.a(system.o)
                0x80028880                SYS_GetArena2Hi
 .text.SYS_GetHollywoodRevision
                0x800288bc       0x3c c:/Utils/devkitPro/libogc/lib/wii\libogc.a(system.o)
                0x800288bc                SYS_GetHollywoodRevision
 .text.SYS_AllocateFramebuffer
                0x800288f8       0x3c c:/Utils/devkitPro/libogc/lib/wii\libogc.a(system.o)