Archive member included because of file (symbol)

c:/utils/devkitPro/libogc/lib/wii\libwiiuse.a(wpad.o)
                              lesson7.o (WPAD_ButtonsDown)
c:/utils/devkitPro/libogc/lib/wii\libwiiuse.a(dynamics.o)
                              c:/utils/devkitPro/libogc/lib/wii\libwiiuse.a(wpad.o) (calculate_gforce)
c:/utils/devkitPro/libogc/lib/wii\libwiiuse.a(io_wii.o)
                              c:/utils/devkitPro/libogc/lib/wii\libwiiuse.a(wpad.o) (wiiuse_disconnect)
c:/utils/devkitPro/libogc/lib/wii\libwiiuse.a(ir.o)
                              c:/utils/devkitPro/libogc/lib/wii\libwiiuse.a(wpad.o) (wiiuse_set_ir_vres)
c:/utils/devkitPro/libogc/lib/wii\libwiiuse.a(wiiuse.o)
                              c:/utils/devkitPro/libogc/lib/wii\libwiiuse.a(wpad.o) (wiiuse_set_flags)
c:/utils/devkitPro/libogc/lib/wii\libwiiuse.a(events.o)
                              c:/utils/devkitPro/libogc/lib/wii\libwiiuse.a(io_wii.o) (parse_event)
c:/utils/devkitPro/libogc/lib/wii\libwiiuse.a(guitar_hero_3.o)
                              c:/utils/devkitPro/libogc/lib/wii\libwiiuse.a(events.o) (guitar_hero_3_event)
c:/utils/devkitPro/libogc/lib/wii\libwiiuse.a(io.o)
                              c:/utils/devkitPro/libogc/lib/wii\libwiiuse.a(events.o) (wiiuse_disable_expansion)
c:/utils/devkitPro/libogc/lib/wii\libwiiuse.a(nunchuk.o)
                              c:/utils/devkitPro/libogc/lib/wii\libwiiuse.a(events.o) (nunchuk_event)
c:/utils/devkitPro/libogc/lib/wii\libwiiuse.a(wiiboard.o)
                              c:/utils/devkitPro/libogc/lib/wii\libwiiuse.a(events.o) (wii_board_event)
c:/utils/devkitPro/libogc/lib/wii\libwiiuse.a(classic.o)
                              c:/utils/devkitPro/libogc/lib/wii\libwiiuse.a(events.o) (classic_ctrl_event)
c:/utils/devkitPro/libogc/lib/wii\libbte.a(bte.o)
                              c:/utils/devkitPro/libogc/lib/wii\libwiiuse.a(io_wii.o) (bte_arg)
c:/utils/devkitPro/libogc/lib/wii\libbte.a(hci.o)
                              c:/utils/devkitPro/libogc/lib/wii\libbte.a(bte.o) (hci_arg)
c:/utils/devkitPro/libogc/lib/wii\libbte.a(l2cap.o)
                              c:/utils/devkitPro/libogc/lib/wii\libbte.a(hci.o) (lp_connect_ind)
c:/utils/devkitPro/libogc/lib/wii\libbte.a(btmemb.o)
                              c:/utils/devkitPro/libogc/lib/wii\libbte.a(bte.o) (btmemb_alloc)
c:/utils/devkitPro/libogc/lib/wii\libbte.a(btmemr.o)
                              c:/utils/devkitPro/libogc/lib/wii\libbte.a(hci.o) (btmemr_init)
c:/utils/devkitPro/libogc/lib/wii\libbte.a(btpbuf.o)
                              c:/utils/devkitPro/libogc/lib/wii\libbte.a(hci.o) (btpbuf_header)
c:/utils/devkitPro/libogc/lib/wii\libbte.a(physbusif.o)
                              c:/utils/devkitPro/libogc/lib/wii\libbte.a(bte.o) (physbusif_close)
c:/utils/devkitPro/libogc/lib/wii\libogc.a(lwp_queue.o)
                              c:/utils/devkitPro/libogc/lib/wii\libwiiuse.a(io_wii.o) (__lwp_queue_initialize)
c:/utils/devkitPro/libogc/lib/wii\libogc.a(lwp_threads.o)
                              c:/utils/devkitPro/libogc/lib/wii\libwiiuse.a(wpad.o) (_thread_dispatch_disable_level)
c:/utils/devkitPro/libogc/lib/wii\libogc.a(lwp.o)
                              c:/utils/devkitPro/libogc/lib/wii\libbte.a(bte.o) (LWP_ThreadSignal)
c:/utils/devkitPro/libogc/lib/wii\libogc.a(lwp_handler.o)
                              c:/utils/devkitPro/libogc/lib/wii\libogc.a(lwp_threads.o) (_cpu_context_save_fp)
c:/utils/devkitPro/libogc/lib/wii\libogc.a(lwp_stack.o)
                              c:/utils/devkitPro/libogc/lib/wii\libogc.a(lwp_threads.o) (__lwp_stack_free)
c:/utils/devkitPro/libogc/lib/wii\libogc.a(lwp_watchdog.o)
                              c:/utils/devkitPro/libogc/lib/wii\libogc.a(lwp_threads.o) (_wd_ticks_queue)
c:/utils/devkitPro/libogc/lib/wii\libogc.a(lwp_wkspace.o)
                              c:/utils/devkitPro/libogc/lib/wii\libwiiuse.a(io_wii.o) (__wkspace_heap)
c:/utils/devkitPro/libogc/lib/wii\libogc.a(lwp_objmgr.o)
                              c:/utils/devkitPro/libogc/lib/wii\libogc.a(lwp.o) (__lwp_objmgr_getnoprotection)
c:/utils/devkitPro/libogc/lib/wii\libogc.a(lwp_heap.o)
                              c:/utils/devkitPro/libogc/lib/wii\libogc.a(lwp_wkspace.o) (__lwp_heap_init)
c:/utils/devkitPro/libogc/lib/wii\libogc.a(sys_state.o)
                              c:/utils/devkitPro/libogc/lib/wii\libogc.a(lwp_threads.o) (_sys_state_curr)
c:/utils/devkitPro/libogc/lib/wii\libogc.a(irq.o)
                              c:/utils/devkitPro/libogc/lib/wii\libwiiuse.a(io_wii.o) (IRQ_Disable)
c:/utils/devkitPro/libogc/lib/wii\libogc.a(video.o)
                              lesson7.o (VIDEO_Flush)
c:/utils/devkitPro/libogc/lib/wii\libogc.a(cache_asm.o)
                              lesson7.o (DCFlushRange)
c:/utils/devkitPro/libogc/lib/wii\libogc.a(system.o)
                              c:/utils/devkitPro/libogc/lib/wii\libwiiuse.a(wpad.o) (__SYS_DoPowerCB)
[...]
Memory Configuration

Name             Origin             Length             Attributes
*default*        0x00000000         0xffffffff

Linker script and memory map

                0x00003400                . = 0x3400

.stub
 *(.stub)
                0x80004000                . = 0x80004000

.init           0x80004000      0x208
 *crt0.o(*.init)
 .init          0x80004000      0x1e4 c:/utils/devkitPro/libogc/lib/wii\libogc.a(ogc_crt0.o)
                0x8000419c                _memset
                0x80004000                _start
                0x800041cc                video_line
 *(.init)
 .init          0x800041e4        0xc c:/utils/devkitpro/devkitppc/bin/../lib/gcc/powerpc-gekko/4.2.4/ecrti.o
                0x800041e4                __init
 .init          0x800041f0        0x4 c:/utils/devkitpro/devkitppc/bin/../lib/gcc/powerpc-gekko/4.2.4/crtbegin.o
 .init          0x800041f4        0x4 c:/utils/devkitpro/devkitppc/bin/../lib/gcc/powerpc-gekko/4.2.4/crtend.o
 .init          0x800041f8       0x10 c:/utils/devkitpro/devkitppc/bin/../lib/gcc/powerpc-gekko/4.2.4/ecrtn.o

.rela.dyn       0x80004208        0x0
 .rela.eh_frame
                0x00000000        0x0 c:/utils/devkitpro/devkitppc/bin/../lib/gcc/powerpc-gekko/4.2.4/crtbegin.o
 .rela.gcc_except_table
                0x00000000        0x0 c:/utils/devkitpro/devkitppc/bin/../lib/gcc/powerpc-gekko/4.2.4/crtbegin.o

.plt
 *(.plt)

.interp
 *(.interp)

.hash
 *(.hash)

.dynsym
 *(.dynsym)

.dynstr
 *(.dynstr)

.gnu.version
 *(.gnu.version)

.gnu.version_d
 *(.gnu.version_d)

.gnu.version_r
 *(.gnu.version_r)

.rel.init
 *(.rel.init)

.rela.init      0x80004208        0x0
 *(.rela.init)
 .rela.init     0x00000000        0x0 c:/utils/devkitpro/devkitppc/bin/../lib/gcc/powerpc-gekko/4.2.4/crtbegin.o

.rel.text
 *(.rel.text .rel.text.* .rel.gnu.linkonce.t.*)

.rela.text      0x80004208        0x0
 *(.rela.text .rela.text.* .rela.gnu.linkonce.t.*)
 .rela.text     0x00000000        0x0 c:/utils/devkitpro/devkitppc/bin/../lib/gcc/powerpc-gekko/4.2.4/crtbegin.o
 .rela.text.wiiuse_init_cmd_queue
                0x00000000        0x0 c:/utils/devkitpro/devkitppc/bin/../lib/gcc/powerpc-gekko/4.2.4/crtbegin.o
 .rela.text.wiiuse_init
                0x00000000        0x0 c:/utils/devkitpro/devkitppc/bin/../lib/gcc/powerpc-gekko/4.2.4/crtbegin.o
 .rela.text.guitar_hero_3_handshake
                0x00000000        0x0 c:/utils/devkitpro/devkitppc/bin/../lib/gcc/powerpc-gekko/4.2.4/crtbegin.o
 .rela.text.wiiuse_handshake_expansion
                0x00000000        0x0 c:/utils/devkitpro/devkitppc/bin/../lib/gcc/powerpc-gekko/4.2.4/crtbegin.o
 .rela.text.wiiuse_handshake
                0x00000000        0x0 c:/utils/devkitpro/devkitppc/bin/../lib/gcc/powerpc-gekko/4.2.4/crtbegin.o
 .rela.text.bt_alarmhandler
                0x00000000        0x0 c:/utils/devkitpro/devkitppc/bin/../lib/gcc/powerpc-gekko/4.2.4/crtbegin.o
 .rela.text.__lwp_rotate_readyqueue
                0x00000000        0x0 c:/utils/devkitpro/devkitppc/bin/../lib/gcc/powerpc-gekko/4.2.4/crtbegin.o
 .rela.text.__lwp_thread_setstate
                0x00000000        0x0 c:/utils/devkitpro/devkitppc/bin/../lib/gcc/powerpc-gekko/4.2.4/crtbegin.o
 .rela.text.__lwp_thread_setpriority
                0x00000000        0x0 c:/utils/devkitpro/devkitppc/bin/../lib/gcc/powerpc-gekko/4.2.4/crtbegin.o
 .rela.text.__lwp_thread_ready
                0x00000000        0x0 c:/utils/devkitpro/devkitppc/bin/../lib/gcc/powerpc-gekko/4.2.4/crtbegin.o
 .rela.text.__lwp_thread_close
                0x00000000        0x0 c:/utils/devkitpro/devkitppc/bin/../lib/gcc/powerpc-gekko/4.2.4/crtbegin.o
 .rela.text.__lwp_thread_closeall
                0x00000000        0x0 c:/utils/devkitpro/devkitppc/bin/../lib/gcc/powerpc-gekko/4.2.4/crtbegin.o
 .rela.text.__lwp_thread_stopmultitasking
                0x00000000        0x0 c:/utils/devkitpro/devkitppc/bin/../lib/gcc/powerpc-gekko/4.2.4/crtbegin.o
 .rela.text.__lwp_thread_changepriority
                0x00000000        0x0 c:/utils/devkitpro/devkitppc/bin/../lib/gcc/powerpc-gekko/4.2.4/crtbegin.o
 .rela.text.__lwp_thread_coreinit
                0x00000000        0x0 c:/utils/devkitpro/devkitppc/bin/../lib/gcc/powerpc-gekko/4.2.4/crtbegin.o
 .rela.text.__lwp_thread_suspend
                0x00000000        0x0 c:/utils/devkitpro/devkitppc/bin/../lib/gcc/powerpc-gekko/4.2.4/crtbegin.o
 .rela.text.__lwp_thread_startmultitasking
                0x00000000        0x0 c:/utils/devkitpro/devkitppc/bin/../lib/gcc/powerpc-gekko/4.2.4/crtbegin.o
 .rela.text.__lwp_thread_tickle_timeslice
                0x00000000        0x0 c:/utils/devkitpro/devkitppc/bin/../lib/gcc/powerpc-gekko/4.2.4/crtbegin.o
 .rela.text.__lwp_thread_context
                0x00000000        0x0 c:/utils/devkitpro/devkitppc/bin/../lib/gcc/powerpc-gekko/4.2.4/crtbegin.o
 .rela.text.__lwp_thread_exists
                0x00000000        0x0 c:/utils/devkitpro/devkitppc/bin/../lib/gcc/powerpc-gekko/4.2.4/crtbegin.o
 .rela.text.__lwp_thread_isalive
                0x00000000        0x0 c:/utils/devkitpro/devkitppc/bin/../lib/gcc/powerpc-gekko/4.2.4/crtbegin.o
 .rela.text.__lwp_sysinit
                0x00000000        0x0 c:/utils/devkitpro/devkitppc/bin/../lib/gcc/powerpc-gekko/4.2.4/crtbegin.o
 .rela.text.LWP_ThreadSignal
                0x00000000        0x0 c:/utils/devkitpro/devkitppc/bin/../lib/gcc/powerpc-gekko/4.2.4/crtbegin.o
 .rela.text.LWP_ThreadBroadcast
                0x00000000        0x0 c:/utils/devkitpro/devkitppc/bin/../lib/gcc/powerpc-gekko/4.2.4/crtbegin.o
 .rela.text.LWP_ThreadSleep
                0x00000000        0x0 c:/utils/devkitpro/devkitppc/bin/../lib/gcc/powerpc-gekko/4.2.4/crtbegin.o
 .rela.text.LWP_CloseQueue
                0x00000000        0x0 c:/utils/devkitpro/devkitppc/bin/../lib/gcc/powerpc-gekko/4.2.4/crtbegin.o
 .rela.text.LWP_InitQueue
                0x00000000        0x0 c:/utils/devkitpro/devkitppc/bin/../lib/gcc/powerpc-gekko/4.2.4/crtbegin.o
 .rela.text.LWP_JoinThread
                0x00000000        0x0 c:/utils/devkitpro/devkitppc/bin/../lib/gcc/powerpc-gekko/4.2.4/crtbegin.o
 .rela.text.LWP_ThreadIsSuspended
                0x00000000        0x0 c:/utils/devkitpro/devkitppc/bin/../lib/gcc/powerpc-gekko/4.2.4/crtbegin.o
 .rela.text.LWP_SetThreadPriority
                0x00000000        0x0 c:/utils/devkitpro/devkitppc/bin/../lib/gcc/powerpc-gekko/4.2.4/crtbegin.o
 .rela.text.LWP_ResumeThread
                0x00000000        0x0 c:/utils/devkitpro/devkitppc/bin/../lib/gcc/powerpc-gekko/4.2.4/crtbegin.o
 .rela.text.LWP_SuspendThread
                0x00000000        0x0 c:/utils/devkitpro/devkitppc/bin/../lib/gcc/powerpc-gekko/4.2.4/crtbegin.o
 .rela.text.LWP_CreateThread
                0x00000000        0x0 c:/utils/devkitpro/devkitppc/bin/../lib/gcc/powerpc-gekko/4.2.4/crtbegin.o
 .rela.text.__lwp_stack_free
                0x00000000        0x0 c:/utils/devkitpro/devkitppc/bin/../lib/gcc/powerpc-gekko/4.2.4/crtbegin.o
 .rela.text.__lwp_stack_allocate
                0x00000000        0x0 c:/utils/devkitpro/devkitppc/bin/../lib/gcc/powerpc-gekko/4.2.4/crtbegin.o
 .rela.text.__lwp_watchdog_init
                0x00000000        0x0 c:/utils/devkitpro/devkitppc/bin/../lib/gcc/powerpc-gekko/4.2.4/crtbegin.o
 .rela.text.__lwp_wd_tickle
                0x00000000        0x0 c:/utils/devkitpro/devkitppc/bin/../lib/gcc/powerpc-gekko/4.2.4/crtbegin.o
 .rela.text.__lwp_wkspace_init
                0x00000000        0x0 c:/utils/devkitpro/devkitppc/bin/../lib/gcc/powerpc-gekko/4.2.4/crtbegin.o
 .rela.text.__lwp_wkspace_heapused
                0x00000000        0x0 c:/utils/devkitpro/devkitppc/bin/../lib/gcc/powerpc-gekko/4.2.4/crtbegin.o
 .rela.text.__lwp_wkspace_heapfree
                0x00000000        0x0 c:/utils/devkitpro/devkitppc/bin/../lib/gcc/powerpc-gekko/4.2.4/crtbegin.o
 .rela.text.__lwp_objmgr_initinfo
                0x00000000        0x0 c:/utils/devkitpro/devkitppc/bin/../lib/gcc/powerpc-gekko/4.2.4/crtbegin.o
 .rela.text.__irq_init
                0x00000000        0x0 c:/utils/devkitpro/devkitppc/bin/../lib/gcc/powerpc-gekko/4.2.4/crtbegin.o
 .rela.text.__sram_sync
                0x00000000        0x0 c:/utils/devkitpro/devkitppc/bin/../lib/gcc/powerpc-gekko/4.2.4/crtbegin.o
 .rela.text.__locksram
                0x00000000        0x0 c:/utils/devkitpro/devkitppc/bin/../lib/gcc/powerpc-gekko/4.2.4/crtbegin.o
 .rela.text.__sram_init
                0x00000000        0x0 c:/utils/devkitpro/devkitppc/bin/../lib/gcc/powerpc-gekko/4.2.4/crtbegin.o
 .rela.text.SYS_Init
                0x00000000        0x0 c:/utils/devkitpro/devkitppc/bin/../lib/gcc/powerpc-gekko/4.2.4/crtbegin.o
 .rela.text.__unlocksram
                0x00000000        0x0 c:/utils/devkitpro/devkitppc/bin/../lib/gcc/powerpc-gekko/4.2.4/crtbegin.o
 .rela.text.__sram_writecallback
                0x00000000        0x0 c:/utils/devkitpro/devkitppc/bin/../lib/gcc/powerpc-gekko/4.2.4/crtbegin.o
 .rela.text.SYS_CancelAlarm
                0x00000000        0x0 c:/utils/devkitpro/devkitppc/bin/../lib/gcc/powerpc-gekko/4.2.4/crtbegin.o
 .rela.text.SYS_RemoveAlarm
                0x00000000        0x0 c:/utils/devkitpro/devkitppc/bin/../lib/gcc/powerpc-gekko/4.2.4/crtbegin.o
 .rela.text.SYS_SetAlarm
                0x00000000        0x0 c:/utils/devkitpro/devkitppc/bin/../lib/gcc/powerpc-gekko/4.2.4/crtbegin.o
 .rela.text.__sys_alarmhandler
                0x00000000        0x0 c:/utils/devkitpro/devkitppc/bin/../lib/gcc/powerpc-gekko/4.2.4/crtbegin.o
 .rela.text.SYS_SetPeriodicAlarm
                0x00000000        0x0 c:/utils/devkitpro/devkitppc/bin/../lib/gcc/powerpc-gekko/4.2.4/crtbegin.o
 .rela.text.__lwp_cond_init
                0x00000000        0x0 c:/utils/devkitpro/devkitppc/bin/../lib/gcc/powerpc-gekko/4.2.4/crtbegin.o
 .rela.text.LWP_CondDestroy
                0x00000000        0x0 c:/utils/devkitpro/devkitppc/bin/../lib/gcc/powerpc-gekko/4.2.4/crtbegin.o
 .rela.text.LWP_CondInit
                0x00000000        0x0 c:/utils/devkitpro/devkitppc/bin/../lib/gcc/powerpc-gekko/4.2.4/crtbegin.o
 .rela.text.__lwp_cond_signalsupp
                0x00000000        0x0 c:/utils/devkitpro/devkitppc/bin/../lib/gcc/powerpc-gekko/4.2.4/crtbegin.o
 .rela.text.__lwp_cond_waitsupp
                0x00000000        0x0 c:/utils/devkitpro/devkitppc/bin/../lib/gcc/powerpc-gekko/4.2.4/crtbegin.o
 .rela.text.GX_EndDispList
                0x00000000        0x0 c:/utils/devkitpro/devkitppc/bin/../lib/gcc/powerpc-gekko/4.2.4/crtbegin.o
 .rela.text.GX_BeginDispList
                0x00000000        0x0 c:/utils/devkitpro/devkitppc/bin/../lib/gcc/powerpc-gekko/4.2.4/crtbegin.o
 .rela.text.GX_Init
                0x00000000        0x0 c:/utils/devkitpro/devkitppc/bin/../lib/gcc/powerpc-gekko/4.2.4/crtbegin.o
 .rela.text.c_decrementer_handler
                0x00000000        0x0 c:/utils/devkitpro/devkitppc/bin/../lib/gcc/powerpc-gekko/4.2.4/crtbegin.o
 .rela.text.__lwp_mqbox_init
                0x00000000        0x0 c:/utils/devkitpro/devkitppc/bin/../lib/gcc/powerpc-gekko/4.2.4/crtbegin.o
 .rela.text.MQ_Close
                0x00000000        0x0 c:/utils/devkitpro/devkitppc/bin/../lib/gcc/powerpc-gekko/4.2.4/crtbegin.o
 .rela.text.MQ_Init
                0x00000000        0x0 c:/utils/devkitpro/devkitppc/bin/../lib/gcc/powerpc-gekko/4.2.4/crtbegin.o
 .rela.text.MQ_Jam
                0x00000000        0x0 c:/utils/devkitpro/devkitppc/bin/../lib/gcc/powerpc-gekko/4.2.4/crtbegin.o
 .rela.text.MQ_Receive
                0x00000000        0x0 c:/utils/devkitpro/devkitppc/bin/../lib/gcc/powerpc-gekko/4.2.4/crtbegin.o
 .rela.text.MQ_Send
                0x00000000        0x0 c:/utils/devkitpro/devkitppc/bin/../lib/gcc/powerpc-gekko/4.2.4/crtbegin.o
 .rela.text.__ios_ioctlvformat_parse
                0x00000000        0x0 c:/utils/devkitpro/devkitppc/bin/../lib/gcc/powerpc-gekko/4.2.4/crtbegin.o
 .rela.text.__ioctlvfmtCB
                0x00000000        0x0 c:/utils/devkitpro/devkitppc/bin/../lib/gcc/powerpc-gekko/4.2.4/crtbegin.o
 .rela.text.IOS_IoctlvFormatAsync
                0x00000000        0x0 c:/utils/devkitpro/devkitppc/bin/../lib/gcc/powerpc-gekko/4.2.4/crtbegin.o
 .rela.text.IOS_IoctlvFormat
                0x00000000        0x0 c:/utils/devkitpro/devkitppc/bin/../lib/gcc/powerpc-gekko/4.2.4/crtbegin.o
 .rela.text.nanosleep
                0x00000000        0x0 c:/utils/devkitpro/devkitppc/bin/../lib/gcc/powerpc-gekko/4.2.4/crtbegin.o
 .rela.text.__libc_init
                0x00000000        0x0 c:/utils/devkitpro/devkitppc/bin/../lib/gcc/powerpc-gekko/4.2.4/crtbegin.o
 .rela.text.__libc_wrapup
                0x00000000        0x0 c:/utils/devkitpro/devkitppc/bin/../lib/gcc/powerpc-gekko/4.2.4/crtbegin.o
 .rela.text.__libc_delete_hook
                0x00000000        0x0 c:/utils/devkitpro/devkitppc/bin/../lib/gcc/powerpc-gekko/4.2.4/crtbegin.o
 .rela.text.__CheckARGV
                0x00000000        0x0 c:/utils/devkitpro/devkitppc/bin/../lib/gcc/powerpc-gekko/4.2.4/crtbegin.o
 .rela.text.__lwp_priority_init
                0x00000000        0x0 c:/utils/devkitpro/devkitppc/bin/../lib/gcc/powerpc-gekko/4.2.4/crtbegin.o
 .rela.text.__lwp_threadqueue_extractpriority
                0x00000000        0x0 c:/utils/devkitpro/devkitppc/bin/../lib/gcc/powerpc-gekko/4.2.4/crtbegin.o
 .rela.text.__lwp_threadqueue_extractfifo
                0x00000000        0x0 c:/utils/devkitpro/devkitppc/bin/../lib/gcc/powerpc-gekko/4.2.4/crtbegin.o
 .rela.text.__lwp_threadqueue_dequeuepriority
                0x00000000        0x0 c:/utils/devkitpro/devkitppc/bin/../lib/gcc/powerpc-gekko/4.2.4/crtbegin.o
 .rela.text.__lwp_threadqueue_enqueuepriority
                0x00000000        0x0 c:/utils/devkitpro/devkitppc/bin/../lib/gcc/powerpc-gekko/4.2.4/crtbegin.o
 .rela.text.__lwp_threadqueue_dequeuefifo
                0x00000000        0x0 c:/utils/devkitpro/devkitppc/bin/../lib/gcc/powerpc-gekko/4.2.4/crtbegin.o
 .rela.text.__lwp_threadqueue_enqueuefifo
                0x00000000        0x0 c:/utils/devkitpro/devkitppc/bin/../lib/gcc/powerpc-gekko/4.2.4/crtbegin.o
 .rela.text.__lwp_threadqueue_enqueue
                0x00000000        0x0 c:/utils/devkitpro/devkitppc/bin/../lib/gcc/powerpc-gekko/4.2.4/crtbegin.o
 .rela.text.__lwpmq_close
                0x00000000        0x0 c:/utils/devkitpro/devkitppc/bin/../lib/gcc/powerpc-gekko/4.2.4/crtbegin.o
 .rela.text.__lwpmq_initialize
                0x00000000        0x0 c:/utils/devkitpro/devkitppc/bin/../lib/gcc/powerpc-gekko/4.2.4/crtbegin.o
 .rela.text.__exception_sethandler
                0x00000000        0x0 c:/utils/devkitpro/devkitppc/bin/../lib/gcc/powerpc-gekko/4.2.4/crtbegin.o
 .rela.text.__exception_init
                0x00000000        0x0 c:/utils/devkitpro/devkitppc/bin/../lib/gcc/powerpc-gekko/4.2.4/crtbegin.o
 .rela.text.__systemcall_init
                0x00000000        0x0 c:/utils/devkitpro/devkitppc/bin/../lib/gcc/powerpc-gekko/4.2.4/crtbegin.o
 .rela.text.__lwp_sema_init
                0x00000000        0x0 c:/utils/devkitpro/devkitppc/bin/../lib/gcc/powerpc-gekko/4.2.4/crtbegin.o
 .rela.text.LWP_SemInit
                0x00000000        0x0 c:/utils/devkitpro/devkitppc/bin/../lib/gcc/powerpc-gekko/4.2.4/crtbegin.o
 .rela.text.LWP_SemDestroy
                0x00000000        0x0 c:/utils/devkitpro/devkitppc/bin/../lib/gcc/powerpc-gekko/4.2.4/crtbegin.o
 .rela.text.LWP_SemPost
                0x00000000        0x0 c:/utils/devkitpro/devkitppc/bin/../lib/gcc/powerpc-gekko/4.2.4/crtbegin.o
 .rela.text.LWP_SemWait
                0x00000000        0x0 c:/utils/devkitpro/devkitppc/bin/../lib/gcc/powerpc-gekko/4.2.4/crtbegin.o
 .rela.text.LWP_MutexInit
                0x00000000        0x0 c:/utils/devkitpro/devkitppc/bin/../lib/gcc/powerpc-gekko/4.2.4/crtbegin.o
 .rela.text.__lwp_mutex_init
                0x00000000        0x0 c:/utils/devkitpro/devkitppc/bin/../lib/gcc/powerpc-gekko/4.2.4/crtbegin.o
 .rela.text.LWP_MutexDestroy
                0x00000000        0x0 c:/utils/devkitpro/devkitppc/bin/../lib/gcc/powerpc-gekko/4.2.4/crtbegin.o
 .rela.text.__lwp_mutex_locksupp
                0x00000000        0x0 c:/utils/devkitpro/devkitppc/bin/../lib/gcc/powerpc-gekko/4.2.4/crtbegin.o
 .rela.text.LWP_MutexUnlock
                0x00000000        0x0 c:/utils/devkitpro/devkitppc/bin/../lib/gcc/powerpc-gekko/4.2.4/crtbegin.o
 .rela.text.kprintf
                0x00000000        0x0 c:/utils/devkitpro/devkitppc/bin/../lib/gcc/powerpc-gekko/4.2.4/crtbegin.o
 .rela.text.CON_EnableGecko
                0x00000000        0x0 c:/utils/devkitpro/devkitppc/bin/../lib/gcc/powerpc-gekko/4.2.4/crtbegin.o
 .rela.text.__console_init
                0x00000000        0x0 c:/utils/devkitpro/devkitppc/bin/../lib/gcc/powerpc-gekko/4.2.4/crtbegin.o
 .rela.text.__console_init_ex
                0x00000000        0x0 c:/utils/devkitpro/devkitppc/bin/../lib/gcc/powerpc-gekko/4.2.4/crtbegin.o
 .rela.text.__cxa_call_unexpected
                0x00000000        0x0 c:/utils/devkitpro/devkitppc/bin/../lib/gcc/powerpc-gekko/4.2.4/crtbegin.o
 .rela.text._ZSt13set_terminatePFvvE
                0x00000000        0x0 c:/utils/devkitpro/devkitppc/bin/../lib/gcc/powerpc-gekko/4.2.4/crtbegin.o
 .rela.text._ZSt14set_unexpectedPFvvE
                0x00000000        0x0 c:/utils/devkitpro/devkitppc/bin/../lib/gcc/powerpc-gekko/4.2.4/crtbegin.o
 .rela.text._ZSt9terminatev
                0x00000000        0x0 c:/utils/devkitpro/devkitppc/bin/../lib/gcc/powerpc-gekko/4.2.4/crtbegin.o
 .rela.text._ZSt10unexpectedv
                0x00000000        0x0 c:/utils/devkitpro/devkitppc/bin/../lib/gcc/powerpc-gekko/4.2.4/crtbegin.o
 .rela.text.__cxa_throw
                0x00000000        0x0 c:/utils/devkitpro/devkitppc/bin/../lib/gcc/powerpc-gekko/4.2.4/crtbegin.o
 .rela.text._ZN9__gnu_cxx27__verbose_terminate_handlerEv
                0x00000000        0x0 c:/utils/devkitpro/devkitppc/bin/../lib/gcc/powerpc-gekko/4.2.4/crtbegin.o
 .rela.text._ZNSt9exceptionD0Ev
                0x00000000        0x0 c:/utils/devkitpro/devkitppc/bin/../lib/gcc/powerpc-gekko/4.2.4/crtbegin.o
 .rela.text._ZNSt9exceptionD1Ev
                0x00000000        0x0 c:/utils/devkitpro/devkitppc/bin/../lib/gcc/powerpc-gekko/4.2.4/crtbegin.o
 .rela.text._ZNSt9exceptionD2Ev
                0x00000000        0x0 c:/utils/devkitpro/devkitppc/bin/../lib/gcc/powerpc-gekko/4.2.4/crtbegin.o
 .rela.text._ZNSt13bad_exceptionD0Ev
                0x00000000        0x0 c:/utils/devkitpro/devkitppc/bin/../lib/gcc/powerpc-gekko/4.2.4/crtbegin.o
 .rela.text._ZNSt13bad_exceptionD1Ev
                0x00000000        0x0 c:/utils/devkitpro/devkitppc/bin/../lib/gcc/powerpc-gekko/4.2.4/crtbegin.o
 .rela.text._ZNSt13bad_exceptionD2Ev
                0x00000000        0x0 c:/utils/devkitpro/devkitppc/bin/../lib/gcc/powerpc-gekko/4.2.4/crtbegin.o
 .rela.text._ZNSt9bad_allocD0Ev
                0x00000000        0x0 c:/utils/devkitpro/devkitppc/bin/../lib/gcc/powerpc-gekko/4.2.4/crtbegin.o
 .rela.text._ZNSt9bad_allocD1Ev
                0x00000000        0x0 c:/utils/devkitpro/devkitppc/bin/../lib/gcc/powerpc-gekko/4.2.4/crtbegin.o
 .rela.text._ZNSt9bad_allocD2Ev
                0x00000000        0x0 c:/utils/devkitpro/devkitppc/bin/../lib/gcc/powerpc-gekko/4.2.4/crtbegin.o
 .rela.text._Znwj
                0x00000000        0x0 c:/utils/devkitpro/devkitppc/bin/../lib/gcc/powerpc-gekko/4.2.4/crtbegin.o
 .rela.text._ZNSt9type_infoD0Ev
                0x00000000        0x0 c:/utils/devkitpro/devkitppc/bin/../lib/gcc/powerpc-gekko/4.2.4/crtbegin.o
 .rela.text._ZNSt9type_infoD1Ev
                0x00000000        0x0 c:/utils/devkitpro/devkitppc/bin/../lib/gcc/powerpc-gekko/4.2.4/crtbegin.o
 .rela.text._ZNSt9type_infoD2Ev
                0x00000000        0x0 c:/utils/devkitpro/devkitppc/bin/../lib/gcc/powerpc-gekko/4.2.4/crtbegin.o
 .rela.text._ZN10__cxxabiv117__class_type_infoD0Ev
                0x00000000        0x0 c:/utils/devkitpro/devkitppc/bin/../lib/gcc/powerpc-gekko/4.2.4/crtbegin.o
 .rela.text._ZN10__cxxabiv117__class_type_infoD1Ev
                0x00000000        0x0 c:/utils/devkitpro/devkitppc/bin/../lib/gcc/powerpc-gekko/4.2.4/crtbegin.o
 .rela.text._ZN10__cxxabiv117__class_type_infoD2Ev
                0x00000000        0x0 c:/utils/devkitpro/devkitppc/bin/../lib/gcc/powerpc-gekko/4.2.4/crtbegin.o
 .rela.text._ZN10__cxxabiv121__vmi_class_type_infoD0Ev
                0x00000000        0x0 c:/utils/devkitpro/devkitppc/bin/../lib/gcc/powerpc-gekko/4.2.4/crtbegin.o
 .rela.text._ZN10__cxxabiv121__vmi_class_type_infoD1Ev
                0x00000000        0x0 c:/utils/devkitpro/devkitppc/bin/../lib/gcc/powerpc-gekko/4.2.4/crtbegin.o
 .rela.text._ZN10__cxxabiv121__vmi_class_type_infoD2Ev
                0x00000000        0x0 c:/utils/devkitpro/devkitppc/bin/../lib/gcc/powerpc-gekko/4.2.4/crtbegin.o
 .rela.text._ZN10__cxxabiv120__si_class_type_infoD0Ev
                0x00000000        0x0 c:/utils/devkitpro/devkitppc/bin/../lib/gcc/powerpc-gekko/4.2.4/crtbegin.o
 .rela.text._ZN10__cxxabiv120__si_class_type_infoD1Ev
                0x00000000        0x0 c:/utils/devkitpro/devkitppc/bin/../lib/gcc/powerpc-gekko/4.2.4/crtbegin.o
 .rela.text._ZN10__cxxabiv120__si_class_type_infoD2Ev
                0x00000000        0x0 c:/utils/devkitpro/devkitppc/bin/../lib/gcc/powerpc-gekko/4.2.4/crtbegin.o
 .rela.text._ZNSt10bad_typeidD0Ev
                0x00000000        0x0 c:/utils/devkitpro/devkitppc/bin/../lib/gcc/powerpc-gekko/4.2.4/crtbegin.o
 .rela.text._ZNSt10bad_typeidD1Ev
                0x00000000        0x0 c:/utils/devkitpro/devkitppc/bin/../lib/gcc/powerpc-gekko/4.2.4/crtbegin.o
 .rela.text._ZNSt10bad_typeidD2Ev
                0x00000000        0x0 c:/utils/devkitpro/devkitppc/bin/../lib/gcc/powerpc-gekko/4.2.4/crtbegin.o
 .rela.text._ZNSt8bad_castD0Ev
                0x00000000        0x0 c:/utils/devkitpro/devkitppc/bin/../lib/gcc/powerpc-gekko/4.2.4/crtbegin.o
 .rela.text._ZNSt8bad_castD1Ev
                0x00000000        0x0 c:/utils/devkitpro/devkitppc/bin/../lib/gcc/powerpc-gekko/4.2.4/crtbegin.o
 .rela.text._ZNSt8bad_castD2Ev
                0x00000000        0x0 c:/utils/devkitpro/devkitppc/bin/../lib/gcc/powerpc-gekko/4.2.4/crtbegin.o

.rel.fini
 *(.rel.fini)

.rela.fini
 *(.rela.fini)

.rel.rodata
 *(.rel.rodata .rel.rodata.* .rel.gnu.linkonce.r.*)

.rela.rodata    0x80004208        0x0
 *(.rela.rodata .rela.rodata.* .rela.gnu.linkonce.r.*)
 .rela.rodata._ZTVSt13bad_exception
                0x00000000        0x0 c:/utils/devkitpro/devkitppc/bin/../lib/gcc/powerpc-gekko/4.2.4/crtbegin.o
 .rela.rodata._ZTVSt9exception
                0x00000000        0x0 c:/utils/devkitpro/devkitppc/bin/../lib/gcc/powerpc-gekko/4.2.4/crtbegin.o
 .rela.rodata._ZTISt13bad_exception
                0x00000000        0x0 c:/utils/devkitpro/devkitppc/bin/../lib/gcc/powerpc-gekko/4.2.4/crtbegin.o
 .rela.rodata._ZTVSt9bad_alloc
                0x00000000        0x0 c:/utils/devkitpro/devkitppc/bin/../lib/gcc/powerpc-gekko/4.2.4/crtbegin.o
 .rela.rodata._ZTISt9bad_alloc
                0x00000000        0x0 c:/utils/devkitpro/devkitppc/bin/../lib/gcc/powerpc-gekko/4.2.4/crtbegin.o
 .rela.rodata._ZTVN10__cxxabiv121__vmi_class_type_infoE
                0x00000000        0x0 c:/utils/devkitpro/devkitppc/bin/../lib/gcc/powerpc-gekko/4.2.4/crtbegin.o
 .rela.rodata._ZTVN10__cxxabiv120__si_class_type_infoE
                0x00000000        0x0 c:/utils/devkitpro/devkitppc/bin/../lib/gcc/powerpc-gekko/4.2.4/crtbegin.o
 .rela.rodata._ZTVN10__cxxabiv117__class_type_infoE
                0x00000000        0x0 c:/utils/devkitpro/devkitppc/bin/../lib/gcc/powerpc-gekko/4.2.4/crtbegin.o
 .rela.rodata._ZTVSt10bad_typeid
                0x00000000        0x0 c:/utils/devkitpro/devkitppc/bin/../lib/gcc/powerpc-gekko/4.2.4/crtbegin.o
 .rela.rodata._ZTVSt8bad_cast
                0x00000000        0x0 c:/utils/devkitpro/devkitppc/bin/../lib/gcc/powerpc-gekko/4.2.4/crtbegin.o
 .rela.rodata._ZTVSt9type_info
                0x00000000        0x0 c:/utils/devkitpro/devkitppc/bin/../lib/gcc/powerpc-gekko/4.2.4/crtbegin.o
 .rela.rodata._ZTIN10__cxxabiv121__vmi_class_type_infoE
                0x00000000        0x0 c:/utils/devkitpro/devkitppc/bin/../lib/gcc/powerpc-gekko/4.2.4/crtbegin.o
 .rela.rodata._ZTIN10__cxxabiv120__si_class_type_infoE
                0x00000000        0x0 c:/utils/devkitpro/devkitppc/bin/../lib/gcc/powerpc-gekko/4.2.4/crtbegin.o
 .rela.rodata._ZTIN10__cxxabiv117__class_type_infoE
                0x00000000        0x0 c:/utils/devkitpro/devkitppc/bin/../lib/gcc/powerpc-gekko/4.2.4/crtbegin.o
 .rela.rodata._ZTISt10bad_typeid
                0x00000000        0x0 c:/utils/devkitpro/devkitppc/bin/../lib/gcc/powerpc-gekko/4.2.4/crtbegin.o
 .rela.rodata._ZTISt8bad_cast
                0x00000000        0x0 c:/utils/devkitpro/devkitppc/bin/../lib/gcc/powerpc-gekko/4.2.4/crtbegin.o

.rel.data
 *(.rel.data .rel.data.* .rel.gnu.linkonce.d.*)

.rela.data
 *(.rela.data .rela.data.* .rela.gnu.linkonce.d.*)

.rel.tdata
 *(.rel.tdata .rel.tdata.* .rel.gnu.linkonce.td.*)

.rela.tdata
 *(.rela.tdata .rela.tdata.* .rela.gnu.linkonce.td.*)

.rel.tbss
 *(.rel.tbss .rel.tbss.* .rel.gnu.linkonce.tb.*)

.rela.tbss
 *(.rela.tbss .rela.tbss.* .rela.gnu.linkonce.tb.*)

.rel.ctors
 *(.rel.ctors)

.rela.ctors
 *(.rela.ctors)

.rel.dtors
 *(.rel.dtors)

.rela.dtors
 *(.rela.dtors)

.rel.got
 *(.rel.got)

.rela.got
 *(.rela.got)

.rela.got1
 *(.rela.got1)

.rela.got2      0x80004208        0x0
 *(.rela.got2)
 .rela.got2     0x00000000        0x0 c:/utils/devkitpro/devkitppc/bin/../lib/gcc/powerpc-gekko/4.2.4/crtbegin.o

.rel.sdata
 *(.rel.sdata .rel.sdata.* .rel.gnu.linkonce.s.*)

.rela.sdata     0x80004208        0x0
 *(.rela.sdata .rela.sdata.* .rela.gnu.linkonce.s.*)
 .rela.sdata._ZN10__cxxabiv119__terminate_handlerE
                0x00000000        0x0 c:/utils/devkitpro/devkitppc/bin/../lib/gcc/powerpc-gekko/4.2.4/crtbegin.o
 .rela.sdata._ZTISt9exception
                0x00000000        0x0 c:/utils/devkitpro/devkitppc/bin/../lib/gcc/powerpc-gekko/4.2.4/crtbegin.o
 .rela.sdata._ZTISt9type_info
                0x00000000        0x0 c:/utils/devkitpro/devkitppc/bin/../lib/gcc/powerpc-gekko/4.2.4/crtbegin.o

.rel.sbss
 *(.rel.sbss .rel.sbss.* .rel.gnu.linkonce.sb.*)

.rela.sbss
 *(.rela.sbss .rela.sbss.* .rel.gnu.linkonce.sb.*)

.rel.sdata2
 *(.rel.sdata2 .rel.sdata2.* .rel.gnu.linkonce.s2.*)

.rela.sdata2    0x80004208        0x0
 *(.rela.sdata2 .rela.sdata2.* .rela.gnu.linkonce.s2.*)
 .rela.sdata2.__sys_inIPL
                0x00000000        0x0 c:/utils/devkitpro/devkitppc/bin/../lib/gcc/powerpc-gekko/4.2.4/crtbegin.o
 .rela.sdata2.__gx
                0x00000000        0x0 c:/utils/devkitpro/devkitppc/bin/../lib/gcc/powerpc-gekko/4.2.4/crtbegin.o

.rel.sbss2
 *(.rel.sbss2 .rel.sbss2.* .rel.gnu.linkonce.sb2.*)

.rela.sbss2
 *(.rela.sbss2 .rela.sbss2.* .rela.gnu.linkonce.sb2.*)

.rel.bss
 *(.rel.bss .rel.bss.* .rel.gnu.linkonce.b.*)

.rela.bss
 *(.rela.bss .rela.bss.* .rela.gnu.linkonce.b.*)

.rel.plt
 *(.rel.plt)

.rela.plt
 *(.rela.plt)

.text           0x80004220    0x49760
 *(.text)
 .text          0x80004220      0x140 c:/utils/devkitpro/devkitppc/bin/../lib/gcc/powerpc-gekko/4.2.4/crtbegin.o
 .text          0x80004360       0x48 c:/utils/devkitpro/devkitppc/bin/../lib/gcc/powerpc-gekko/4.2.4/../../../../powerpc-gekko/lib/crtmain.o
                0x80004364                __crtmain
 .text          0x800043a8     0x2b9c lesson7.o
                0x80004730                Sys_Printf(char const*, ...)
                0x80005000                setlight(float (*) [4], float, float, float, _gx_color, _gx_color, _gx_color)
                0x800059f4                GL_CreateLightBulbTexI8(_gx_texobj*)
                0x800051f0                GL_CreateIntensityRampTex(_gx_texobj*)
                0x8000546c                GL_CreateTubeTex(_gx_texobj*)
                0x80004cd8                CalcTangSp2(_vecf*, float*, _vecf*, _vecf*)
                0x800043a8                SortST(float*, int*, int*)
                0x800046c0                Sys_WriteSocket(char*)
                0x80004b48                CalcTangSp(_vecf*, float*, _vecf*, _vecf*)
                0x80005708                GL_CreateLightBulbInvTexI8(_gx_texobj*)
                0x80005ce0                main
                0x800048e8                CalcTangSp3(_vecf*, float*, _vecf*, _vecf*)
                0x800044e0                CalcTangentSpace(_vecf*, float*, _vecf*, _vecf*)
                0x800047e0                Sys_AcceptLogTerminal()
 *fill*         0x80006f44       0x1c 00000000
 .text          0x80006f60      0x4ec c:/utils/devkitPro/libogc/lib/wii\libogc.a(lwp_handler.o)
                0x800070a0                _cpu_context_restore_fp
                0x80007360                _cpu_context_save
                0x80006f60                _cpu_context_save_fp
                0x800071e0                _cpu_context_switch
                0x800073e0                _cpu_context_restore
 .text          0x8000744c      0x4d8 c:/utils/devkitPro/libogc/lib/wii\libogc.a(cache_asm.o)
                0x80007728                L2Disable
                0x800074b0                DCBlockZero
                0x80007568                DCFlushRangeNoSync
                0x800076bc                ICBlockInvalidate
                0x8000744c                DCFlashInvalidate
                0x800074b8                DCBlockStore
                0x800075c8                DCZeroRange
                0x800078dc                LCLoadBlocks
                0x800074a8                DCTouchLoad
                0x8000789c                LCAllocTags
                0x80007684                ICDisable
                0x80007670                ICEnable
                0x80007740                L2GlobalInvalidate
                0x80007900                LCStoreBlocks
                0x80007660                ICFlashInvalidate
                0x800075f8                DCTouchRange
                0x80007598                DCStoreRangeNoSync
                0x80007698                ICFreeze
                0x80007470                DCDisable
                0x800074c0                DCBlockFlush
                0x8000745c                DCEnable
                0x80007714                L2Enable
                0x80007798                __LCEnable
                0x800074d0                DCInvalidateRange
                0x80007888                LCAllocOneTag
                0x80007498                DCUnfreeze
                0x80007628                ICInvalidateRange
                0x80007500                DCFlushRange
                0x800076c4                ICSync
                0x800074c8                DCBlockInvalidate
                0x80007484                DCFreeze
                0x800076cc                L2Init
                0x800076ac                ICUnfreeze
                0x80007534                DCStoreRange
                0x80007860                LCDisable
 .text          0x80007924      0x5c4 c:/utils/devkitPro/libogc/lib/wii\libogc.a(system_asm.o)
                0x800079bc                __configMEM1_48Mb
                0x80007e48                __reset
                0x80007924                __realmode
                0x80007d2c                __CacheInit
                0x80007b1c                __configMEM2_64Mb
                0x80007d90                __SystemInit
                0x80007c78                __configMEM2_128Mb
                0x8000793c                __configMEM1_24Mb
                0x80007cf4                __PSInit
                0x80007a3c                __configMEM2_56Mb
                0x80007b98                __configMEM2_112Mb
                0x80007e14                __flush_cache
                0x80007eb8                SYS_SwitchFiber
 .text          0x80007ee8      0xa34 c:/utils/devkitPro/libogc/lib/wii\libogc.a(gu_psasm.o)
                0x80007ee8                ps_guMtxConcat
                0x800083b0                ps_guMtxApplyTrans
                0x800088c0                ps_guQuatNormalize
                0x800085b4                ps_guMtxReflect
                0x80008690                ps_guVecNormalize
                0x80008718                ps_guVecDotProduct
                0x800084ec                __ps_guMtxRotAxisRadInternal
                0x8000816c                ps_guMtxInvXpos
                0x80008738                ps_guVecMultiply
                0x800088a0                ps_guQuatDotProduct
                0x800086dc                ps_guVecCross
                0x80008804                ps_guQuatSub
                0x800087e0                ps_guQuatAdd
                0x8000878c                ps_guVecMultiplySR
                0x80007fb4                ps_guMtxIdentity
                0x80008434                ps_guMtxRotTrig
                0x8000862c                ps_guVecAdd
                0x800082bc                ps_guMtxApplyScale
                0x80008674                ps_guVecScale
                0x80008234                ps_guMtxScale
                0x80007fe8                ps_guMtxCopy
                0x80008264                ps_guMtxScaleApply
                0x80008828                ps_guQuatMultiply
                0x8000801c                ps_guMtxTranspose
                0x80008074                ps_guMtxInverse
                0x80008328                ps_guMtxTrans
                0x80008364                ps_guMtxTransApply
                0x80008650                ps_guVecSub
 .text          0x8000891c      0x1b0 c:/utils/devkitPro/libogc/lib/wii\libogc.a(irq_handler.o)
                0x8000891c                irq_exceptionhandler
 .text          0x80008acc      0x1b0 c:/utils/devkitPro/libogc/lib/wii\libogc.a(decrementer_handler.o)
                0x80008acc                dec_exceptionhandler
 .text          0x80008c7c      0x34c c:/utils/devkitPro/libogc/lib/wii\libogc.a(exception_handler.o)
                0x80008c7c                exceptionhandler_start
                0x80008d30                default_exceptionhandler
                0x80008fc4                systemcallhandler_end
                0x80008fa8                systemcallhandler_start
                0x80008d2c                exceptionhandler_end
                0x80008cf8                exceptionhandler_patch
                0x80008e70                fpu_exceptionhandler
 .text          0x80008fc8     0x51d0 c:/utils/devkitpro/devkitppc/bin/../lib/gcc/powerpc-gekko/4.2.4/../../../../powerpc-gekko/lib\libstdc++.a(cp-demangle.o)
                0x8000e06c                __cxa_demangle
 .text          0x8000e198       0x34 c:/utils/devkitpro/devkitppc/bin/../lib/gcc/powerpc-gekko/4.2.4/../../../../powerpc-gekko/lib\libm.a(lib_a-s_atan2.o)
                0x8000e198                atan2
 .text          0x8000e1cc      0x284 c:/utils/devkitpro/devkitppc/bin/../lib/gcc/powerpc-gekko/4.2.4/../../../../powerpc-gekko/lib\libm.a(lib_a-s_atangent.o)
                0x8000e1cc                atangent
 .text          0x8000e450       0x24 c:/utils/devkitpro/devkitppc/bin/../lib/gcc/powerpc-gekko/4.2.4/../../../../powerpc-gekko/lib\libm.a(lib_a-s_cos.o)
                0x8000e450                cos
 .text          0x8000e474       0xb4 c:/utils/devkitpro/devkitppc/bin/../lib/gcc/powerpc-gekko/4.2.4/../../../../powerpc-gekko/lib\libm.a(lib_a-s_fabs.o)
                0x8000e474                fabs
 .text          0x8000e528       0xb4 c:/utils/devkitpro/devkitppc/bin/../lib/gcc/powerpc-gekko/4.2.4/../../../../powerpc-gekko/lib\libm.a(lib_a-s_frexp.o)
                0x8000e528                frexp
 .text          0x8000e5dc       0x50 c:/utils/devkitpro/devkitppc/bin/../lib/gcc/powerpc-gekko/4.2.4/../../../../powerpc-gekko/lib\libm.a(lib_a-s_numtest.o)
                0x8000e5dc                numtest
 .text          0x8000e62c       0x24 c:/utils/devkitpro/devkitppc/bin/../lib/gcc/powerpc-gekko/4.2.4/../../../../powerpc-gekko/lib\libm.a(lib_a-s_sin.o)
                0x8000e62c                sin
 .text          0x8000e650      0x2c4 c:/utils/devkitpro/devkitppc/bin/../lib/gcc/powerpc-gekko/4.2.4/../../../../powerpc-gekko/lib\libm.a(lib_a-s_sine.o)
                0x8000e650                sine
 .text          0x8000e914      0x184 c:/utils/devkitpro/devkitppc/bin/../lib/gcc/powerpc-gekko/4.2.4/../../../../powerpc-gekko/lib\libm.a(lib_a-s_sqrt.o)
                0x8000e914                sqrt
 .text          0x8000ea98       0xc8 c:/utils/devkitpro/devkitppc/bin/../lib/gcc/powerpc-gekko/4.2.4/../../../../powerpc-gekko/lib\libm.a(lib_a-sf_atan.o)
                0x8000ea98                atanf
 .text          0x8000eb60       0x38 c:/utils/devkitpro/devkitppc/bin/../lib/gcc/powerpc-gekko/4.2.4/../../../../powerpc-gekko/lib\libm.a(lib_a-sf_atan2.o)
                0x8000eb60                atan2f
 .text          0x8000eb98      0x250 c:/utils/devkitpro/devkitppc/bin/../lib/gcc/powerpc-gekko/4.2.4/../../../../powerpc-gekko/lib\libm.a(lib_a-sf_atangent.o)
                0x8000eb98                atangentf
 .text          0x8000ede8       0x24 c:/utils/devkitpro/devkitppc/bin/../lib/gcc/powerpc-gekko/4.2.4/../../../../powerpc-gekko/lib\libm.a(lib_a-sf_cos.o)
                0x8000ede8                cosf
 .text          0x8000ee0c       0xb4 c:/utils/devkitpro/devkitppc/bin/../lib/gcc/powerpc-gekko/4.2.4/../../../../powerpc-gekko/lib\libm.a(lib_a-sf_fabs.o)
                0x8000ee0c                fabsf
 .text          0x8000eec0       0xa8 c:/utils/devkitpro/devkitppc/bin/../lib/gcc/powerpc-gekko/4.2.4/../../../../powerpc-gekko/lib\libm.a(lib_a-sf_fpclassify.o)
                0x8000eec0                __fpclassifyf
 .text          0x8000ef68       0x90 c:/utils/devkitpro/devkitppc/bin/../lib/gcc/powerpc-gekko/4.2.4/../../../../powerpc-gekko/lib\libm.a(lib_a-sf_frexp.o)
                0x8000ef68                frexpf
 .text          0x8000eff8       0x24 c:/utils/devkitpro/devkitppc/bin/../lib/gcc/powerpc-gekko/4.2.4/../../../../powerpc-gekko/lib\libm.a(lib_a-sf_isinff.o)
                0x8000eff8                __isinff
 .text          0x8000f01c       0x28 c:/utils/devkitpro/devkitppc/bin/../lib/gcc/powerpc-gekko/4.2.4/../../../../powerpc-gekko/lib\libm.a(lib_a-sf_isnanf.o)
                0x8000f01c                __isnanf
 .text          0x8000f044       0x48 c:/utils/devkitpro/devkitppc/bin/../lib/gcc/powerpc-gekko/4.2.4/../../../../powerpc-gekko/lib\libm.a(lib_a-sf_numtest.o)
                0x8000f044                numtestf
 .text          0x8000f08c       0x24 c:/utils/devkitpro/devkitppc/bin/../lib/gcc/powerpc-gekko/4.2.4/../../../../powerpc-gekko/lib\libm.a(lib_a-sf_sin.o)
                0x8000f08c                sinf
 .text          0x8000f0b0      0x2b8 c:/utils/devkitpro/devkitppc/bin/../lib/gcc/powerpc-gekko/4.2.4/../../../../powerpc-gekko/lib\libm.a(lib_a-sf_sine.o)
                0x8000f0b0                sinef
 .text          0x8000f368      0x190 c:/utils/devkitpro/devkitppc/bin/../lib/gcc/powerpc-gekko/4.2.4/../../../../powerpc-gekko/lib\libm.a(lib_a-sf_sqrt.o)
                0x8000f368                sqrtf
 .text          0x8000f4f8      0x204 c:/utils/devkitpro/devkitppc/bin/../lib/gcc/powerpc-gekko/4.2.4/../../../../powerpc-gekko/lib\libm.a(lib_a-sf_tan.o)
                0x8000f4f8                tanf
 .text          0x8000f6fc       0x1c c:/utils/devkitpro/devkitppc/bin/../lib/gcc/powerpc-gekko/4.2.4/../../../../powerpc-gekko/lib\libm.a(lib_a-s_ispos.o)
                0x8000f6fc                ispos
 .text          0x8000f718      0x154 c:/utils/devkitpro/devkitppc/bin/../lib/gcc/powerpc-gekko/4.2.4/../../../../powerpc-gekko/lib\libm.a(lib_a-s_ldexp.o)
                0x8000f718                ldexp
 .text          0x8000f86c       0x1c c:/utils/devkitpro/devkitppc/bin/../lib/gcc/powerpc-gekko/4.2.4/../../../../powerpc-gekko/lib\libm.a(lib_a-sf_ispos.o)
                0x8000f86c                isposf
 .text          0x8000f888      0x14c c:/utils/devkitpro/devkitppc/bin/../lib/gcc/powerpc-gekko/4.2.4/../../../../powerpc-gekko/lib\libm.a(lib_a-sf_ldexp.o)
                0x8000f888                ldexpf
 .text          0x8000f9d4      0x408 c:/utils/devkitpro/devkitppc/bin/../lib/gcc/powerpc-gekko/4.2.4\libgcc.a(_udivdi3.o)
                0x8000f9d4                __udivdi3
 .text          0x8000fddc     0x2b58 c:/utils/devkitpro/devkitppc/bin/../lib/gcc/powerpc-gekko/4.2.4\libgcc.a(unwind-dw2.o)
                0x80010210                _Unwind_GetIPInfo
                0x8000fe60                _Unwind_GetIP
                0x80012390                _Unwind_Resume_or_Rethrow
                0x8000fe78                _Unwind_GetRegionStart
                0x80011d40                _Unwind_Backtrace
                0x8000fe58                _Unwind_GetCFA
                0x80010c24                __frame_state_for
                0x8001256c                _Unwind_Resume
                0x8000fe90                _Unwind_DeleteException
                0x80011fd8                _Unwind_RaiseException
                0x8000fe68                _Unwind_SetIP
                0x8000fe88                _Unwind_GetTextRelBase
                0x800101d8                _Unwind_FindEnclosingFunction
                0x8000fe70                _Unwind_GetLanguageSpecificData
                0x80012750                _Unwind_ForcedUnwind
                0x8000fec8                _Unwind_SetGR
                0x8000ff50                _Unwind_GetGR
                0x8000fe80                _Unwind_GetDataRelBase
 .text          0x80012934     0x176c c:/utils/devkitpro/devkitppc/bin/../lib/gcc/powerpc-gekko/4.2.4\libgcc.a(unwind-dw2-fde.o)
                0x80013ee0                _Unwind_Find_FDE
                0x800135ac                __register_frame
                0x80013574                __register_frame_table
                0x800129b0                __register_frame_info_bases
                0x80013dd8                __deregister_frame_info
                0x80013ccc                __deregister_frame_info_bases
                0x80012a04                __register_frame_info_table_bases
                0x80013ddc                __deregister_frame
                0x80012a38                __register_frame_info_table
                0x800129f8                __register_frame_info
 .text          0x800140a0       0x28 c:/utils/devkitpro/devkitppc/bin/../lib/gcc/powerpc-gekko/4.2.4/../../../../powerpc-gekko/lib\libsysbase.a(abort.o)
                0x800140a0                abort
 .text          0x800140c8      0x2c4 c:/utils/devkitpro/devkitppc/bin/../lib/gcc/powerpc-gekko/4.2.4/../../../../powerpc-gekko/lib\libsysbase.a(iosupport.o)
                0x8001433c                RemoveDevice
                0x800140c8                setDefaultDevice
                0x800140e0                AddDevice
                0x800142f8                GetDeviceOpTab
                0x80014208                FindDevice
 .text          0x8001438c       0x28 c:/utils/devkitpro/devkitppc/bin/../lib/gcc/powerpc-gekko/4.2.4/../../../../powerpc-gekko/lib\libsysbase.a(_exit.o)
                0x8001438c                _exit
 .text          0x800143b4       0x9c c:/utils/devkitpro/devkitppc/bin/../lib/gcc/powerpc-gekko/4.2.4/../../../../powerpc-gekko/lib\libsysbase.a(build_argv.o)
                0x800143b4                build_argv
 .text          0x80014450      0x168 c:/utils/devkitpro/devkitppc/bin/../lib/gcc/powerpc-gekko/4.2.4/../../../../powerpc-gekko/lib\libsysbase.a(syscall_support.o)
                0x80014584                __malloc_unlock
                0x800144d0                __libc_lock_release
                0x80014450                __libc_lock_init
                0x80014550                __malloc_lock
                0x80014490                __libc_lock_close
                0x80014510                __libc_lock_acquire
 .text          0x800145b8       0x34 c:/utils/devkitpro/devkitppc/bin/../lib/gcc/powerpc-gekko/4.2.4/../../../../powerpc-gekko/lib\libc.a(lib_a-calloc.o)
                0x800145b8                calloc
 .text          0x800145ec       0xd0 c:/utils/devkitpro/devkitppc/bin/../lib/gcc/powerpc-gekko/4.2.4/../../../../powerpc-gekko/lib\libc.a(lib_a-callocr.o)
                0x800145ec                _calloc_r
 .text          0x800146bc        0xc c:/utils/devkitpro/devkitppc/bin/../lib/gcc/powerpc-gekko/4.2.4/../../../../powerpc-gekko/lib\libc.a(lib_a-errno.o)
                0x800146bc                __errno
 .text          0x800146c8       0x40 c:/utils/devkitpro/devkitppc/bin/../lib/gcc/powerpc-gekko/4.2.4/../../../../powerpc-gekko/lib\libc.a(lib_a-exit.o)
                0x800146c8                exit
 .text          0x80014708      0x188 c:/utils/devkitpro/devkitppc/bin/../lib/gcc/powerpc-gekko/4.2.4/../../../../powerpc-gekko/lib\libc.a(lib_a-fclose.o)
                0x80014708                _fclose_r
                0x80014880                fclose
 .text          0x80014890      0x370 c:/utils/devkitpro/devkitppc/bin/../lib/gcc/powerpc-gekko/4.2.4/../../../../powerpc-gekko/lib\libc.a(lib_a-fflush.o)
                0x80014bb0                fflush
                0x80014890                _fflush_r
 .text          0x80014c00      0x4e0 c:/utils/devkitpro/devkitppc/bin/../lib/gcc/powerpc-gekko/4.2.4/../../../../powerpc-gekko/lib\libc.a(lib_a-findfp.o)
                0x80014e90                __sinit
                0x80014f2c                __sfmoreglue
                0x80014c28                _cleanup
                0x80014c00                _cleanup_r
                0x80014dbc                __fp_lock_all
                0x80014d6c                __sfp_lock_acquire
                0x80014fa4                __sfp
                0x80014c94                __sinit_lock_release
                0x80014ce8                __fp_unlock_all
                0x80014cbc                __sfp_lock_release
                0x80014d20                __sinit_lock_acquire
 .text          0x800150e0      0x110 c:/utils/devkitpro/devkitppc/bin/../lib/gcc/powerpc-gekko/4.2.4/../../../../powerpc-gekko/lib\libc.a(lib_a-fprintf.o)
                0x800150e0                fprintf
                0x80015174                _fprintf_r
 .text          0x800151f0      0x144 c:/utils/devkitpro/devkitppc/bin/../lib/gcc/powerpc-gekko/4.2.4/../../../../powerpc-gekko/lib\libc.a(lib_a-fputc.o)
                0x80015298                _fputc_r
                0x800151f0                fputc
 .text          0x80015334       0xfc c:/utils/devkitpro/devkitppc/bin/../lib/gcc/powerpc-gekko/4.2.4/../../../../powerpc-gekko/lib\libc.a(lib_a-fputs.o)
                0x80015334                _fputs_r
                0x80015418                fputs
 .text          0x80015430      0x420 c:/utils/devkitpro/devkitppc/bin/../lib/gcc/powerpc-gekko/4.2.4/../../../../powerpc-gekko/lib\libc.a(lib_a-fread.o)
                0x80015828                fread
                0x80015430                _fread_r
 .text          0x80015850      0x3f8 c:/utils/devkitpro/devkitppc/bin/../lib/gcc/powerpc-gekko/4.2.4/../../../../powerpc-gekko/lib\libc.a(lib_a-freer.o)
                0x8001596c                _free_r
                0x80015850                _malloc_trim_r
 .text          0x80015c48      0x6ac c:/utils/devkitpro/devkitppc/bin/../lib/gcc/powerpc-gekko/4.2.4/../../../../powerpc-gekko/lib\libc.a(lib_a-fseek.o)
                0x800162d4                fseek
                0x80015c48                _fseek_r
 .text          0x800162f4      0x528 c:/utils/devkitpro/devkitppc/bin/../lib/gcc/powerpc-gekko/4.2.4/../../../../powerpc-gekko/lib\libc.a(lib_a-fvwrite.o)
                0x800162f4                __sfvwrite_r
 .text          0x8001681c      0x194 c:/utils/devkitpro/devkitppc/bin/../lib/gcc/powerpc-gekko/4.2.4/../../../../powerpc-gekko/lib\libc.a(lib_a-fwalk.o)
                0x800168ec                _fwalk
                0x8001681c                _fwalk_reent
 .text          0x800169b0      0x1a4 c:/utils/devkitpro/devkitppc/bin/../lib/gcc/powerpc-gekko/4.2.4/../../../../powerpc-gekko/lib\libc.a(lib_a-fwrite.o)
                0x800169b0                _fwrite_r
                0x80016b2c                fwrite
 .text          0x80016b54      0x1c0 c:/utils/devkitpro/devkitppc/bin/../lib/gcc/powerpc-gekko/4.2.4/../../../../powerpc-gekko/lib\libc.a(lib_a-makebuf.o)
                0x80016b54                __smakebuf_r
 .text          0x80016d14       0x34 c:/utils/devkitpro/devkitppc/bin/../lib/gcc/powerpc-gekko/4.2.4/../../../../powerpc-gekko/lib\libc.a(lib_a-malign.o)
                0x80016d14                memalign
 .text          0x80016d48      0x1b0 c:/utils/devkitpro/devkitppc/bin/../lib/gcc/powerpc-gekko/4.2.4/../../../../powerpc-gekko/lib\libc.a(lib_a-malignr.o)
                0x80016d48                _memalign_r
 .text          0x80016ef8       0x58 c:/utils/devkitpro/devkitppc/bin/../lib/gcc/powerpc-gekko/4.2.4/../../../../powerpc-gekko/lib\libc.a(lib_a-malloc.o)
                0x80016f24                malloc
                0x80016ef8                free
 .text          0x80016f50      0x86c c:/utils/devkitpro/devkitppc/bin/../lib/gcc/powerpc-gekko/4.2.4/../../../../powerpc-gekko/lib\libc.a(lib_a-mallocr.o)
                0x80016f50                _malloc_r
 .text          0x800177bc       0xdc c:/utils/devkitpro/devkitppc/bin/../lib/gcc/powerpc-gekko/4.2.4/../../../../powerpc-gekko/lib\libc.a(lib_a-memchr.o)
                0x800177bc                memchr
 .text          0x80017898       0x8c c:/utils/devkitpro/devkitppc/bin/../lib/gcc/powerpc-gekko/4.2.4/../../../../powerpc-gekko/lib\libc.a(lib_a-memcmp.o)
                0x80017898                memcmp
 .text          0x80017924       0xc8 c:/utils/devkitpro/devkitppc/bin/../lib/gcc/powerpc-gekko/4.2.4/../../../../powerpc-gekko/lib\libc.a(lib_a-memcpy.o)
                0x80017924                memcpy
 .text          0x800179ec      0x104 c:/utils/devkitpro/devkitppc/bin/../lib/gcc/powerpc-gekko/4.2.4/../../../../powerpc-gekko/lib\libc.a(lib_a-memmove.o)
                0x800179ec                memmove
 .text          0x80017af0       0xe4 c:/utils/devkitpro/devkitppc/bin/../lib/gcc/powerpc-gekko/4.2.4/../../../../powerpc-gekko/lib\libc.a(lib_a-memset.o)
                0x80017af0                memset
 .text          0x80017bd4      0x124 c:/utils/devkitpro/devkitppc/bin/../lib/gcc/powerpc-gekko/4.2.4/../../../../powerpc-gekko/lib\libc.a(lib_a-printf.o)
                0x80017bd4                printf
                0x80017c6c                _printf_r
 .text          0x80017cf8      0x25c c:/utils/devkitpro/devkitppc/bin/../lib/gcc/powerpc-gekko/4.2.4/../../../../powerpc-gekko/lib\libc.a(lib_a-putc.o)
                0x80017e2c                _putc_r
                0x80017cf8                putc
 .text          0x80017f54       0x58 c:/utils/devkitpro/devkitppc/bin/../lib/gcc/powerpc-gekko/4.2.4/../../../../powerpc-gekko/lib\libc.a(lib_a-putchar.o)
                0x80017f54                putchar
                0x80017f88                _putchar_r
 .text          0x80017fac       0xd0 c:/utils/devkitpro/devkitppc/bin/../lib/gcc/powerpc-gekko/4.2.4/../../../../powerpc-gekko/lib\libc.a(lib_a-puts.o)
                0x80017fac                _puts_r
                0x8001806c                puts
 .text          0x8001807c       0x34 c:/utils/devkitpro/devkitppc/bin/../lib/gcc/powerpc-gekko/4.2.4/../../../../powerpc-gekko/lib\libc.a(lib_a-realloc.o)
                0x8001807c                realloc
 .text          0x800180b0      0x668 c:/utils/devkitpro/devkitppc/bin/../lib/gcc/powerpc-gekko/4.2.4/../../../../powerpc-gekko/lib\libc.a(lib_a-reallocr.o)
                0x800180b0                _realloc_r
 .text          0x80018718      0x248 c:/utils/devkitpro/devkitppc/bin/../lib/gcc/powerpc-gekko/4.2.4/../../../../powerpc-gekko/lib\libc.a(lib_a-reent.o)
                0x800187d8                cleanup_glue
                0x80018828                _reclaim_reent
                0x80018718                _wrapup_reent
 .text          0x80018960      0x264 c:/utils/devkitpro/devkitppc/bin/../lib/gcc/powerpc-gekko/4.2.4/../../../../powerpc-gekko/lib\libc.a(lib_a-refill.o)
                0x80018960                __srefill_r
 .text          0x80018bc4      0x2cc c:/utils/devkitpro/devkitppc/bin/../lib/gcc/powerpc-gekko/4.2.4/../../../../powerpc-gekko/lib\libc.a(lib_a-setvbuf.o)
                0x80018bc4                setvbuf
 .text          0x80018e90      0x230 c:/utils/devkitpro/devkitppc/bin/../lib/gcc/powerpc-gekko/4.2.4/../../../../powerpc-gekko/lib\libc.a(lib_a-snprintf.o)
                0x80018e90                snprintf
                0x80018fa8                _snprintf_r
 .text          0x800190c0      0x184 c:/utils/devkitpro/devkitppc/bin/../lib/gcc/powerpc-gekko/4.2.4/../../../../powerpc-gekko/lib\libc.a(lib_a-stdio.o)
                0x800190e4                __sseek
                0x800191e0                __sread
                0x800190c0                __sclose
                0x80019154                __swrite
 .text          0x80019244       0x88 c:/utils/devkitpro/devkitppc/bin/../lib/gcc/powerpc-gekko/4.2.4/../../../../powerpc-gekko/lib\libc.a(lib_a-strcat.o)
                0x80019244                strcat
 .text          0x800192cc      0x188 c:/utils/devkitpro/devkitppc/bin/../lib/gcc/powerpc-gekko/4.2.4/../../../../powerpc-gekko/lib\libc.a(lib_a-strchr.o)
                0x800192cc                strchr
 .text          0x80019454       0xc0 c:/utils/devkitpro/devkitppc/bin/../lib/gcc/powerpc-gekko/4.2.4/../../../../powerpc-gekko/lib\libc.a(lib_a-strcmp.o)
                0x80019454                strcmp
 .text          0x80019514       0x74 c:/utils/devkitpro/devkitppc/bin/../lib/gcc/powerpc-gekko/4.2.4/../../../../powerpc-gekko/lib\libc.a(lib_a-strcpy.o)
                0x80019514                strcpy
 .text          0x80019588       0xa4 c:/utils/devkitpro/devkitppc/bin/../lib/gcc/powerpc-gekko/4.2.4/../../../../powerpc-gekko/lib\libc.a(lib_a-strlen.o)
                0x80019588                strlen
 .text          0x8001962c      0x144 c:/utils/devkitpro/devkitppc/bin/../lib/gcc/powerpc-gekko/4.2.4/../../../../powerpc-gekko/lib\libc.a(lib_a-strncmp.o)
                0x8001962c                strncmp
 .text          0x80019770       0x44 c:/utils/devkitpro/devkitppc/bin/../lib/gcc/powerpc-gekko/4.2.4/../../../../powerpc-gekko/lib\libc.a(lib_a-strnlen.o)
                0x80019770                strnlen
 .text          0x800197b4      0x1f4 c:/utils/devkitpro/devkitppc/bin/../lib/gcc/powerpc-gekko/4.2.4/../../../../powerpc-gekko/lib\libc.a(lib_a-strtoul.o)
                0x80019988                strtoul
                0x800197b4                _strtoul_r
 .text          0x800199a8      0x290 c:/utils/devkitpro/devkitppc/bin/../lib/gcc/powerpc-gekko/4.2.4/../../../../powerpc-gekko/lib\libc.a(lib_a-strtoull_r.o)
                0x800199a8                _strtoull_r
 .text          0x80019c38     0x23c8 c:/utils/devkitpro/devkitppc/bin/../lib/gcc/powerpc-gekko/4.2.4/../../../../powerpc-gekko/lib\libc.a(lib_a-svfprintf.o)
                0x80019e50                _svfprintf_r
 .text          0x8001c000       0x3c c:/utils/devkitpro/devkitppc/bin/../lib/gcc/powerpc-gekko/4.2.4/../../../../powerpc-gekko/lib\libc.a(lib_a-syswrite.o)
                0x8001c000                write
 .text          0x8001c03c     0x2360 c:/utils/devkitpro/devkitppc/bin/../lib/gcc/powerpc-gekko/4.2.4/../../../../powerpc-gekko/lib\libc.a(lib_a-vfprintf.o)
                0x8001c09c                _vfprintf_r
                0x8001e37c                vfprintf
 .text          0x8001e39c      0x120 c:/utils/devkitpro/devkitppc/bin/../lib/gcc/powerpc-gekko/4.2.4/../../../../powerpc-gekko/lib\libc.a(lib_a-vsnprintf.o)
                0x8001e494                vsnprintf
                0x8001e39c                _vsnprintf_r
 .text          0x8001e4bc      0x188 c:/utils/devkitpro/devkitppc/bin/../lib/gcc/powerpc-gekko/4.2.4/../../../../powerpc-gekko/lib\libc.a(lib_a-wbuf.o)
                0x8001e4bc                __swbuf_r
                0x8001e62c                __swbuf
 .text          0x8001e644       0xa4 c:/utils/devkitpro/devkitppc/bin/../lib/gcc/powerpc-gekko/4.2.4/../../../../powerpc-gekko/lib\libc.a(lib_a-wcrtomb.o)
                0x8001e644                _wcrtomb_r
                0x8001e6c8                wcrtomb
 .text          0x8001e6e8      0x1d4 c:/utils/devkitpro/devkitppc/bin/../lib/gcc/powerpc-gekko/4.2.4/../../../../powerpc-gekko/lib\libc.a(lib_a-wcsrtombs.o)
                0x8001e6e8                _wcsrtombs_r
                0x8001e894                wcsrtombs
 .text          0x8001e8bc      0x464 c:/utils/devkitpro/devkitppc/bin/../lib/gcc/powerpc-gekko/4.2.4/../../../../powerpc-gekko/lib\libc.a(lib_a-wctomb_r.o)
                0x8001e8bc                _wctomb_r
 .text          0x8001ed20      0x178 c:/utils/devkitpro/devkitppc/bin/../lib/gcc/powerpc-gekko/4.2.4/../../../../powerpc-gekko/lib\libc.a(lib_a-wsetup.o)
                0x8001ed20                __swsetup_r
 .text          0x8001ee98      0x1ac c:/utils/devkitpro/devkitppc/bin/../lib/gcc/powerpc-gekko/4.2.4/../../../../powerpc-gekko/lib\libc.a(lib_a-__call_atexit.o)
                0x8001ee98                __call_exitprocs
 .text          0x8001f044     0x13a0 c:/utils/devkitpro/devkitppc/bin/../lib/gcc/powerpc-gekko/4.2.4/../../../../powerpc-gekko/lib\libc.a(lib_a-dtoa.o)
                0x8001f290                _dtoa_r
 .text          0x800203e4      0x4c4 c:/utils/devkitpro/devkitppc/bin/../lib/gcc/powerpc-gekko/4.2.4/../../../../powerpc-gekko/lib\libc.a(lib_a-locale.o)
                0x80020408                _setlocale_r
                0x800203e4                __locale_charset
                0x800203f0                _localeconv_r
                0x80020890                setlocale
                0x800203fc                localeconv
 .text          0x800208a8      0x9a8 c:/utils/devkitpro/devkitppc/bin/../lib/gcc/powerpc-gekko/4.2.4/../../../../powerpc-gekko/lib\libc.a(lib_a-mbtowc_r.o)
                0x800208a8                _mbtowc_r
 .text          0x80021250     0x1128 c:/utils/devkitpro/devkitppc/bin/../lib/gcc/powerpc-gekko/4.2.4/../../../../powerpc-gekko/lib\libc.a(lib_a-mprec.o)
                0x800216b8                _mprec_log10
                0x8002175c                __any_on
                0x800217fc                _Balloc
                0x800215f4                __ratio
                0x80021fd0                __i2b
                0x800214a4                __b2d
                0x80022250                __s2b
                0x800213a4                __mcmp
                0x80021274                __hi0bits
                0x80022124                __pow5mult
                0x80021c30                __lshift
                0x80021d98                __multiply
                0x800218cc                __d2b
                0x800216f4                __copybits
                0x80021404                __ulp
                0x80021a74                __mdiff
                0x800212e0                __lo0bits
                0x8002200c                __multadd
                0x80021250                _Bfree
 .text          0x80022378       0x44 c:/utils/devkitpro/devkitppc/bin/../lib/gcc/powerpc-gekko/4.2.4/../../../../powerpc-gekko/lib\libc.a(lib_a-s_isinfd.o)
                0x80022378                __isinfd
 .text          0x800223bc       0x38 c:/utils/devkitpro/devkitppc/bin/../lib/gcc/powerpc-gekko/4.2.4/../../../../powerpc-gekko/lib\libc.a(lib_a-s_isnand.o)
                0x800223bc                __isnand
 .text          0x800223f4       0xa0 c:/utils/devkitpro/devkitppc/bin/../lib/gcc/powerpc-gekko/4.2.4/../../../../powerpc-gekko/lib\libsysbase.a(close.o)
                0x800223f4                _close_r
 .text          0x80022494       0xc4 c:/utils/devkitpro/devkitppc/bin/../lib/gcc/powerpc-gekko/4.2.4/../../../../powerpc-gekko/lib\libsysbase.a(fstat.o)
                0x80022494                _fstat_r
 .text          0x80022558        0x8 c:/utils/devkitpro/devkitppc/bin/../lib/gcc/powerpc-gekko/4.2.4/../../../../powerpc-gekko/lib\libsysbase.a(isatty.o)
                0x80022558                _isatty_r
 .text          0x80022560       0xe8 c:/utils/devkitpro/devkitppc/bin/../lib/gcc/powerpc-gekko/4.2.4/../../../../powerpc-gekko/lib\libsysbase.a(lseek.o)
                0x80022560                _lseek_r
 .text          0x80022648       0xcc c:/utils/devkitpro/devkitppc/bin/../lib/gcc/powerpc-gekko/4.2.4/../../../../powerpc-gekko/lib\libsysbase.a(read.o)
                0x80022648                _read_r
 .text          0x80022714       0x50 c:/utils/devkitpro/devkitppc/bin/../lib/gcc/powerpc-gekko/4.2.4/../../../../powerpc-gekko/lib\libsysbase.a(sbrk.o)
                0x80022714                _sbrk_r
 .text          0x80022764       0xcc c:/utils/devkitpro/devkitppc/bin/../lib/gcc/powerpc-gekko/4.2.4/../../../../powerpc-gekko/lib\libsysbase.a(write.o)
                0x80022764                _write_r
 .text          0x80022830       0x6c c:/utils/devkitpro/devkitppc/bin/../lib/gcc/powerpc-gekko/4.2.4/../../../../powerpc-gekko/lib\libsysbase.a(flock.o)
                0x80022854                __flockfile
                0x80022830                __funlockfile
 .text          0x8002289c      0x120 c:/utils/devkitpro/devkitppc/bin/../lib/gcc/powerpc-gekko/4.2.4/../../../../powerpc-gekko/lib\libsysbase.a(handle_manager.o)
                0x80022960                __release_handle
                0x800228c8                __alloc_handle
                0x8002289c                __get_handle
 .text          0x800229bc      0x450 c:/utils/devkitpro/devkitppc/bin/../lib/gcc/powerpc-gekko/4.2.4\libgcc.a(_umoddi3.o)
                0x800229bc                __umoddi3
 .text          0x80022e0c       0x6c c:/utils/devkitpro/devkitppc/bin/../lib/gcc/powerpc-gekko/4.2.4/crtend.o
 *(.text.*)
 .text.__wpad_assign_slot
                0x80022e78      0x24c c:/utils/devkitPro/libogc/lib/wii\libwiiuse.a(wpad.o)
                0x80022e78                __wpad_assign_slot
 .text.__wpad_disconnectCB
                0x800230c4      0x100 c:/utils/devkitPro/libogc/lib/wii\libwiiuse.a(wpad.o)
                0x800230c4                __wpad_disconnectCB
 .text.WPAD_ButtonsDown
                0x800231c4       0x28 c:/utils/devkitPro/libogc/lib/wii\libwiiuse.a(wpad.o)
                0x800231c4                WPAD_ButtonsDown
 .text.WPAD_ButtonsHeld
                0x800231ec       0x28 c:/utils/devkitPro/libogc/lib/wii\libwiiuse.a(wpad.o)
                0x800231ec                WPAD_ButtonsHeld
 .text.__wpad_disconnect
                0x80023214       0x58 c:/utils/devkitPro/libogc/lib/wii\libwiiuse.a(wpad.o)
 .text.WPAD_Shutdown
                0x8002326c      0x100 c:/utils/devkitPro/libogc/lib/wii\libwiiuse.a(wpad.o)
                0x8002326c                WPAD_Shutdown
 .text.__wpad_onreset
                0x8002336c       0x2c c:/utils/devkitPro/libogc/lib/wii\libwiiuse.a(wpad.o)
 .text.__wpad_timeouthandler
                0x80023398       0xb8 c:/utils/devkitPro/libogc/lib/wii\libwiiuse.a(wpad.o)
 .text.__wpad_def_powcb
                0x80023450       0x20 c:/utils/devkitPro/libogc/lib/wii\libwiiuse.a(wpad.o)
 .text.__wpad_setfmt
                0x80023470      0x110 c:/utils/devkitPro/libogc/lib/wii\libwiiuse.a(wpad.o)
 .text.WPAD_ReadEvent
                0x80023580      0x5a4 c:/utils/devkitPro/libogc/lib/wii\libwiiuse.a(wpad.o)
                0x80023580                WPAD_ReadEvent
 .text.WPAD_ReadPending
                0x80023b24      0x16c c:/utils/devkitPro/libogc/lib/wii\libwiiuse.a(wpad.o)
                0x80023b24                WPAD_ReadPending
 .text.WPAD_ScanPads
                0x80023c90        0xc c:/utils/devkitPro/libogc/lib/wii\libwiiuse.a(wpad.o)
                0x80023c90                WPAD_ScanPads
 .text.WPAD_Init
                0x80023c9c      0x20c c:/utils/devkitPro/libogc/lib/wii\libwiiuse.a(wpad.o)
                0x80023c9c                WPAD_Init
 .text.__initcore_finished
                0x80023ea8       0x40 c:/utils/devkitPro/libogc/lib/wii\libwiiuse.a(wpad.o)
 .text.__readlinkkey_finished
                0x80023ee8       0x38 c:/utils/devkitPro/libogc/lib/wii\libwiiuse.a(wpad.o)
 .text.__wpad_patch_finished
                0x80023f20       0x2c c:/utils/devkitPro/libogc/lib/wii\libwiiuse.a(wpad.o)
 .text.__wpad_init_finished
                0x80023f4c      0x1d4 c:/utils/devkitPro/libogc/lib/wii\libwiiuse.a(wpad.o)
 .text.__wpad_eventCB
                0x80024120      0x998 c:/utils/devkitPro/libogc/lib/wii\libwiiuse.a(wpad.o)
 .text.calculate_gforce
                0x80024ab8       0xfc c:/utils/devkitPro/libogc/lib/wii\libwiiuse.a(dynamics.o)
                0x80024ab8                calculate_gforce
 .text.calc_balanceboard_state
                0x80024bb4      0x380 c:/utils/devkitPro/libogc/lib/wii\libwiiuse.a(dynamics.o)
                0x80024bb4                calc_balanceboard_state
 .text.apply_smoothing
                0x80024f34      0x184 c:/utils/devkitPro/libogc/lib/wii\libwiiuse.a(dynamics.o)
                0x80024f34                apply_smoothing
 .text.calc_joystick_state
                0x800250b8      0x274 c:/utils/devkitPro/libogc/lib/wii\libwiiuse.a(dynamics.o)
                0x800250b8                calc_joystick_state
 .text.calculate_orientation
                0x8002532c      0x2ec c:/utils/devkitPro/libogc/lib/wii\libwiiuse.a(dynamics.o)
                0x8002532c                calculate_orientation
 .text.wiiuse_io_write
                0x80025618       0x44 c:/utils/devkitPro/libogc/lib/wii\libwiiuse.a(io_wii.o)
                0x80025618                wiiuse_io_write
 .text.__wiiuse_disconnected
                0x8002565c       0xb0 c:/utils/devkitPro/libogc/lib/wii\libwiiuse.a(io_wii.o)
 .text.__wiiuse_sent
                0x8002570c       0xc4 c:/utils/devkitPro/libogc/lib/wii\libwiiuse.a(io_wii.o)
 .text.wiiuse_init_cmd_queue
                0x800257d0       0x4c c:/utils/devkitPro/libogc/lib/wii\libwiiuse.a(io_wii.o)
                0x800257d0                wiiuse_init_cmd_queue
 .text.wiiuse_disconnect
                0x8002581c       0x40 c:/utils/devkitPro/libogc/lib/wii\libwiiuse.a(io_wii.o)
                0x8002581c                wiiuse_disconnect
 .text.wiiuse_register
                0x8002585c       0xe4 c:/utils/devkitPro/libogc/lib/wii\libwiiuse.a(io_wii.o)
                0x8002585c                wiiuse_register
 .text.__wiiuse_connected
                0x80025940       0x9c c:/utils/devkitPro/libogc/lib/wii\libwiiuse.a(io_wii.o)
 .text.__wiiuse_receive
                0x800259dc       0xc8 c:/utils/devkitPro/libogc/lib/wii\libwiiuse.a(io_wii.o)
 .text.__wiiuse_sensorbar_enable
                0x80025aa4       0x50 c:/utils/devkitPro/libogc/lib/wii\libwiiuse.a(io_wii.o)
                0x80025aa4                __wiiuse_sensorbar_enable
 .text.get_ir_sens
                0x80025af4       0xec c:/utils/devkitPro/libogc/lib/wii\libwiiuse.a(ir.o)
 .text.wiiuse_set_ir_position
                0x80025be0       0x80 c:/utils/devkitPro/libogc/lib/wii\libwiiuse.a(ir.o)
                0x80025be0                wiiuse_set_ir_position
 .text.wiiuse_set_aspect_ratio
                0x80025c60       0x44 c:/utils/devkitPro/libogc/lib/wii\libwiiuse.a(ir.o)
                0x80025c60                wiiuse_set_aspect_ratio
 .text.calculate_basic_ir
                0x80025ca4       0xf4 c:/utils/devkitPro/libogc/lib/wii\libwiiuse.a(ir.o)
                0x80025ca4                calculate_basic_ir
 .text.calculate_extended_ir
                0x80025d98       0x70 c:/utils/devkitPro/libogc/lib/wii\libwiiuse.a(ir.o)
                0x80025d98                calculate_extended_ir
 .text.calc_yaw
                0x80025e08       0x54 c:/utils/devkitPro/libogc/lib/wii\libwiiuse.a(ir.o)
                0x80025e08                calc_yaw
 .text.apply_ir_smoothing
                0x80025e5c       0xf4 c:/utils/devkitPro/libogc/lib/wii\libwiiuse.a(ir.o)
                0x80025e5c                apply_ir_smoothing
 .text.rotate_dots
                0x80025f50      0x120 c:/utils/devkitPro/libogc/lib/wii\libwiiuse.a(ir.o)
 .text.find_sensorbar
                0x80026070      0x970 c:/utils/devkitPro/libogc/lib/wii\libwiiuse.a(ir.o)
                0x80026070                find_sensorbar
 .text.interpret_ir_data
                0x800269e0      0x33c c:/utils/devkitPro/libogc/lib/wii\libwiiuse.a(ir.o)
                0x800269e0                interpret_ir_data
 .text.wiiuse_set_ir_sensitivity
                0x80026d1c      0x118 c:/utils/devkitPro/libogc/lib/wii\libwiiuse.a(ir.o)
                0x80026d1c                wiiuse_set_ir_sensitivity
 .text.wiiuse_set_ir_mode
                0x80026e34       0x6c c:/utils/devkitPro/libogc/lib/wii\libwiiuse.a(ir.o)
                0x80026e34                wiiuse_set_ir_mode
 .text.wiiuse_set_ir
                0x80026ea0      0x21c c:/utils/devkitPro/libogc/lib/wii\libwiiuse.a(ir.o)
                0x80026ea0                wiiuse_set_ir
 .text.wiiuse_set_flags
                0x800270bc       0x20 c:/utils/devkitPro/libogc/lib/wii\libwiiuse.a(wiiuse.o)
                0x800270bc                wiiuse_set_flags
 .text.wiiuse_send_next_command
                0x800270dc       0x6c c:/utils/devkitPro/libogc/lib/wii\libwiiuse.a(wiiuse.o)
                0x800270dc                wiiuse_send_next_command
 .text.wiiuse_write_data
                0x80027148      0x184 c:/utils/devkitPro/libogc/lib/wii\libwiiuse.a(wiiuse.o)
                0x80027148                wiiuse_write_data
 .text.wiiuse_init
                0x800272cc      0x164 c:/utils/devkitPro/libogc/lib/wii\libwiiuse.a(wiiuse.o)
                0x800272cc                wiiuse_init
 .text.wiiuse_sendcmd
                0x80027430      0x10c c:/utils/devkitPro/libogc/lib/wii\libwiiuse.a(wiiuse.o)
                0x80027430                wiiuse_sendcmd
 .text.wiiuse_status
                0x8002753c       0x5c c:/utils/devkitPro/libogc/lib/wii\libwiiuse.a(wiiuse.o)
                0x8002753c                wiiuse_status
 .text.wiiuse_motion_sensing
                0x80027598       0x54 c:/utils/devkitPro/libogc/lib/wii\libwiiuse.a(wiiuse.o)
                0x80027598                wiiuse_motion_sensing
 .text.wiiuse_set_report_type
                0x800275ec      0x100 c:/utils/devkitPro/libogc/lib/wii\libwiiuse.a(wiiuse.o)
                0x800275ec                wiiuse_set_report_type
 .text.wiiuse_set_leds
                0x800276ec       0x60 c:/utils/devkitPro/libogc/lib/wii\libwiiuse.a(wiiuse.o)
                0x800276ec                wiiuse_set_leds
 .text.wiiuse_read_data
                0x8002774c      0x144 c:/utils/devkitPro/libogc/lib/wii\libwiiuse.a(wiiuse.o)
                0x8002774c                wiiuse_read_data
 .text.wiiuse_pressed_buttons
                0x80027890       0x2c c:/utils/devkitPro/libogc/lib/wii\libwiiuse.a(events.o)
                0x80027890                wiiuse_pressed_buttons
 .text.handle_expansion
                0x800278bc       0x94 c:/utils/devkitPro/libogc/lib/wii\libwiiuse.a(events.o)
 .text.parse_event
                0x80027950      0x518 c:/utils/devkitPro/libogc/lib/wii\libwiiuse.a(events.o)
                0x80027950                parse_event
 .text.guitar_hero_3_event
                0x80027e68       0x50 c:/utils/devkitPro/libogc/lib/wii\libwiiuse.a(guitar_hero_3.o)
                0x80027e68                guitar_hero_3_event
 .text.guitar_hero_3_disconnected
                0x80027eb8       0x28 c:/utils/devkitPro/libogc/lib/wii\libwiiuse.a(guitar_hero_3.o)
                0x80027eb8                guitar_hero_3_disconnected
 .text.guitar_hero_3_handshake
                0x80027ee0       0xb4 c:/utils/devkitPro/libogc/lib/wii\libwiiuse.a(guitar_hero_3.o)
                0x80027ee0                guitar_hero_3_handshake
 .text.wiiuse_disable_expansion
                0x80027f94      0x170 c:/utils/devkitPro/libogc/lib/wii\libwiiuse.a(io.o)
                0x80027f94                wiiuse_disable_expansion
 .text.wiiuse_handshake_expansion
                0x80028104      0x238 c:/utils/devkitPro/libogc/lib/wii\libwiiuse.a(io.o)
                0x80028104                wiiuse_handshake_expansion
 .text.wiiuse_handshake_expansion_start
                0x8002833c       0x24 c:/utils/devkitPro/libogc/lib/wii\libwiiuse.a(io.o)
                0x8002833c                wiiuse_handshake_expansion_start
 .text.wiiuse_handshake
                0x80028360      0x164 c:/utils/devkitPro/libogc/lib/wii\libwiiuse.a(io.o)
                0x80028360                wiiuse_handshake
 .text.nunchuk_event
                0x800284c4       0x88 c:/utils/devkitPro/libogc/lib/wii\libwiiuse.a(nunchuk.o)
                0x800284c4                nunchuk_event
 .text.nunchuk_disconnected
                0x8002854c       0x28 c:/utils/devkitPro/libogc/lib/wii\libwiiuse.a(nunchuk.o)
                0x8002854c                nunchuk_disconnected
 .text.nunchuk_handshake
                0x80028574      0x198 c:/utils/devkitPro/libogc/lib/wii\libwiiuse.a(nunchuk.o)
                0x80028574                nunchuk_handshake
 .text.wii_board_event
                0x8002870c       0x54 c:/utils/devkitPro/libogc/lib/wii\libwiiuse.a(wiiboard.o)
                0x8002870c                wii_board_event
 .text.wii_board_disconnected
                0x80028760       0x28 c:/utils/devkitPro/libogc/lib/wii\libwiiuse.a(wiiboard.o)
                0x80028760                wii_board_disconnected
 .text.wii_board_handshake
                0x80028788      0x174 c:/utils/devkitPro/libogc/lib/wii\libwiiuse.a(wiiboard.o)
                0x80028788                wii_board_handshake
 .text.classic_ctrl_event
                0x800288fc       0xa4 c:/utils/devkitPro/libogc/lib/wii\libwiiuse.a(classic.o)
                0x800288fc                classic_ctrl_event
 .text.classic_ctrl_disconnected
                0x800289a0       0x28 c:/utils/devkitPro/libogc/lib/wii\libwiiuse.a(classic.o)
                0x800289a0                classic_ctrl_disconnected
 .text.classic_ctrl_handshake
                0x800289c8      0x128 c:/utils/devkitPro/libogc/lib/wii\libwiiuse.a(classic.o)
                0x800289c8                classic_ctrl_handshake
 .text.bte_arg  0x80028af0       0x38 c:/utils/devkitPro/libogc/lib/wii\libbte.a(bte.o)
                0x80028af0                bte_arg
 .text.bte_received
                0x80028b28       0x38 c:/utils/devkitPro/libogc/lib/wii\libbte.a(bte.o)
                0x80028b28                bte_received
 .text.bte_disconnected
                0x80028b60       0x38 c:/utils/devkitPro/libogc/lib/wii\libbte.a(bte.o)
                0x80028b60                bte_disconnected
 .text.acl_wlp_completed
                0x80028b98        0x8 c:/utils/devkitPro/libogc/lib/wii\libbte.a(bte.o)
                0x80028b98                acl_wlp_completed
 .text.l2cap_accepted
                0x80028ba0      0x10c c:/utils/devkitPro/libogc/lib/wii\libbte.a(bte.o)
                0x80028ba0                l2cap_accepted
 .text.l2cap_disconnected_ind
                0x80028cac      0x174 c:/utils/devkitPro/libogc/lib/wii\libbte.a(bte.o)
                0x80028cac                l2cap_disconnected_ind
 .text.__bte_send_pending_request
                0x80028e20       0xdc c:/utils/devkitPro/libogc/lib/wii\libbte.a(bte.o)
 .text.bte_process_input
                0x80028efc      0x130 c:/utils/devkitPro/libogc/lib/wii\libbte.a(bte.o)
 .text.__bte_send_request
                0x8002902c       0xa4 c:/utils/devkitPro/libogc/lib/wii\libbte.a(bte.o)
 .text.bte_disconnect
                0x800290d0       0xb4 c:/utils/devkitPro/libogc/lib/wii\libbte.a(bte.o)
                0x800290d0                bte_disconnect
 .text.acl_conn_complete
                0x80029184       0x2c c:/utils/devkitPro/libogc/lib/wii\libbte.a(bte.o)
                0x80029184                acl_conn_complete
 .text.bte_sendmessageasync
                0x800291b0      0x138 c:/utils/devkitPro/libogc/lib/wii\libbte.a(bte.o)
                0x800291b0                bte_sendmessageasync
 .text.bte_registerdeviceasync
                0x800292e8      0x1c0 c:/utils/devkitPro/libogc/lib/wii\libbte.a(bte.o)
                0x800292e8                bte_registerdeviceasync
 .text.bte_new  0x800294a8       0x60 c:/utils/devkitPro/libogc/lib/wii\libbte.a(bte.o)
                0x800294a8                bte_new
 .text.BTE_SetDisconnectCallback
                0x80029508       0x20 c:/utils/devkitPro/libogc/lib/wii\libbte.a(bte.o)
                0x80029508                BTE_SetDisconnectCallback
 .text.BTE_InitSub
                0x80029528       0x94 c:/utils/devkitPro/libogc/lib/wii\libbte.a(bte.o)
                0x80029528                BTE_InitSub
 .text.BTE_ApplyPatch
                0x800295bc       0xa8 c:/utils/devkitPro/libogc/lib/wii\libbte.a(bte.o)
                0x800295bc                BTE_ApplyPatch
 .text.BTE_InitCore
                0x80029664       0x90 c:/utils/devkitPro/libogc/lib/wii\libbte.a(bte.o)
                0x80029664                BTE_InitCore
 .text.BTE_ReadStoredLinkKey
                0x800296f4       0x94 c:/utils/devkitPro/libogc/lib/wii\libbte.a(bte.o)
                0x800296f4                BTE_ReadStoredLinkKey
 .text.BTE_Shutdown
                0x80029788      0x114 c:/utils/devkitPro/libogc/lib/wii\libbte.a(bte.o)
                0x80029788                BTE_Shutdown
 .text.__bte_shutdown_finished
                0x8002989c      0x118 c:/utils/devkitPro/libogc/lib/wii\libbte.a(bte.o)
 .text.BTE_Init
                0x800299b4      0x134 c:/utils/devkitPro/libogc/lib/wii\libbte.a(bte.o)
                0x800299b4                BTE_Init
 .text.bt_alarmhandler
                0x80029ae8       0x60 c:/utils/devkitPro/libogc/lib/wii\libbte.a(bte.o)
 .text.l2cap_disconnect_cfm
                0x80029b48      0x1ac c:/utils/devkitPro/libogc/lib/wii\libbte.a(bte.o)
                0x80029b48                l2cap_disconnect_cfm
 .text.bte_hci_initsub_complete
                0x80029cf4      0x230 c:/utils/devkitPro/libogc/lib/wii\libbte.a(bte.o)
                0x80029cf4                bte_hci_initsub_complete
 .text.bte_hci_patch_complete
                0x80029f24      0x2b8 c:/utils/devkitPro/libogc/lib/wii\libbte.a(bte.o)
                0x80029f24                bte_hci_patch_complete
 .text.bte_hci_apply_patch_complete
                0x8002a1dc      0x15c c:/utils/devkitPro/libogc/lib/wii\libbte.a(bte.o)
                0x8002a1dc                bte_hci_apply_patch_complete
 .text.bte_hci_initcore_complete
                0x8002a338      0x208 c:/utils/devkitPro/libogc/lib/wii\libbte.a(bte.o)
                0x8002a338                bte_hci_initcore_complete
 .text.bte_hci_initcore_complete2
                0x8002a540      0x1e4 c:/utils/devkitPro/libogc/lib/wii\libbte.a(bte.o)
                0x8002a540                bte_hci_initcore_complete2
 .text.bte_read_stored_link_key_complete
                0x8002a724      0x264 c:/utils/devkitPro/libogc/lib/wii\libbte.a(bte.o)
                0x8002a724                bte_read_stored_link_key_complete
 .text.hci_get_link
                0x8002a988       0x88 c:/utils/devkitPro/libogc/lib/wii\libbte.a(hci.o)
                0x8002a988                hci_get_link
 .text.hci_arg  0x8002aa10       0x10 c:/utils/devkitPro/libogc/lib/wii\libbte.a(hci.o)
                0x8002aa10                hci_arg
 .text.hci_cmd_complete
                0x8002aa20       0x10 c:/utils/devkitPro/libogc/lib/wii\libbte.a(hci.o)
                0x8002aa20                hci_cmd_complete
 .text.hci_connection_complete
                0x8002aa30       0x10 c:/utils/devkitPro/libogc/lib/wii\libbte.a(hci.o)
                0x8002aa30                hci_connection_complete
 .text.hci_wlp_complete
                0x8002aa40       0x10 c:/utils/devkitPro/libogc/lib/wii\libbte.a(hci.o)
                0x8002aa40                hci_wlp_complete
 .text.hci_cmd_ass
                0x8002aa50       0x4c c:/utils/devkitPro/libogc/lib/wii\libbte.a(hci.o)
                0x8002aa50                hci_cmd_ass
 .text.lp_pdu_maxsize
                0x8002aa9c       0x10 c:/utils/devkitPro/libogc/lib/wii\libbte.a(hci.o)
                0x8002aa9c                lp_pdu_maxsize
 .text.hci_host_num_comp_packets
                0x8002aaac       0xcc c:/utils/devkitPro/libogc/lib/wii\libbte.a(hci.o)
                0x8002aaac                hci_host_num_comp_packets
 .text.hci_write_cod
                0x8002ab78       0x8c c:/utils/devkitPro/libogc/lib/wii\libbte.a(hci.o)
                0x8002ab78                hci_write_cod
 .text.hci_disconnect
                0x8002ac04       0xb8 c:/utils/devkitPro/libogc/lib/wii\libbte.a(hci.o)
                0x8002ac04                hci_disconnect
 .text.hci_pin_code_request_neg_reply
                0x8002acbc       0x8c c:/utils/devkitPro/libogc/lib/wii\libbte.a(hci.o)
                0x8002acbc                hci_pin_code_request_neg_reply
 .text.hci_vendor_specific_command
                0x8002ad48       0xb8 c:/utils/devkitPro/libogc/lib/wii\libbte.a(hci.o)
                0x8002ad48                hci_vendor_specific_command
 .text.hci_write_inquiry_scan_type
                0x8002ae00       0x80 c:/utils/devkitPro/libogc/lib/wii\libbte.a(hci.o)
                0x8002ae00                hci_write_inquiry_scan_type
 .text.hci_write_page_scan_type
                0x8002ae80       0x80 c:/utils/devkitPro/libogc/lib/wii\libbte.a(hci.o)
                0x8002ae80                hci_write_page_scan_type
 .text.hci_write_inquiry_mode
                0x8002af00       0x80 c:/utils/devkitPro/libogc/lib/wii\libbte.a(hci.o)
                0x8002af00                hci_write_inquiry_mode
 .text.hci_write_pin_type
                0x8002af80       0x80 c:/utils/devkitPro/libogc/lib/wii\libbte.a(hci.o)
                0x8002af80                hci_write_pin_type
 .text.hci_write_local_name
                0x8002b000       0x9c c:/utils/devkitPro/libogc/lib/wii\libbte.a(hci.o)
                0x8002b000                hci_write_local_name
 .text.hci_accecpt_conn_request
                0x8002b09c       0xa0 c:/utils/devkitPro/libogc/lib/wii\libbte.a(hci.o)
                0x8002b09c                hci_accecpt_conn_request
 .text.hci_write_scan_enable
                0x8002b13c       0x80 c:/utils/devkitPro/libogc/lib/wii\libbte.a(hci.o)
                0x8002b13c                hci_write_scan_enable
 .text.hci_read_local_features
                0x8002b1bc       0x6c c:/utils/devkitPro/libogc/lib/wii\libbte.a(hci.o)
                0x8002b1bc                hci_read_local_features
 .text.hci_read_local_version
                0x8002b228       0x6c c:/utils/devkitPro/libogc/lib/wii\libbte.a(hci.o)
                0x8002b228                hci_read_local_version
 .text.hci_read_bd_addr
                0x8002b294       0x6c c:/utils/devkitPro/libogc/lib/wii\libbte.a(hci.o)
                0x8002b294                hci_read_bd_addr
 .text.hci_read_buffer_size
                0x8002b300       0x6c c:/utils/devkitPro/libogc/lib/wii\libbte.a(hci.o)
                0x8002b300                hci_read_buffer_size
 .text.hci_reset
                0x8002b36c       0x6c c:/utils/devkitPro/libogc/lib/wii\libbte.a(hci.o)
                0x8002b36c                hci_reset
 .text.lp_acl_write
                0x8002b3d8      0x180 c:/utils/devkitPro/libogc/lib/wii\libbte.a(hci.o)
                0x8002b3d8                lp_acl_write
 .text.hci_new  0x8002b558       0x54 c:/utils/devkitPro/libogc/lib/wii\libbte.a(hci.o)
                0x8002b558                hci_new
 .text.hci_read_stored_link_key
                0x8002b5ac       0xd4 c:/utils/devkitPro/libogc/lib/wii\libbte.a(hci.o)
                0x8002b5ac                hci_read_stored_link_key
 .text.hci_close
                0x8002b680       0xec c:/utils/devkitPro/libogc/lib/wii\libbte.a(hci.o)
                0x8002b680                hci_close
 .text.hci_init
                0x8002b76c       0xa0 c:/utils/devkitPro/libogc/lib/wii\libbte.a(hci.o)
                0x8002b76c                hci_init
 .text.hci_reset_all
                0x8002b80c       0xd4 c:/utils/devkitPro/libogc/lib/wii\libbte.a(hci.o)
                0x8002b80c                hci_reset_all
 .text.hci_write_page_timeout
                0x8002b8e0       0x90 c:/utils/devkitPro/libogc/lib/wii\libbte.a(hci.o)
                0x8002b8e0                hci_write_page_timeout
 .text.hci_acldata_handler
                0x8002b970      0x138 c:/utils/devkitPro/libogc/lib/wii\libbte.a(hci.o)
                0x8002b970                hci_acldata_handler
 .text.hci_event_handler
                0x8002baa8      0xb98 c:/utils/devkitPro/libogc/lib/wii\libbte.a(hci.o)
                0x8002baa8                hci_event_handler
 .text.lp_write_flush_timeout
                0x8002c640       0xc0 c:/utils/devkitPro/libogc/lib/wii\libbte.a(hci.o)
                0x8002c640                lp_write_flush_timeout
 .text.hci_host_buffer_size
                0x8002c700       0xd0 c:/utils/devkitPro/libogc/lib/wii\libbte.a(hci.o)
                0x8002c700                hci_host_buffer_size
 .text.hci_write_link_policy_settings
                0x8002c7d0       0xc0 c:/utils/devkitPro/libogc/lib/wii\libbte.a(hci.o)
                0x8002c7d0                hci_write_link_policy_settings
 .text.l2cap_cid_alloc
                0x8002c890       0x60 c:/utils/devkitPro/libogc/lib/wii\libbte.a(l2cap.o)
 .text.lp_connect_ind
                0x8002c8f0        0x4 c:/utils/devkitPro/libogc/lib/wii\libbte.a(l2cap.o)
                0x8002c8f0                lp_connect_ind
 .text.l2cap_disconnect_bb
                0x8002c8f4       0x14 c:/utils/devkitPro/libogc/lib/wii\libbte.a(l2cap.o)
                0x8002c8f4                l2cap_disconnect_bb
 .text.l2cap_next_sigid
                0x8002c908       0x2c c:/utils/devkitPro/libogc/lib/wii\libbte.a(l2cap.o)
                0x8002c908                l2cap_next_sigid
 .text.l2cap_arg
                0x8002c934        0x8 c:/utils/devkitPro/libogc/lib/wii\libbte.a(l2cap.o)
                0x8002c934                l2cap_arg
 .text.l2cap_disconnect_ind
                0x8002c93c        0x8 c:/utils/devkitPro/libogc/lib/wii\libbte.a(l2cap.o)
                0x8002c93c                l2cap_disconnect_ind
 .text.l2cap_recv
                0x8002c944        0x8 c:/utils/devkitPro/libogc/lib/wii\libbte.a(l2cap.o)
                0x8002c944                l2cap_recv
 .text.l2cap_connect_ind
                0x8002c94c      0x108 c:/utils/devkitPro/libogc/lib/wii\libbte.a(l2cap.o)
                0x8002c94c                l2cap_connect_ind
 .text.l2cap_close
                0x8002ca54      0x1e8 c:/utils/devkitPro/libogc/lib/wii\libbte.a(l2cap.o)
                0x8002ca54                l2cap_close
 .text.lp_disconnect_ind
                0x8002cc3c      0x114 c:/utils/devkitPro/libogc/lib/wii\libbte.a(l2cap.o)
                0x8002cc3c                lp_disconnect_ind
 .text.l2cap_new
                0x8002cd50       0x80 c:/utils/devkitPro/libogc/lib/wii\libbte.a(l2cap.o)
                0x8002cd50                l2cap_new
 .text.l2cap_write
                0x8002cdd0      0x1a4 c:/utils/devkitPro/libogc/lib/wii\libbte.a(l2cap.o)
                0x8002cdd0                l2cap_write
 .text.l2cap_rexmit_signal
                0x8002cf74       0x2c c:/utils/devkitPro/libogc/lib/wii\libbte.a(l2cap.o)
                0x8002cf74                l2cap_rexmit_signal
 .text.l2cap_signal
                0x8002cfa0      0x1e0 c:/utils/devkitPro/libogc/lib/wii\libbte.a(l2cap.o)
                0x8002cfa0                l2cap_signal
 .text.l2ca_disconnect_req
                0x8002d180       0xc0 c:/utils/devkitPro/libogc/lib/wii\libbte.a(l2cap.o)
                0x8002d180                l2ca_disconnect_req
 .text.l2cap_tmr
                0x8002d240      0x244 c:/utils/devkitPro/libogc/lib/wii\libbte.a(l2cap.o)
                0x8002d240                l2cap_tmr
 .text.l2ca_config_req
                0x8002d484      0x154 c:/utils/devkitPro/libogc/lib/wii\libbte.a(l2cap.o)
                0x8002d484                l2ca_config_req
 .text.l2cap_process_sig
                0x8002d5d8     0x1238 c:/utils/devkitPro/libogc/lib/wii\libbte.a(l2cap.o)
                0x8002d5d8                l2cap_process_sig
 .text.l2cap_init
                0x8002e810       0x88 c:/utils/devkitPro/libogc/lib/wii\libbte.a(l2cap.o)
                0x8002e810                l2cap_init
 .text.l2cap_reset_all
                0x8002e898      0x154 c:/utils/devkitPro/libogc/lib/wii\libbte.a(l2cap.o)
                0x8002e898                l2cap_reset_all
 .text.lp_connect_cfm
                0x8002e9ec      0x14c c:/utils/devkitPro/libogc/lib/wii\libbte.a(l2cap.o)
                0x8002e9ec                lp_connect_cfm
 .text.l2ca_datawrite
                0x8002eb38      0x114 c:/utils/devkitPro/libogc/lib/wii\libbte.a(l2cap.o)
                0x8002eb38                l2ca_datawrite
 .text.l2cap_input
                0x8002ec4c      0x5d0 c:/utils/devkitPro/libogc/lib/wii\libbte.a(l2cap.o)
                0x8002ec4c                l2cap_input
 .text.btmemb_alloc
                0x8002f21c       0xc0 c:/utils/devkitPro/libogc/lib/wii\libbte.a(btmemb.o)
                0x8002f21c                btmemb_alloc
 .text.btmemb_free
                0x8002f2dc       0xbc c:/utils/devkitPro/libogc/lib/wii\libbte.a(btmemb.o)
                0x8002f2dc                btmemb_free
 .text.btmemb_init
                0x8002f398       0x40 c:/utils/devkitPro/libogc/lib/wii\libbte.a(btmemb.o)
                0x8002f398                btmemb_init
 .text.plug_holes
                0x8002f3d8       0xcc c:/utils/devkitPro/libogc/lib/wii\libbte.a(btmemr.o)
 .text.btmemr_malloc
                0x8002f4a4      0x190 c:/utils/devkitPro/libogc/lib/wii\libbte.a(btmemr.o)
                0x8002f4a4                btmemr_malloc
 .text.btmemr_free
                0x8002f634       0xa4 c:/utils/devkitPro/libogc/lib/wii\libbte.a(btmemr.o)
                0x8002f634                btmemr_free
 .text.btmemr_realloc
                0x8002f6d8      0x118 c:/utils/devkitPro/libogc/lib/wii\libbte.a(btmemr.o)
                0x8002f6d8                btmemr_realloc
 .text.btmemr_init
                0x8002f7f0       0xa8 c:/utils/devkitPro/libogc/lib/wii\libbte.a(btmemr.o)
                0x8002f7f0                btmemr_init
 .text.btpbuf_header
                0x8002f898       0xa8 c:/utils/devkitPro/libogc/lib/wii\libbte.a(btpbuf.o)
                0x8002f898                btpbuf_header
 .text.btpbuf_ref
                0x8002f940       0x48 c:/utils/devkitPro/libogc/lib/wii\libbte.a(btpbuf.o)
                0x8002f940                btpbuf_ref
 .text.btpbuf_cat
                0x8002f988       0x5c c:/utils/devkitPro/libogc/lib/wii\libbte.a(btpbuf.o)
                0x8002f988                btpbuf_cat
 .text.btpbuf_chain
                0x8002f9e4       0x30 c:/utils/devkitPro/libogc/lib/wii\libbte.a(btpbuf.o)
                0x8002f9e4                btpbuf_chain
 .text.btpbuf_free
                0x8002fa14      0x110 c:/utils/devkitPro/libogc/lib/wii\libbte.a(btpbuf.o)
                0x8002fa14                btpbuf_free
 .text.btpbuf_dechain
                0x8002fb24       0x7c c:/utils/devkitPro/libogc/lib/wii\libbte.a(btpbuf.o)
                0x8002fb24                btpbuf_dechain
 .text.btpbuf_realloc
                0x8002fba0       0xc0 c:/utils/devkitPro/libogc/lib/wii\libbte.a(btpbuf.o)
                0x8002fba0                btpbuf_realloc
 .text.btpbuf_alloc
                0x8002fc60      0x244 c:/utils/devkitPro/libogc/lib/wii\libbte.a(btpbuf.o)
                0x8002fc60                btpbuf_alloc
 .text.btpbuf_take
                0x8002fea4      0x124 c:/utils/devkitPro/libogc/lib/wii\libbte.a(btpbuf.o)
                0x8002fea4                btpbuf_take
 .text.btpbuf_init
                0x8002ffc8       0x34 c:/utils/devkitPro/libogc/lib/wii\libbte.a(btpbuf.o)
                0x8002ffc8                btpbuf_init
 .text.__usb_closeCB
                0x8002fffc       0x10 c:/utils/devkitPro/libogc/lib/wii\libbte.a(physbusif.o)
 .text.physbusif_close
                0x8003000c       0x2c c:/utils/devkitPro/libogc/lib/wii\libbte.a(physbusif.o)
                0x8003000c                physbusif_close
 .text.physbusif_reset_all
                0x80030038        0x4 c:/utils/devkitPro/libogc/lib/wii\libbte.a(physbusif.o)
                0x80030038                physbusif_reset_all
 .text.physbusif_output
                0x8003003c      0x18c c:/utils/devkitPro/libogc/lib/wii\libbte.a(physbusif.o)
                0x8003003c                physbusif_output
 .text.__writebulkmsgCB
                0x800301c8       0x40 c:/utils/devkitPro/libogc/lib/wii\libbte.a(physbusif.o)
 .text.__writectrlmsgCB
                0x80030208       0x40 c:/utils/devkitPro/libogc/lib/wii\libbte.a(physbusif.o)
 .text.physbusif_shutdown
                0x80030248       0x50 c:/utils/devkitPro/libogc/lib/wii\libbte.a(physbusif.o)
                0x80030248                physbusif_shutdown
 .text.__initUsbIOBuffer
                0x80030298       0x98 c:/utils/devkitPro/libogc/lib/wii\libbte.a(physbusif.o)
 .text.__issue_intrread
                0x80030330       0xbc c:/utils/devkitPro/libogc/lib/wii\libbte.a(physbusif.o)
 .text.__readintrdataCB
                0x800303ec      0x120 c:/utils/devkitPro/libogc/lib/wii\libbte.a(physbusif.o)
 .text.__issue_bulkread
                0x8003050c       0xbc c:/utils/devkitPro/libogc/lib/wii\libbte.a(physbusif.o)
 .text.physbusif_init
                0x800305c8      0x1d0 c:/utils/devkitPro/libogc/lib/wii\libbte.a(physbusif.o)
                0x800305c8                physbusif_init
 .text.__readbulkdataCB
                0x80030798      0x120 c:/utils/devkitPro/libogc/lib/wii\libbte.a(physbusif.o)
 .text.__lwp_queue_initialize
                0x800308b8       0x54 c:/utils/devkitPro/libogc/lib/wii\libogc.a(lwp_queue.o)
                0x800308b8                __lwp_queue_initialize
 .text.__lwp_queue_get
                0x8003090c       0x7c c:/utils/devkitPro/libogc/lib/wii\libogc.a(lwp_queue.o)
                0x8003090c                __lwp_queue_get
 .text.__lwp_queue_append