Archive member included because of file (symbol)

c:/Utils/devkitPro/libogc/lib/wii\libwiiuse.a(wpad.o)
                              lesson7.o (WPAD_ButtonsDown)
c:/Utils/devkitPro/libogc/lib/wii\libwiiuse.a(dynamics.o)
                              c:/Utils/devkitPro/libogc/lib/wii\libwiiuse.a(wpad.o) (calculate_gforce)
c:/Utils/devkitPro/libogc/lib/wii\libwiiuse.a(io_wii.o)
                              c:/Utils/devkitPro/libogc/lib/wii\libwiiuse.a(wpad.o) (wiiuse_disconnect)
c:/Utils/devkitPro/libogc/lib/wii\libwiiuse.a(ir.o)
                              c:/Utils/devkitPro/libogc/lib/wii\libwiiuse.a(wpad.o) (wiiuse_set_ir_vres)
c:/Utils/devkitPro/libogc/lib/wii\libwiiuse.a(wiiuse.o)
                              c:/Utils/devkitPro/libogc/lib/wii\libwiiuse.a(wpad.o) (wiiuse_set_flags)
c:/Utils/devkitPro/libogc/lib/wii\libwiiuse.a(events.o)
                              c:/Utils/devkitPro/libogc/lib/wii\libwiiuse.a(io_wii.o) (parse_event)
c:/Utils/devkitPro/libogc/lib/wii\libwiiuse.a(guitar_hero_3.o)
                              c:/Utils/devkitPro/libogc/lib/wii\libwiiuse.a(events.o) (guitar_hero_3_event)
c:/Utils/devkitPro/libogc/lib/wii\libwiiuse.a(io.o)
                              c:/Utils/devkitPro/libogc/lib/wii\libwiiuse.a(events.o) (wiiuse_disable_expansion)
c:/Utils/devkitPro/libogc/lib/wii\libwiiuse.a(nunchuk.o)
                              c:/Utils/devkitPro/libogc/lib/wii\libwiiuse.a(events.o) (nunchuk_event)
c:/Utils/devkitPro/libogc/lib/wii\libwiiuse.a(wiiboard.o)
                              c:/Utils/devkitPro/libogc/lib/wii\libwiiuse.a(events.o) (wii_board_event)
c:/Utils/devkitPro/libogc/lib/wii\libwiiuse.a(classic.o)
                              c:/Utils/devkitPro/libogc/lib/wii\libwiiuse.a(events.o) (classic_ctrl_event)
c:/Utils/devkitPro/libogc/lib/wii\libbte.a(bte.o)
                              c:/Utils/devkitPro/libogc/lib/wii\libwiiuse.a(io_wii.o) (bte_arg)
c:/Utils/devkitPro/libogc/lib/wii\libbte.a(hci.o)
                              c:/Utils/devkitPro/libogc/lib/wii\libbte.a(bte.o) (hci_arg)
c:/Utils/devkitPro/libogc/lib/wii\libbte.a(l2cap.o)
                              c:/Utils/devkitPro/libogc/lib/wii\libbte.a(hci.o) (lp_connect_ind)
c:/Utils/devkitPro/libogc/lib/wii\libbte.a(btmemb.o)
                              c:/Utils/devkitPro/libogc/lib/wii\libbte.a(bte.o) (btmemb_alloc)
c:/Utils/devkitPro/libogc/lib/wii\libbte.a(btmemr.o)
                              c:/Utils/devkitPro/libogc/lib/wii\libbte.a(hci.o) (btmemr_init)
c:/Utils/devkitPro/libogc/lib/wii\libbte.a(btpbuf.o)
                              c:/Utils/devkitPro/libogc/lib/wii\libbte.a(hci.o) (btpbuf_header)
c:/Utils/devkitPro/libogc/lib/wii\libbte.a(physbusif.o)
                              c:/Utils/devkitPro/libogc/lib/wii\libbte.a(bte.o) (physbusif_close)
c:/Utils/devkitPro/libogc/lib/wii\libogc.a(lwp_queue.o)
                              c:/Utils/devkitPro/libogc/lib/wii\libwiiuse.a(io_wii.o) (__lwp_queue_initialize)
c:/Utils/devkitPro/libogc/lib/wii\libogc.a(lwp_threads.o)
                              c:/Utils/devkitPro/libogc/lib/wii\libwiiuse.a(wpad.o) (_thread_dispatch_disable_level)
c:/Utils/devkitPro/libogc/lib/wii\libogc.a(lwp.o)
                              c:/Utils/devkitPro/libogc/lib/wii\libbte.a(bte.o) (LWP_ThreadSignal)
c:/Utils/devkitPro/libogc/lib/wii\libogc.a(lwp_handler.o)
                              c:/Utils/devkitPro/libogc/lib/wii\libogc.a(lwp_threads.o) (_cpu_context_save_fp)
c:/Utils/devkitPro/libogc/lib/wii\libogc.a(lwp_stack.o)
                              c:/Utils/devkitPro/libogc/lib/wii\libogc.a(lwp_threads.o) (__lwp_stack_free)
c:/Utils/devkitPro/libogc/lib/wii\libogc.a(lwp_watchdog.o)
                              c:/Utils/devkitPro/libogc/lib/wii\libogc.a(lwp_threads.o) (_wd_ticks_queue)
c:/Utils/devkitPro/libogc/lib/wii\libogc.a(lwp_wkspace.o)
                              c:/Utils/devkitPro/libogc/lib/wii\libwiiuse.a(io_wii.o) (__wkspace_heap)
c:/Utils/devkitPro/libogc/lib/wii\libogc.a(lwp_objmgr.o)
                              c:/Utils/devkitPro/libogc/lib/wii\libogc.a(lwp.o) (__lwp_objmgr_getnoprotection)
c:/Utils/devkitPro/libogc/lib/wii\libogc.a(lwp_heap.o)
                              c:/Utils/devkitPro/libogc/lib/wii\libogc.a(lwp_wkspace.o) (__lwp_heap_init)
c:/Utils/devkitPro/libogc/lib/wii\libogc.a(sys_state.o)
                              c:/Utils/devkitPro/libogc/lib/wii\libogc.a(lwp_threads.o) (_sys_state_curr)
c:/Utils/devkitPro/libogc/lib/wii\libogc.a(irq.o)
                              c:/Utils/devkitPro/libogc/lib/wii\libwiiuse.a(io_wii.o) (IRQ_Disable)
c:/Utils/devkitPro/libogc/lib/wii\libogc.a(video.o)
                              lesson7.o (VIDEO_Flush)
c:/Utils/devkitPro/libogc/lib/wii\libogc.a(system.o)
                              c:/Utils/devkitPro/libogc/lib/wii\libwiiuse.a(wpad.o) (__SYS_DoPowerCB)
c:/Utils/devkitPro/libogc/lib/wii\libogc.a(system_asm.o)
[...]
Memory Configuration

Name             Origin             Length             Attributes
*default*        0x00000000         0xffffffff

Linker script and memory map

                0x00003400                . = 0x3400

.stub
 *(.stub)
                0x80004000                . = 0x80004000

.init           0x80004000      0x208
 *crt0.o(*.init)
 .init          0x80004000      0x1e4 c:/Utils/devkitPro/libogc/lib/wii\libogc.a(ogc_crt0.o)
                0x8000419c                _memset
                0x80004000                _start
                0x800041cc                video_line
 *(.init)
 .init          0x800041e4        0xc c:/utils/devkitpro/devkitppc/bin/../lib/gcc/powerpc-gekko/4.2.4/ecrti.o
                0x800041e4                __init
 .init          0x800041f0        0x4 c:/utils/devkitpro/devkitppc/bin/../lib/gcc/powerpc-gekko/4.2.4/crtbegin.o
 .init          0x800041f4        0x4 c:/utils/devkitpro/devkitppc/bin/../lib/gcc/powerpc-gekko/4.2.4/crtend.o
 .init          0x800041f8       0x10 c:/utils/devkitpro/devkitppc/bin/../lib/gcc/powerpc-gekko/4.2.4/ecrtn.o

.plt
 *(.plt)

.interp
 *(.interp)

.hash
 *(.hash)

.dynsym
 *(.dynsym)

.dynstr
 *(.dynstr)

.gnu.version
 *(.gnu.version)

.gnu.version_d
 *(.gnu.version_d)

.gnu.version_r
 *(.gnu.version_r)

.rel.init
 *(.rel.init)

.rela.init      0x80004208        0x0
 *(.rela.init)
 .rela.init     0x00000000        0x0 c:/utils/devkitpro/devkitppc/bin/../lib/gcc/powerpc-gekko/4.2.4/crtbegin.o

.rel.text
 *(.rel.text .rel.text.* .rel.gnu.linkonce.t.*)

.rela.text      0x80004208        0x0
 *(.rela.text .rela.text.* .rela.gnu.linkonce.t.*)
 .rela.text     0x00000000        0x0 c:/utils/devkitpro/devkitppc/bin/../lib/gcc/powerpc-gekko/4.2.4/crtbegin.o
 .rela.text.wiiuse_init_cmd_queue
                0x00000000        0x0 c:/utils/devkitpro/devkitppc/bin/../lib/gcc/powerpc-gekko/4.2.4/crtbegin.o
 .rela.text.wiiuse_init
                0x00000000        0x0 c:/utils/devkitpro/devkitppc/bin/../lib/gcc/powerpc-gekko/4.2.4/crtbegin.o
 .rela.text.guitar_hero_3_handshake
                0x00000000        0x0 c:/utils/devkitpro/devkitppc/bin/../lib/gcc/powerpc-gekko/4.2.4/crtbegin.o
 .rela.text.wiiuse_handshake_expansion
                0x00000000        0x0 c:/utils/devkitpro/devkitppc/bin/../lib/gcc/powerpc-gekko/4.2.4/crtbegin.o
 .rela.text.wiiuse_handshake
                0x00000000        0x0 c:/utils/devkitpro/devkitppc/bin/../lib/gcc/powerpc-gekko/4.2.4/crtbegin.o
 .rela.text.bt_alarmhandler
                0x00000000        0x0 c:/utils/devkitpro/devkitppc/bin/../lib/gcc/powerpc-gekko/4.2.4/crtbegin.o
 .rela.text.__lwp_rotate_readyqueue
                0x00000000        0x0 c:/utils/devkitpro/devkitppc/bin/../lib/gcc/powerpc-gekko/4.2.4/crtbegin.o
 .rela.text.__lwp_thread_setstate
                0x00000000        0x0 c:/utils/devkitpro/devkitppc/bin/../lib/gcc/powerpc-gekko/4.2.4/crtbegin.o
 .rela.text.__lwp_thread_setpriority
                0x00000000        0x0 c:/utils/devkitpro/devkitppc/bin/../lib/gcc/powerpc-gekko/4.2.4/crtbegin.o
 .rela.text.__lwp_thread_ready
                0x00000000        0x0 c:/utils/devkitpro/devkitppc/bin/../lib/gcc/powerpc-gekko/4.2.4/crtbegin.o
 .rela.text.__lwp_thread_close
                0x00000000        0x0 c:/utils/devkitpro/devkitppc/bin/../lib/gcc/powerpc-gekko/4.2.4/crtbegin.o
 .rela.text.__lwp_thread_closeall
                0x00000000        0x0 c:/utils/devkitpro/devkitppc/bin/../lib/gcc/powerpc-gekko/4.2.4/crtbegin.o
 .rela.text.__lwp_thread_stopmultitasking
                0x00000000        0x0 c:/utils/devkitpro/devkitppc/bin/../lib/gcc/powerpc-gekko/4.2.4/crtbegin.o
 .rela.text.__lwp_thread_changepriority
                0x00000000        0x0 c:/utils/devkitpro/devkitppc/bin/../lib/gcc/powerpc-gekko/4.2.4/crtbegin.o
 .rela.text.__lwp_thread_coreinit
                0x00000000        0x0 c:/utils/devkitpro/devkitppc/bin/../lib/gcc/powerpc-gekko/4.2.4/crtbegin.o
 .rela.text.__lwp_thread_suspend
                0x00000000        0x0 c:/utils/devkitpro/devkitppc/bin/../lib/gcc/powerpc-gekko/4.2.4/crtbegin.o
 .rela.text.__lwp_thread_startmultitasking
                0x00000000        0x0 c:/utils/devkitpro/devkitppc/bin/../lib/gcc/powerpc-gekko/4.2.4/crtbegin.o
 .rela.text.__lwp_thread_tickle_timeslice
                0x00000000        0x0 c:/utils/devkitpro/devkitppc/bin/../lib/gcc/powerpc-gekko/4.2.4/crtbegin.o
 .rela.text.__lwp_thread_context
                0x00000000        0x0 c:/utils/devkitpro/devkitppc/bin/../lib/gcc/powerpc-gekko/4.2.4/crtbegin.o
 .rela.text.__lwp_thread_exists
                0x00000000        0x0 c:/utils/devkitpro/devkitppc/bin/../lib/gcc/powerpc-gekko/4.2.4/crtbegin.o
 .rela.text.__lwp_thread_isalive
                0x00000000        0x0 c:/utils/devkitpro/devkitppc/bin/../lib/gcc/powerpc-gekko/4.2.4/crtbegin.o
 .rela.text.__lwp_sysinit
                0x00000000        0x0 c:/utils/devkitpro/devkitppc/bin/../lib/gcc/powerpc-gekko/4.2.4/crtbegin.o
 .rela.text.LWP_ThreadSignal
                0x00000000        0x0 c:/utils/devkitpro/devkitppc/bin/../lib/gcc/powerpc-gekko/4.2.4/crtbegin.o
 .rela.text.LWP_ThreadBroadcast
                0x00000000        0x0 c:/utils/devkitpro/devkitppc/bin/../lib/gcc/powerpc-gekko/4.2.4/crtbegin.o
 .rela.text.LWP_ThreadSleep
                0x00000000        0x0 c:/utils/devkitpro/devkitppc/bin/../lib/gcc/powerpc-gekko/4.2.4/crtbegin.o
 .rela.text.LWP_CloseQueue
                0x00000000        0x0 c:/utils/devkitpro/devkitppc/bin/../lib/gcc/powerpc-gekko/4.2.4/crtbegin.o
 .rela.text.LWP_InitQueue
                0x00000000        0x0 c:/utils/devkitpro/devkitppc/bin/../lib/gcc/powerpc-gekko/4.2.4/crtbegin.o
 .rela.text.LWP_JoinThread
                0x00000000        0x0 c:/utils/devkitpro/devkitppc/bin/../lib/gcc/powerpc-gekko/4.2.4/crtbegin.o
 .rela.text.LWP_ThreadIsSuspended
                0x00000000        0x0 c:/utils/devkitpro/devkitppc/bin/../lib/gcc/powerpc-gekko/4.2.4/crtbegin.o
 .rela.text.LWP_SetThreadPriority
                0x00000000        0x0 c:/utils/devkitpro/devkitppc/bin/../lib/gcc/powerpc-gekko/4.2.4/crtbegin.o
 .rela.text.LWP_ResumeThread
                0x00000000        0x0 c:/utils/devkitpro/devkitppc/bin/../lib/gcc/powerpc-gekko/4.2.4/crtbegin.o
 .rela.text.LWP_SuspendThread
                0x00000000        0x0 c:/utils/devkitpro/devkitppc/bin/../lib/gcc/powerpc-gekko/4.2.4/crtbegin.o
 .rela.text.LWP_CreateThread
                0x00000000        0x0 c:/utils/devkitpro/devkitppc/bin/../lib/gcc/powerpc-gekko/4.2.4/crtbegin.o
 .rela.text.__lwp_stack_free
                0x00000000        0x0 c:/utils/devkitpro/devkitppc/bin/../lib/gcc/powerpc-gekko/4.2.4/crtbegin.o
 .rela.text.__lwp_stack_allocate
                0x00000000        0x0 c:/utils/devkitpro/devkitppc/bin/../lib/gcc/powerpc-gekko/4.2.4/crtbegin.o
 .rela.text.__lwp_watchdog_init
                0x00000000        0x0 c:/utils/devkitpro/devkitppc/bin/../lib/gcc/powerpc-gekko/4.2.4/crtbegin.o
 .rela.text.__lwp_wd_tickle
                0x00000000        0x0 c:/utils/devkitpro/devkitppc/bin/../lib/gcc/powerpc-gekko/4.2.4/crtbegin.o
 .rela.text.__lwp_wkspace_init
                0x00000000        0x0 c:/utils/devkitpro/devkitppc/bin/../lib/gcc/powerpc-gekko/4.2.4/crtbegin.o
 .rela.text.__lwp_wkspace_heapused
                0x00000000        0x0 c:/utils/devkitpro/devkitppc/bin/../lib/gcc/powerpc-gekko/4.2.4/crtbegin.o
 .rela.text.__lwp_wkspace_heapfree
                0x00000000        0x0 c:/utils/devkitpro/devkitppc/bin/../lib/gcc/powerpc-gekko/4.2.4/crtbegin.o
 .rela.text.__lwp_objmgr_initinfo
                0x00000000        0x0 c:/utils/devkitpro/devkitppc/bin/../lib/gcc/powerpc-gekko/4.2.4/crtbegin.o
 .rela.text.__irq_init
                0x00000000        0x0 c:/utils/devkitpro/devkitppc/bin/../lib/gcc/powerpc-gekko/4.2.4/crtbegin.o
 .rela.text.__sram_sync
                0x00000000        0x0 c:/utils/devkitpro/devkitppc/bin/../lib/gcc/powerpc-gekko/4.2.4/crtbegin.o
 .rela.text.__locksram
                0x00000000        0x0 c:/utils/devkitpro/devkitppc/bin/../lib/gcc/powerpc-gekko/4.2.4/crtbegin.o
 .rela.text.__sram_init
                0x00000000        0x0 c:/utils/devkitpro/devkitppc/bin/../lib/gcc/powerpc-gekko/4.2.4/crtbegin.o
 .rela.text.SYS_Init
                0x00000000        0x0 c:/utils/devkitpro/devkitppc/bin/../lib/gcc/powerpc-gekko/4.2.4/crtbegin.o
 .rela.text.__unlocksram
                0x00000000        0x0 c:/utils/devkitpro/devkitppc/bin/../lib/gcc/powerpc-gekko/4.2.4/crtbegin.o
 .rela.text.__sram_writecallback
                0x00000000        0x0 c:/utils/devkitpro/devkitppc/bin/../lib/gcc/powerpc-gekko/4.2.4/crtbegin.o
 .rela.text.SYS_CancelAlarm
                0x00000000        0x0 c:/utils/devkitpro/devkitppc/bin/../lib/gcc/powerpc-gekko/4.2.4/crtbegin.o
 .rela.text.SYS_RemoveAlarm
                0x00000000        0x0 c:/utils/devkitpro/devkitppc/bin/../lib/gcc/powerpc-gekko/4.2.4/crtbegin.o
 .rela.text.SYS_SetAlarm
                0x00000000        0x0 c:/utils/devkitpro/devkitppc/bin/../lib/gcc/powerpc-gekko/4.2.4/crtbegin.o
 .rela.text.__sys_alarmhandler
                0x00000000        0x0 c:/utils/devkitpro/devkitppc/bin/../lib/gcc/powerpc-gekko/4.2.4/crtbegin.o
 .rela.text.SYS_SetPeriodicAlarm
                0x00000000        0x0 c:/utils/devkitpro/devkitppc/bin/../lib/gcc/powerpc-gekko/4.2.4/crtbegin.o
 .rela.text.__lwp_cond_init
                0x00000000        0x0 c:/utils/devkitpro/devkitppc/bin/../lib/gcc/powerpc-gekko/4.2.4/crtbegin.o
 .rela.text.LWP_CondDestroy
                0x00000000        0x0 c:/utils/devkitpro/devkitppc/bin/../lib/gcc/powerpc-gekko/4.2.4/crtbegin.o
 .rela.text.LWP_CondInit
                0x00000000        0x0 c:/utils/devkitpro/devkitppc/bin/../lib/gcc/powerpc-gekko/4.2.4/crtbegin.o
 .rela.text.__lwp_cond_signalsupp
                0x00000000        0x0 c:/utils/devkitpro/devkitppc/bin/../lib/gcc/powerpc-gekko/4.2.4/crtbegin.o
 .rela.text.__lwp_cond_waitsupp
                0x00000000        0x0 c:/utils/devkitpro/devkitppc/bin/../lib/gcc/powerpc-gekko/4.2.4/crtbegin.o
 .rela.text.GX_EndDispList
                0x00000000        0x0 c:/utils/devkitpro/devkitppc/bin/../lib/gcc/powerpc-gekko/4.2.4/crtbegin.o
 .rela.text.GX_BeginDispList
                0x00000000        0x0 c:/utils/devkitpro/devkitppc/bin/../lib/gcc/powerpc-gekko/4.2.4/crtbegin.o
 .rela.text.GX_Init
                0x00000000        0x0 c:/utils/devkitpro/devkitppc/bin/../lib/gcc/powerpc-gekko/4.2.4/crtbegin.o
 .rela.text.c_decrementer_handler
                0x00000000        0x0 c:/utils/devkitpro/devkitppc/bin/../lib/gcc/powerpc-gekko/4.2.4/crtbegin.o
 .rela.text.__lwp_mqbox_init
                0x00000000        0x0 c:/utils/devkitpro/devkitppc/bin/../lib/gcc/powerpc-gekko/4.2.4/crtbegin.o
 .rela.text.MQ_Close
                0x00000000        0x0 c:/utils/devkitpro/devkitppc/bin/../lib/gcc/powerpc-gekko/4.2.4/crtbegin.o
 .rela.text.MQ_Init
                0x00000000        0x0 c:/utils/devkitpro/devkitppc/bin/../lib/gcc/powerpc-gekko/4.2.4/crtbegin.o
 .rela.text.MQ_Jam
                0x00000000        0x0 c:/utils/devkitpro/devkitppc/bin/../lib/gcc/powerpc-gekko/4.2.4/crtbegin.o
 .rela.text.MQ_Receive
                0x00000000        0x0 c:/utils/devkitpro/devkitppc/bin/../lib/gcc/powerpc-gekko/4.2.4/crtbegin.o
 .rela.text.MQ_Send
                0x00000000        0x0 c:/utils/devkitpro/devkitppc/bin/../lib/gcc/powerpc-gekko/4.2.4/crtbegin.o
 .rela.text.__ios_ioctlvformat_parse
                0x00000000        0x0 c:/utils/devkitpro/devkitppc/bin/../lib/gcc/powerpc-gekko/4.2.4/crtbegin.o
 .rela.text.__ioctlvfmtCB
                0x00000000        0x0 c:/utils/devkitpro/devkitppc/bin/../lib/gcc/powerpc-gekko/4.2.4/crtbegin.o
 .rela.text.IOS_IoctlvFormatAsync
                0x00000000        0x0 c:/utils/devkitpro/devkitppc/bin/../lib/gcc/powerpc-gekko/4.2.4/crtbegin.o
 .rela.text.IOS_IoctlvFormat
                0x00000000        0x0 c:/utils/devkitpro/devkitppc/bin/../lib/gcc/powerpc-gekko/4.2.4/crtbegin.o
 .rela.text.nanosleep
                0x00000000        0x0 c:/utils/devkitpro/devkitppc/bin/../lib/gcc/powerpc-gekko/4.2.4/crtbegin.o
 .rela.text.__libc_init
                0x00000000        0x0 c:/utils/devkitpro/devkitppc/bin/../lib/gcc/powerpc-gekko/4.2.4/crtbegin.o
 .rela.text.__libc_wrapup
                0x00000000        0x0 c:/utils/devkitpro/devkitppc/bin/../lib/gcc/powerpc-gekko/4.2.4/crtbegin.o
 .rela.text.__libc_delete_hook
                0x00000000        0x0 c:/utils/devkitpro/devkitppc/bin/../lib/gcc/powerpc-gekko/4.2.4/crtbegin.o
 .rela.text.__CheckARGV
                0x00000000        0x0 c:/utils/devkitpro/devkitppc/bin/../lib/gcc/powerpc-gekko/4.2.4/crtbegin.o
 .rela.text.__lwp_priority_init
                0x00000000        0x0 c:/utils/devkitpro/devkitppc/bin/../lib/gcc/powerpc-gekko/4.2.4/crtbegin.o
 .rela.text.__lwp_threadqueue_extractpriority
                0x00000000        0x0 c:/utils/devkitpro/devkitppc/bin/../lib/gcc/powerpc-gekko/4.2.4/crtbegin.o
 .rela.text.__lwp_threadqueue_extractfifo
                0x00000000        0x0 c:/utils/devkitpro/devkitppc/bin/../lib/gcc/powerpc-gekko/4.2.4/crtbegin.o
 .rela.text.__lwp_threadqueue_dequeuepriority
                0x00000000        0x0 c:/utils/devkitpro/devkitppc/bin/../lib/gcc/powerpc-gekko/4.2.4/crtbegin.o
 .rela.text.__lwp_threadqueue_enqueuepriority
                0x00000000        0x0 c:/utils/devkitpro/devkitppc/bin/../lib/gcc/powerpc-gekko/4.2.4/crtbegin.o
 .rela.text.__lwp_threadqueue_dequeuefifo
                0x00000000        0x0 c:/utils/devkitpro/devkitppc/bin/../lib/gcc/powerpc-gekko/4.2.4/crtbegin.o
 .rela.text.__lwp_threadqueue_enqueuefifo
                0x00000000        0x0 c:/utils/devkitpro/devkitppc/bin/../lib/gcc/powerpc-gekko/4.2.4/crtbegin.o
 .rela.text.__lwp_threadqueue_enqueue
                0x00000000        0x0 c:/utils/devkitpro/devkitppc/bin/../lib/gcc/powerpc-gekko/4.2.4/crtbegin.o
 .rela.text.__lwpmq_close
                0x00000000        0x0 c:/utils/devkitpro/devkitppc/bin/../lib/gcc/powerpc-gekko/4.2.4/crtbegin.o
 .rela.text.__lwpmq_initialize
                0x00000000        0x0 c:/utils/devkitpro/devkitppc/bin/../lib/gcc/powerpc-gekko/4.2.4/crtbegin.o
 .rela.text.__exception_sethandler
                0x00000000        0x0 c:/utils/devkitpro/devkitppc/bin/../lib/gcc/powerpc-gekko/4.2.4/crtbegin.o
 .rela.text.__exception_init
                0x00000000        0x0 c:/utils/devkitpro/devkitppc/bin/../lib/gcc/powerpc-gekko/4.2.4/crtbegin.o
 .rela.text.__systemcall_init
                0x00000000        0x0 c:/utils/devkitpro/devkitppc/bin/../lib/gcc/powerpc-gekko/4.2.4/crtbegin.o
 .rela.text.__lwp_sema_init
                0x00000000        0x0 c:/utils/devkitpro/devkitppc/bin/../lib/gcc/powerpc-gekko/4.2.4/crtbegin.o
 .rela.text.LWP_SemInit
                0x00000000        0x0 c:/utils/devkitpro/devkitppc/bin/../lib/gcc/powerpc-gekko/4.2.4/crtbegin.o
 .rela.text.LWP_SemDestroy
                0x00000000        0x0 c:/utils/devkitpro/devkitppc/bin/../lib/gcc/powerpc-gekko/4.2.4/crtbegin.o
 .rela.text.LWP_SemPost
                0x00000000        0x0 c:/utils/devkitpro/devkitppc/bin/../lib/gcc/powerpc-gekko/4.2.4/crtbegin.o
 .rela.text.LWP_SemWait
                0x00000000        0x0 c:/utils/devkitpro/devkitppc/bin/../lib/gcc/powerpc-gekko/4.2.4/crtbegin.o
 .rela.text.LWP_MutexInit
                0x00000000        0x0 c:/utils/devkitpro/devkitppc/bin/../lib/gcc/powerpc-gekko/4.2.4/crtbegin.o
 .rela.text.__lwp_mutex_init
                0x00000000        0x0 c:/utils/devkitpro/devkitppc/bin/../lib/gcc/powerpc-gekko/4.2.4/crtbegin.o
 .rela.text.LWP_MutexDestroy
                0x00000000        0x0 c:/utils/devkitpro/devkitppc/bin/../lib/gcc/powerpc-gekko/4.2.4/crtbegin.o
 .rela.text.__lwp_mutex_locksupp
                0x00000000        0x0 c:/utils/devkitpro/devkitppc/bin/../lib/gcc/powerpc-gekko/4.2.4/crtbegin.o
 .rela.text.LWP_MutexUnlock
                0x00000000        0x0 c:/utils/devkitpro/devkitppc/bin/../lib/gcc/powerpc-gekko/4.2.4/crtbegin.o
 .rela.text.kprintf
                0x00000000        0x0 c:/utils/devkitpro/devkitppc/bin/../lib/gcc/powerpc-gekko/4.2.4/crtbegin.o
 .rela.text.CON_EnableGecko
                0x00000000        0x0 c:/utils/devkitpro/devkitppc/bin/../lib/gcc/powerpc-gekko/4.2.4/crtbegin.o
 .rela.text.__console_init
                0x00000000        0x0 c:/utils/devkitpro/devkitppc/bin/../lib/gcc/powerpc-gekko/4.2.4/crtbegin.o
 .rela.text.__console_init_ex
                0x00000000        0x0 c:/utils/devkitpro/devkitppc/bin/../lib/gcc/powerpc-gekko/4.2.4/crtbegin.o

.rel.fini
 *(.rel.fini)

.rela.fini
 *(.rela.fini)

.rel.rodata
 *(.rel.rodata .rel.rodata.* .rel.gnu.linkonce.r.*)

.rela.rodata
 *(.rela.rodata .rela.rodata.* .rela.gnu.linkonce.r.*)

.rel.data
 *(.rel.data .rel.data.* .rel.gnu.linkonce.d.*)

.rela.data
 *(.rela.data .rela.data.* .rela.gnu.linkonce.d.*)

.rel.tdata
 *(.rel.tdata .rel.tdata.* .rel.gnu.linkonce.td.*)

.rela.tdata
 *(.rela.tdata .rela.tdata.* .rela.gnu.linkonce.td.*)

.rel.tbss
 *(.rel.tbss .rel.tbss.* .rel.gnu.linkonce.tb.*)

.rela.tbss
 *(.rela.tbss .rela.tbss.* .rela.gnu.linkonce.tb.*)

.rel.ctors
 *(.rel.ctors)

.rela.ctors
 *(.rela.ctors)

.rel.dtors
 *(.rel.dtors)

.rela.dtors
 *(.rela.dtors)

.rel.got
 *(.rel.got)

.rela.got
 *(.rela.got)

.rela.got1
 *(.rela.got1)

.rela.got2      0x80004208        0x0
 *(.rela.got2)
 .rela.got2     0x00000000        0x0 c:/utils/devkitpro/devkitppc/bin/../lib/gcc/powerpc-gekko/4.2.4/crtbegin.o

.rel.sdata
 *(.rel.sdata .rel.sdata.* .rel.gnu.linkonce.s.*)

.rela.sdata
 *(.rela.sdata .rela.sdata.* .rela.gnu.linkonce.s.*)

.rel.sbss
 *(.rel.sbss .rel.sbss.* .rel.gnu.linkonce.sb.*)

.rela.sbss
 *(.rela.sbss .rela.sbss.* .rel.gnu.linkonce.sb.*)

.rel.sdata2
 *(.rel.sdata2 .rel.sdata2.* .rel.gnu.linkonce.s2.*)

.rela.sdata2    0x80004208        0x0
 *(.rela.sdata2 .rela.sdata2.* .rela.gnu.linkonce.s2.*)
 .rela.sdata2.__sys_inIPL
                0x00000000        0x0 c:/utils/devkitpro/devkitppc/bin/../lib/gcc/powerpc-gekko/4.2.4/crtbegin.o
 .rela.sdata2.__gx
                0x00000000        0x0 c:/utils/devkitpro/devkitppc/bin/../lib/gcc/powerpc-gekko/4.2.4/crtbegin.o

.rel.sbss2
 *(.rel.sbss2 .rel.sbss2.* .rel.gnu.linkonce.sb2.*)

.rela.sbss2
 *(.rela.sbss2 .rela.sbss2.* .rela.gnu.linkonce.sb2.*)

.rel.bss
 *(.rel.bss .rel.bss.* .rel.gnu.linkonce.b.*)

.rela.bss
 *(.rela.bss .rela.bss.* .rela.gnu.linkonce.b.*)

.rel.plt
 *(.rel.plt)

.rela.plt
 *(.rela.plt)

.text           0x80004220    0x3baa0
 *(.text)
 .text          0x80004220      0x140 c:/utils/devkitpro/devkitppc/bin/../lib/gcc/powerpc-gekko/4.2.4/crtbegin.o
 .text          0x80004360       0x48 c:/utils/devkitpro/devkitppc/bin/../lib/gcc/powerpc-gekko/4.2.4/../../../../powerpc-gekko/lib/crtmain.o
                0x80004364                __crtmain
 .text          0x800043a8     0x118c lesson7.o
                0x800043a8                setlight
                0x8000454c                main
 *fill*         0x80005534        0xc 00000000
 .text          0x80005540      0x4ec c:/Utils/devkitPro/libogc/lib/wii\libogc.a(lwp_handler.o)
                0x80005680                _cpu_context_restore_fp
                0x80005940                _cpu_context_save
                0x80005540                _cpu_context_save_fp
                0x800057c0                _cpu_context_switch
                0x800059c0                _cpu_context_restore
 .text          0x80005a2c      0x5c4 c:/Utils/devkitPro/libogc/lib/wii\libogc.a(system_asm.o)
                0x80005ac4                __configMEM1_48Mb
                0x80005f50                __reset
                0x80005a2c                __realmode
                0x80005e34                __CacheInit
                0x80005c24                __configMEM2_64Mb
                0x80005e98                __SystemInit
                0x80005d80                __configMEM2_128Mb
                0x80005a44                __configMEM1_24Mb
                0x80005dfc                __PSInit
                0x80005b44                __configMEM2_56Mb
                0x80005ca0                __configMEM2_112Mb
                0x80005f1c                __flush_cache
                0x80005fc0                SYS_SwitchFiber
 .text          0x80005ff0      0xa34 c:/Utils/devkitPro/libogc/lib/wii\libogc.a(gu_psasm.o)
                0x80005ff0                ps_guMtxConcat
                0x800064b8                ps_guMtxApplyTrans
                0x800069c8                ps_guQuatNormalize
                0x800066bc                ps_guMtxReflect
                0x80006798                ps_guVecNormalize
                0x80006820                ps_guVecDotProduct
                0x800065f4                __ps_guMtxRotAxisRadInternal
                0x80006274                ps_guMtxInvXpos
                0x80006840                ps_guVecMultiply
                0x800069a8                ps_guQuatDotProduct
                0x800067e4                ps_guVecCross
                0x8000690c                ps_guQuatSub
                0x800068e8                ps_guQuatAdd
                0x80006894                ps_guVecMultiplySR
                0x800060bc                ps_guMtxIdentity
                0x8000653c                ps_guMtxRotTrig
                0x80006734                ps_guVecAdd
                0x800063c4                ps_guMtxApplyScale
                0x8000677c                ps_guVecScale
                0x8000633c                ps_guMtxScale
                0x800060f0                ps_guMtxCopy
                0x8000636c                ps_guMtxScaleApply
                0x80006930                ps_guQuatMultiply
                0x80006124                ps_guMtxTranspose
                0x8000617c                ps_guMtxInverse
                0x80006430                ps_guMtxTrans
                0x8000646c                ps_guMtxTransApply
                0x80006758                ps_guVecSub
 .text          0x80006a24      0x1b0 c:/Utils/devkitPro/libogc/lib/wii\libogc.a(irq_handler.o)
                0x80006a24                irq_exceptionhandler
 .text          0x80006bd4      0x4d8 c:/Utils/devkitPro/libogc/lib/wii\libogc.a(cache_asm.o)
                0x80006eb0                L2Disable
                0x80006c38                DCBlockZero
                0x80006cf0                DCFlushRangeNoSync
                0x80006e44                ICBlockInvalidate
                0x80006bd4                DCFlashInvalidate
                0x80006c40                DCBlockStore
                0x80006d50                DCZeroRange
                0x80007064                LCLoadBlocks
                0x80006c30                DCTouchLoad
                0x80007024                LCAllocTags
                0x80006e0c                ICDisable
                0x80006df8                ICEnable
                0x80006ec8                L2GlobalInvalidate
                0x80007088                LCStoreBlocks
                0x80006de8                ICFlashInvalidate
                0x80006d80                DCTouchRange
                0x80006d20                DCStoreRangeNoSync
                0x80006e20                ICFreeze
                0x80006bf8                DCDisable
                0x80006c48                DCBlockFlush
                0x80006be4                DCEnable
                0x80006e9c                L2Enable
                0x80006f20                __LCEnable
                0x80006c58                DCInvalidateRange
                0x80007010                LCAllocOneTag
                0x80006c20                DCUnfreeze
                0x80006db0                ICInvalidateRange
                0x80006c88                DCFlushRange
                0x80006e4c                ICSync
                0x80006c50                DCBlockInvalidate
                0x80006c0c                DCFreeze
                0x80006e54                L2Init
                0x80006e34                ICUnfreeze
                0x80006cbc                DCStoreRange
                0x80006fe8                LCDisable
 .text          0x800070ac      0x1b0 c:/Utils/devkitPro/libogc/lib/wii\libogc.a(decrementer_handler.o)
                0x800070ac                dec_exceptionhandler
 .text          0x8000725c      0x34c c:/Utils/devkitPro/libogc/lib/wii\libogc.a(exception_handler.o)
                0x8000725c                exceptionhandler_start
                0x80007310                default_exceptionhandler
                0x800075a4                systemcallhandler_end
                0x80007588                systemcallhandler_start
                0x8000730c                exceptionhandler_end
                0x800072d8                exceptionhandler_patch
                0x80007450                fpu_exceptionhandler
 .text          0x800075a8       0x34 c:/utils/devkitpro/devkitppc/bin/../lib/gcc/powerpc-gekko/4.2.4/../../../../powerpc-gekko/lib\libm.a(lib_a-s_atan2.o)
                0x800075a8                atan2
 .text          0x800075dc      0x284 c:/utils/devkitpro/devkitppc/bin/../lib/gcc/powerpc-gekko/4.2.4/../../../../powerpc-gekko/lib\libm.a(lib_a-s_atangent.o)
                0x800075dc                atangent
 .text          0x80007860       0x24 c:/utils/devkitpro/devkitppc/bin/../lib/gcc/powerpc-gekko/4.2.4/../../../../powerpc-gekko/lib\libm.a(lib_a-s_cos.o)
                0x80007860                cos
 .text          0x80007884       0xb4 c:/utils/devkitpro/devkitppc/bin/../lib/gcc/powerpc-gekko/4.2.4/../../../../powerpc-gekko/lib\libm.a(lib_a-s_fabs.o)
                0x80007884                fabs
 .text          0x80007938       0xb4 c:/utils/devkitpro/devkitppc/bin/../lib/gcc/powerpc-gekko/4.2.4/../../../../powerpc-gekko/lib\libm.a(lib_a-s_frexp.o)
                0x80007938                frexp
 .text          0x800079ec       0x50 c:/utils/devkitpro/devkitppc/bin/../lib/gcc/powerpc-gekko/4.2.4/../../../../powerpc-gekko/lib\libm.a(lib_a-s_numtest.o)
                0x800079ec                numtest
 .text          0x80007a3c       0x24 c:/utils/devkitpro/devkitppc/bin/../lib/gcc/powerpc-gekko/4.2.4/../../../../powerpc-gekko/lib\libm.a(lib_a-s_sin.o)
                0x80007a3c                sin
 .text          0x80007a60      0x2c4 c:/utils/devkitpro/devkitppc/bin/../lib/gcc/powerpc-gekko/4.2.4/../../../../powerpc-gekko/lib\libm.a(lib_a-s_sine.o)
                0x80007a60                sine
 .text          0x80007d24      0x184 c:/utils/devkitpro/devkitppc/bin/../lib/gcc/powerpc-gekko/4.2.4/../../../../powerpc-gekko/lib\libm.a(lib_a-s_sqrt.o)
                0x80007d24                sqrt
 .text          0x80007ea8       0xc8 c:/utils/devkitpro/devkitppc/bin/../lib/gcc/powerpc-gekko/4.2.4/../../../../powerpc-gekko/lib\libm.a(lib_a-sf_atan.o)
                0x80007ea8                atanf
 .text          0x80007f70       0x38 c:/utils/devkitpro/devkitppc/bin/../lib/gcc/powerpc-gekko/4.2.4/../../../../powerpc-gekko/lib\libm.a(lib_a-sf_atan2.o)
                0x80007f70                atan2f
 .text          0x80007fa8      0x250 c:/utils/devkitpro/devkitppc/bin/../lib/gcc/powerpc-gekko/4.2.4/../../../../powerpc-gekko/lib\libm.a(lib_a-sf_atangent.o)
                0x80007fa8                atangentf
 .text          0x800081f8       0x24 c:/utils/devkitpro/devkitppc/bin/../lib/gcc/powerpc-gekko/4.2.4/../../../../powerpc-gekko/lib\libm.a(lib_a-sf_cos.o)
                0x800081f8                cosf
 .text          0x8000821c       0xb4 c:/utils/devkitpro/devkitppc/bin/../lib/gcc/powerpc-gekko/4.2.4/../../../../powerpc-gekko/lib\libm.a(lib_a-sf_fabs.o)
                0x8000821c                fabsf
 .text          0x800082d0       0xa8 c:/utils/devkitpro/devkitppc/bin/../lib/gcc/powerpc-gekko/4.2.4/../../../../powerpc-gekko/lib\libm.a(lib_a-sf_fpclassify.o)
                0x800082d0                __fpclassifyf
 .text          0x80008378       0x90 c:/utils/devkitpro/devkitppc/bin/../lib/gcc/powerpc-gekko/4.2.4/../../../../powerpc-gekko/lib\libm.a(lib_a-sf_frexp.o)
                0x80008378                frexpf
 .text          0x80008408       0x24 c:/utils/devkitpro/devkitppc/bin/../lib/gcc/powerpc-gekko/4.2.4/../../../../powerpc-gekko/lib\libm.a(lib_a-sf_isinff.o)
                0x80008408                __isinff
 .text          0x8000842c       0x28 c:/utils/devkitpro/devkitppc/bin/../lib/gcc/powerpc-gekko/4.2.4/../../../../powerpc-gekko/lib\libm.a(lib_a-sf_isnanf.o)
                0x8000842c                __isnanf
 .text          0x80008454       0x48 c:/utils/devkitpro/devkitppc/bin/../lib/gcc/powerpc-gekko/4.2.4/../../../../powerpc-gekko/lib\libm.a(lib_a-sf_numtest.o)
                0x80008454                numtestf
 .text          0x8000849c       0x24 c:/utils/devkitpro/devkitppc/bin/../lib/gcc/powerpc-gekko/4.2.4/../../../../powerpc-gekko/lib\libm.a(lib_a-sf_sin.o)
                0x8000849c                sinf
 .text          0x800084c0      0x2b8 c:/utils/devkitpro/devkitppc/bin/../lib/gcc/powerpc-gekko/4.2.4/../../../../powerpc-gekko/lib\libm.a(lib_a-sf_sine.o)
                0x800084c0                sinef
 .text          0x80008778      0x190 c:/utils/devkitpro/devkitppc/bin/../lib/gcc/powerpc-gekko/4.2.4/../../../../powerpc-gekko/lib\libm.a(lib_a-sf_sqrt.o)
                0x80008778                sqrtf
 .text          0x80008908      0x204 c:/utils/devkitpro/devkitppc/bin/../lib/gcc/powerpc-gekko/4.2.4/../../../../powerpc-gekko/lib\libm.a(lib_a-sf_tan.o)
                0x80008908                tanf
 .text          0x80008b0c       0x1c c:/utils/devkitpro/devkitppc/bin/../lib/gcc/powerpc-gekko/4.2.4/../../../../powerpc-gekko/lib\libm.a(lib_a-s_ispos.o)
                0x80008b0c                ispos
 .text          0x80008b28      0x154 c:/utils/devkitpro/devkitppc/bin/../lib/gcc/powerpc-gekko/4.2.4/../../../../powerpc-gekko/lib\libm.a(lib_a-s_ldexp.o)
                0x80008b28                ldexp
 .text          0x80008c7c       0x1c c:/utils/devkitpro/devkitppc/bin/../lib/gcc/powerpc-gekko/4.2.4/../../../../powerpc-gekko/lib\libm.a(lib_a-sf_ispos.o)
                0x80008c7c                isposf
 .text          0x80008c98      0x14c c:/utils/devkitpro/devkitppc/bin/../lib/gcc/powerpc-gekko/4.2.4/../../../../powerpc-gekko/lib\libm.a(lib_a-sf_ldexp.o)
                0x80008c98                ldexpf
 .text          0x80008de4      0x408 c:/utils/devkitpro/devkitppc/bin/../lib/gcc/powerpc-gekko/4.2.4\libgcc.a(_udivdi3.o)
                0x80008de4                __udivdi3
 .text          0x800091ec       0x28 c:/utils/devkitpro/devkitppc/bin/../lib/gcc/powerpc-gekko/4.2.4/../../../../powerpc-gekko/lib\libsysbase.a(abort.o)
                0x800091ec                abort
 .text          0x80009214      0x2c4 c:/utils/devkitpro/devkitppc/bin/../lib/gcc/powerpc-gekko/4.2.4/../../../../powerpc-gekko/lib\libsysbase.a(iosupport.o)
                0x80009488                RemoveDevice
                0x80009214                setDefaultDevice
                0x8000922c                AddDevice
                0x80009444                GetDeviceOpTab
                0x80009354                FindDevice
 .text          0x800094d8       0x28 c:/utils/devkitpro/devkitppc/bin/../lib/gcc/powerpc-gekko/4.2.4/../../../../powerpc-gekko/lib\libsysbase.a(_exit.o)
                0x800094d8                _exit
 .text          0x80009500       0x9c c:/utils/devkitpro/devkitppc/bin/../lib/gcc/powerpc-gekko/4.2.4/../../../../powerpc-gekko/lib\libsysbase.a(build_argv.o)
                0x80009500                build_argv
 .text          0x8000959c      0x168 c:/utils/devkitpro/devkitppc/bin/../lib/gcc/powerpc-gekko/4.2.4/../../../../powerpc-gekko/lib\libsysbase.a(syscall_support.o)
                0x800096d0                __malloc_unlock
                0x8000961c                __libc_lock_release
                0x8000959c                __libc_lock_init
                0x8000969c                __malloc_lock
                0x800095dc                __libc_lock_close
                0x8000965c                __libc_lock_acquire
 .text          0x80009704       0x34 c:/utils/devkitpro/devkitppc/bin/../lib/gcc/powerpc-gekko/4.2.4/../../../../powerpc-gekko/lib\libc.a(lib_a-calloc.o)
                0x80009704                calloc
 .text          0x80009738       0xd0 c:/utils/devkitpro/devkitppc/bin/../lib/gcc/powerpc-gekko/4.2.4/../../../../powerpc-gekko/lib\libc.a(lib_a-callocr.o)
                0x80009738                _calloc_r
 .text          0x80009808        0xc c:/utils/devkitpro/devkitppc/bin/../lib/gcc/powerpc-gekko/4.2.4/../../../../powerpc-gekko/lib\libc.a(lib_a-errno.o)
                0x80009808                __errno
 .text          0x80009814       0x40 c:/utils/devkitpro/devkitppc/bin/../lib/gcc/powerpc-gekko/4.2.4/../../../../powerpc-gekko/lib\libc.a(lib_a-exit.o)
                0x80009814                exit
 .text          0x80009854      0x188 c:/utils/devkitpro/devkitppc/bin/../lib/gcc/powerpc-gekko/4.2.4/../../../../powerpc-gekko/lib\libc.a(lib_a-fclose.o)
                0x80009854                _fclose_r
                0x800099cc                fclose
 .text          0x800099dc      0x370 c:/utils/devkitpro/devkitppc/bin/../lib/gcc/powerpc-gekko/4.2.4/../../../../powerpc-gekko/lib\libc.a(lib_a-fflush.o)
                0x80009cfc                fflush
                0x800099dc                _fflush_r
 .text          0x80009d4c      0x4e0 c:/utils/devkitpro/devkitppc/bin/../lib/gcc/powerpc-gekko/4.2.4/../../../../powerpc-gekko/lib\libc.a(lib_a-findfp.o)
                0x80009fdc                __sinit
                0x8000a078                __sfmoreglue
                0x80009d74                _cleanup
                0x80009d4c                _cleanup_r
                0x80009f08                __fp_lock_all
                0x80009eb8                __sfp_lock_acquire
                0x8000a0f0                __sfp
                0x80009de0                __sinit_lock_release
                0x80009e34                __fp_unlock_all
                0x80009e08                __sfp_lock_release
                0x80009e6c                __sinit_lock_acquire
 .text          0x8000a22c      0x110 c:/utils/devkitpro/devkitppc/bin/../lib/gcc/powerpc-gekko/4.2.4/../../../../powerpc-gekko/lib\libc.a(lib_a-fprintf.o)
                0x8000a22c                fprintf
                0x8000a2c0                _fprintf_r
 .text          0x8000a33c      0x420 c:/utils/devkitpro/devkitppc/bin/../lib/gcc/powerpc-gekko/4.2.4/../../../../powerpc-gekko/lib\libc.a(lib_a-fread.o)
                0x8000a734                fread
                0x8000a33c                _fread_r
 .text          0x8000a75c      0x3f8 c:/utils/devkitpro/devkitppc/bin/../lib/gcc/powerpc-gekko/4.2.4/../../../../powerpc-gekko/lib\libc.a(lib_a-freer.o)
                0x8000a878                _free_r
                0x8000a75c                _malloc_trim_r
 .text          0x8000ab54      0x6ac c:/utils/devkitpro/devkitppc/bin/../lib/gcc/powerpc-gekko/4.2.4/../../../../powerpc-gekko/lib\libc.a(lib_a-fseek.o)
                0x8000b1e0                fseek
                0x8000ab54                _fseek_r
 .text          0x8000b200      0x194 c:/utils/devkitpro/devkitppc/bin/../lib/gcc/powerpc-gekko/4.2.4/../../../../powerpc-gekko/lib\libc.a(lib_a-fwalk.o)
                0x8000b2d0                _fwalk
                0x8000b200                _fwalk_reent
 .text          0x8000b394      0x1a4 c:/utils/devkitpro/devkitppc/bin/../lib/gcc/powerpc-gekko/4.2.4/../../../../powerpc-gekko/lib\libc.a(lib_a-fwrite.o)
                0x8000b394                _fwrite_r
                0x8000b510                fwrite
 .text          0x8000b538      0x1c0 c:/utils/devkitpro/devkitppc/bin/../lib/gcc/powerpc-gekko/4.2.4/../../../../powerpc-gekko/lib\libc.a(lib_a-makebuf.o)
                0x8000b538                __smakebuf_r
 .text          0x8000b6f8       0x34 c:/utils/devkitpro/devkitppc/bin/../lib/gcc/powerpc-gekko/4.2.4/../../../../powerpc-gekko/lib\libc.a(lib_a-malign.o)
                0x8000b6f8                memalign
 .text          0x8000b72c      0x1b0 c:/utils/devkitpro/devkitppc/bin/../lib/gcc/powerpc-gekko/4.2.4/../../../../powerpc-gekko/lib\libc.a(lib_a-malignr.o)
                0x8000b72c                _memalign_r
 .text          0x8000b8dc       0x58 c:/utils/devkitpro/devkitppc/bin/../lib/gcc/powerpc-gekko/4.2.4/../../../../powerpc-gekko/lib\libc.a(lib_a-malloc.o)
                0x8000b908                malloc
                0x8000b8dc                free
 .text          0x8000b934      0x86c c:/utils/devkitpro/devkitppc/bin/../lib/gcc/powerpc-gekko/4.2.4/../../../../powerpc-gekko/lib\libc.a(lib_a-mallocr.o)
                0x8000b934                _malloc_r
 .text          0x8000c1a0       0x8c c:/utils/devkitpro/devkitppc/bin/../lib/gcc/powerpc-gekko/4.2.4/../../../../powerpc-gekko/lib\libc.a(lib_a-memcmp.o)
                0x8000c1a0                memcmp
 .text          0x8000c22c       0xc8 c:/utils/devkitpro/devkitppc/bin/../lib/gcc/powerpc-gekko/4.2.4/../../../../powerpc-gekko/lib\libc.a(lib_a-memcpy.o)
                0x8000c22c                memcpy
 .text          0x8000c2f4      0x104 c:/utils/devkitpro/devkitppc/bin/../lib/gcc/powerpc-gekko/4.2.4/../../../../powerpc-gekko/lib\libc.a(lib_a-memmove.o)
                0x8000c2f4                memmove
 .text          0x8000c3f8       0xe4 c:/utils/devkitpro/devkitppc/bin/../lib/gcc/powerpc-gekko/4.2.4/../../../../powerpc-gekko/lib\libc.a(lib_a-memset.o)
                0x8000c3f8                memset
 .text          0x8000c4dc      0x124 c:/utils/devkitpro/devkitppc/bin/../lib/gcc/powerpc-gekko/4.2.4/../../../../powerpc-gekko/lib\libc.a(lib_a-printf.o)
                0x8000c4dc                printf
                0x8000c574                _printf_r
 .text          0x8000c600       0xd0 c:/utils/devkitpro/devkitppc/bin/../lib/gcc/powerpc-gekko/4.2.4/../../../../powerpc-gekko/lib\libc.a(lib_a-puts.o)
                0x8000c600                _puts_r
                0x8000c6c0                puts
 .text          0x8000c6d0      0x248 c:/utils/devkitpro/devkitppc/bin/../lib/gcc/powerpc-gekko/4.2.4/../../../../powerpc-gekko/lib\libc.a(lib_a-reent.o)
                0x8000c790                cleanup_glue
                0x8000c7e0                _reclaim_reent
                0x8000c6d0                _wrapup_reent
 .text          0x8000c918      0x264 c:/utils/devkitpro/devkitppc/bin/../lib/gcc/powerpc-gekko/4.2.4/../../../../powerpc-gekko/lib\libc.a(lib_a-refill.o)
                0x8000c918                __srefill_r
 .text          0x8000cb7c      0x2cc c:/utils/devkitpro/devkitppc/bin/../lib/gcc/powerpc-gekko/4.2.4/../../../../powerpc-gekko/lib\libc.a(lib_a-setvbuf.o)
                0x8000cb7c                setvbuf
 .text          0x8000ce48      0x230 c:/utils/devkitpro/devkitppc/bin/../lib/gcc/powerpc-gekko/4.2.4/../../../../powerpc-gekko/lib\libc.a(lib_a-snprintf.o)
                0x8000ce48                snprintf
                0x8000cf60                _snprintf_r
 .text          0x8000d078      0x184 c:/utils/devkitpro/devkitppc/bin/../lib/gcc/powerpc-gekko/4.2.4/../../../../powerpc-gekko/lib\libc.a(lib_a-stdio.o)
                0x8000d09c                __sseek
                0x8000d198                __sread
                0x8000d078                __sclose
                0x8000d10c                __swrite
 .text          0x8000d1fc      0x188 c:/utils/devkitpro/devkitppc/bin/../lib/gcc/powerpc-gekko/4.2.4/../../../../powerpc-gekko/lib\libc.a(lib_a-strchr.o)
                0x8000d1fc                strchr
 .text          0x8000d384       0xc0 c:/utils/devkitpro/devkitppc/bin/../lib/gcc/powerpc-gekko/4.2.4/../../../../powerpc-gekko/lib\libc.a(lib_a-strcmp.o)
                0x8000d384                strcmp
 .text          0x8000d444       0x74 c:/utils/devkitpro/devkitppc/bin/../lib/gcc/powerpc-gekko/4.2.4/../../../../powerpc-gekko/lib\libc.a(lib_a-strcpy.o)
                0x8000d444                strcpy
 .text          0x8000d4b8       0xa4 c:/utils/devkitpro/devkitppc/bin/../lib/gcc/powerpc-gekko/4.2.4/../../../../powerpc-gekko/lib\libc.a(lib_a-strlen.o)
                0x8000d4b8                strlen
 .text          0x8000d55c      0x144 c:/utils/devkitpro/devkitppc/bin/../lib/gcc/powerpc-gekko/4.2.4/../../../../powerpc-gekko/lib\libc.a(lib_a-strncmp.o)
                0x8000d55c                strncmp
 .text          0x8000d6a0       0x44 c:/utils/devkitpro/devkitppc/bin/../lib/gcc/powerpc-gekko/4.2.4/../../../../powerpc-gekko/lib\libc.a(lib_a-strnlen.o)
                0x8000d6a0                strnlen
 .text          0x8000d6e4      0x1f4 c:/utils/devkitpro/devkitppc/bin/../lib/gcc/powerpc-gekko/4.2.4/../../../../powerpc-gekko/lib\libc.a(lib_a-strtoul.o)
                0x8000d8b8                strtoul
                0x8000d6e4                _strtoul_r
 .text          0x8000d8d8      0x290 c:/utils/devkitpro/devkitppc/bin/../lib/gcc/powerpc-gekko/4.2.4/../../../../powerpc-gekko/lib\libc.a(lib_a-strtoull_r.o)
                0x8000d8d8                _strtoull_r
 .text          0x8000db68     0x23c8 c:/utils/devkitpro/devkitppc/bin/../lib/gcc/powerpc-gekko/4.2.4/../../../../powerpc-gekko/lib\libc.a(lib_a-svfprintf.o)
                0x8000dd80                _svfprintf_r
 .text          0x8000ff30       0x3c c:/utils/devkitpro/devkitppc/bin/../lib/gcc/powerpc-gekko/4.2.4/../../../../powerpc-gekko/lib\libc.a(lib_a-syswrite.o)
                0x8000ff30                write
 .text          0x8000ff6c     0x2360 c:/utils/devkitpro/devkitppc/bin/../lib/gcc/powerpc-gekko/4.2.4/../../../../powerpc-gekko/lib\libc.a(lib_a-vfprintf.o)
                0x8000ffcc                _vfprintf_r
                0x800122ac                vfprintf
 .text          0x800122cc       0xa4 c:/utils/devkitpro/devkitppc/bin/../lib/gcc/powerpc-gekko/4.2.4/../../../../powerpc-gekko/lib\libc.a(lib_a-wcrtomb.o)
                0x800122cc                _wcrtomb_r
                0x80012350                wcrtomb
 .text          0x80012370      0x1d4 c:/utils/devkitpro/devkitppc/bin/../lib/gcc/powerpc-gekko/4.2.4/../../../../powerpc-gekko/lib\libc.a(lib_a-wcsrtombs.o)
                0x80012370                _wcsrtombs_r
                0x8001251c                wcsrtombs
 .text          0x80012544      0x464 c:/utils/devkitpro/devkitppc/bin/../lib/gcc/powerpc-gekko/4.2.4/../../../../powerpc-gekko/lib\libc.a(lib_a-wctomb_r.o)
                0x80012544                _wctomb_r
 .text          0x800129a8      0x178 c:/utils/devkitpro/devkitppc/bin/../lib/gcc/powerpc-gekko/4.2.4/../../../../powerpc-gekko/lib\libc.a(lib_a-wsetup.o)
                0x800129a8                __swsetup_r
 .text          0x80012b20      0x1ac c:/utils/devkitpro/devkitppc/bin/../lib/gcc/powerpc-gekko/4.2.4/../../../../powerpc-gekko/lib\libc.a(lib_a-__call_atexit.o)
                0x80012b20                __call_exitprocs
 .text          0x80012ccc     0x13a0 c:/utils/devkitpro/devkitppc/bin/../lib/gcc/powerpc-gekko/4.2.4/../../../../powerpc-gekko/lib\libc.a(lib_a-dtoa.o)
                0x80012f18                _dtoa_r
 .text          0x8001406c      0x528 c:/utils/devkitpro/devkitppc/bin/../lib/gcc/powerpc-gekko/4.2.4/../../../../powerpc-gekko/lib\libc.a(lib_a-fvwrite.o)
                0x8001406c                __sfvwrite_r
 .text          0x80014594      0x4c4 c:/utils/devkitpro/devkitppc/bin/../lib/gcc/powerpc-gekko/4.2.4/../../../../powerpc-gekko/lib\libc.a(lib_a-locale.o)
                0x800145b8                _setlocale_r
                0x80014594                __locale_charset
                0x800145a0                _localeconv_r
                0x80014a40                setlocale
                0x800145ac                localeconv
 .text          0x80014a58      0x9a8 c:/utils/devkitpro/devkitppc/bin/../lib/gcc/powerpc-gekko/4.2.4/../../../../powerpc-gekko/lib\libc.a(lib_a-mbtowc_r.o)
                0x80014a58                _mbtowc_r
 .text          0x80015400       0xdc c:/utils/devkitpro/devkitppc/bin/../lib/gcc/powerpc-gekko/4.2.4/../../../../powerpc-gekko/lib\libc.a(lib_a-memchr.o)
                0x80015400                memchr
 .text          0x800154dc     0x1128 c:/utils/devkitpro/devkitppc/bin/../lib/gcc/powerpc-gekko/4.2.4/../../../../powerpc-gekko/lib\libc.a(lib_a-mprec.o)
                0x80015944                _mprec_log10
                0x800159e8                __any_on
                0x80015a88                _Balloc
                0x80015880                __ratio
                0x8001625c                __i2b
                0x80015730                __b2d
                0x800164dc                __s2b
                0x80015630                __mcmp
                0x80015500                __hi0bits
                0x800163b0                __pow5mult
                0x80015ebc                __lshift
                0x80016024                __multiply
                0x80015b58                __d2b
                0x80015980                __copybits
                0x80015690                __ulp
                0x80015d00                __mdiff
                0x8001556c                __lo0bits
                0x80016298                __multadd
                0x800154dc                _Bfree
 .text          0x80016604      0x668 c:/utils/devkitpro/devkitppc/bin/../lib/gcc/powerpc-gekko/4.2.4/../../../../powerpc-gekko/lib\libc.a(lib_a-reallocr.o)
                0x80016604                _realloc_r
 .text          0x80016c6c       0x44 c:/utils/devkitpro/devkitppc/bin/../lib/gcc/powerpc-gekko/4.2.4/../../../../powerpc-gekko/lib\libc.a(lib_a-s_isinfd.o)
                0x80016c6c                __isinfd
 .text          0x80016cb0       0x38 c:/utils/devkitpro/devkitppc/bin/../lib/gcc/powerpc-gekko/4.2.4/../../../../powerpc-gekko/lib\libc.a(lib_a-s_isnand.o)
                0x80016cb0                __isnand
 .text          0x80016ce8       0xa0 c:/utils/devkitpro/devkitppc/bin/../lib/gcc/powerpc-gekko/4.2.4/../../../../powerpc-gekko/lib\libsysbase.a(close.o)
                0x80016ce8                _close_r
 .text          0x80016d88       0xc4 c:/utils/devkitpro/devkitppc/bin/../lib/gcc/powerpc-gekko/4.2.4/../../../../powerpc-gekko/lib\libsysbase.a(fstat.o)
                0x80016d88                _fstat_r
 .text          0x80016e4c        0x8 c:/utils/devkitpro/devkitppc/bin/../lib/gcc/powerpc-gekko/4.2.4/../../../../powerpc-gekko/lib\libsysbase.a(isatty.o)
                0x80016e4c                _isatty_r
 .text          0x80016e54       0xe8 c:/utils/devkitpro/devkitppc/bin/../lib/gcc/powerpc-gekko/4.2.4/../../../../powerpc-gekko/lib\libsysbase.a(lseek.o)
                0x80016e54                _lseek_r
 .text          0x80016f3c       0xcc c:/utils/devkitpro/devkitppc/bin/../lib/gcc/powerpc-gekko/4.2.4/../../../../powerpc-gekko/lib\libsysbase.a(read.o)
                0x80016f3c                _read_r
 .text          0x80017008       0x50 c:/utils/devkitpro/devkitppc/bin/../lib/gcc/powerpc-gekko/4.2.4/../../../../powerpc-gekko/lib\libsysbase.a(sbrk.o)
                0x80017008                _sbrk_r
 .text          0x80017058       0xcc c:/utils/devkitpro/devkitppc/bin/../lib/gcc/powerpc-gekko/4.2.4/../../../../powerpc-gekko/lib\libsysbase.a(write.o)
                0x80017058                _write_r
 .text          0x80017124       0x6c c:/utils/devkitpro/devkitppc/bin/../lib/gcc/powerpc-gekko/4.2.4/../../../../powerpc-gekko/lib\libsysbase.a(flock.o)
                0x80017148                __flockfile
                0x80017124                __funlockfile
 .text          0x80017190      0x120 c:/utils/devkitpro/devkitppc/bin/../lib/gcc/powerpc-gekko/4.2.4/../../../../powerpc-gekko/lib\libsysbase.a(handle_manager.o)
                0x80017254                __release_handle
                0x800171bc                __alloc_handle
                0x80017190                __get_handle
 .text          0x800172b0      0x450 c:/utils/devkitpro/devkitppc/bin/../lib/gcc/powerpc-gekko/4.2.4\libgcc.a(_umoddi3.o)
                0x800172b0                __umoddi3
 .text          0x80017700       0x6c c:/utils/devkitpro/devkitppc/bin/../lib/gcc/powerpc-gekko/4.2.4/crtend.o
 *(.text.*)
 .text.__wpad_assign_slot
                0x8001776c      0x24c c:/Utils/devkitPro/libogc/lib/wii\libwiiuse.a(wpad.o)
                0x8001776c                __wpad_assign_slot
 .text.__wpad_disconnectCB
                0x800179b8      0x100 c:/Utils/devkitPro/libogc/lib/wii\libwiiuse.a(wpad.o)
                0x800179b8                __wpad_disconnectCB
 .text.WPAD_ButtonsDown
                0x80017ab8       0x28 c:/Utils/devkitPro/libogc/lib/wii\libwiiuse.a(wpad.o)
                0x80017ab8                WPAD_ButtonsDown
 .text.WPAD_ButtonsHeld
                0x80017ae0       0x28 c:/Utils/devkitPro/libogc/lib/wii\libwiiuse.a(wpad.o)
                0x80017ae0                WPAD_ButtonsHeld
 .text.__wpad_disconnect
                0x80017b08       0x58 c:/Utils/devkitPro/libogc/lib/wii\libwiiuse.a(wpad.o)
 .text.WPAD_Shutdown
                0x80017b60      0x100 c:/Utils/devkitPro/libogc/lib/wii\libwiiuse.a(wpad.o)
                0x80017b60                WPAD_Shutdown
 .text.__wpad_onreset
                0x80017c60       0x2c c:/Utils/devkitPro/libogc/lib/wii\libwiiuse.a(wpad.o)
 .text.__wpad_timeouthandler
                0x80017c8c       0xb8 c:/Utils/devkitPro/libogc/lib/wii\libwiiuse.a(wpad.o)
 .text.__wpad_def_powcb
                0x80017d44       0x20 c:/Utils/devkitPro/libogc/lib/wii\libwiiuse.a(wpad.o)
 .text.__wpad_setfmt
                0x80017d64      0x110 c:/Utils/devkitPro/libogc/lib/wii\libwiiuse.a(wpad.o)
 .text.WPAD_ReadEvent
                0x80017e74      0x5a4 c:/Utils/devkitPro/libogc/lib/wii\libwiiuse.a(wpad.o)
                0x80017e74                WPAD_ReadEvent
 .text.WPAD_ReadPending
                0x80018418      0x16c c:/Utils/devkitPro/libogc/lib/wii\libwiiuse.a(wpad.o)
                0x80018418                WPAD_ReadPending
 .text.WPAD_ScanPads
                0x80018584        0xc c:/Utils/devkitPro/libogc/lib/wii\libwiiuse.a(wpad.o)
                0x80018584                WPAD_ScanPads
 .text.WPAD_Init
                0x80018590      0x20c c:/Utils/devkitPro/libogc/lib/wii\libwiiuse.a(wpad.o)
                0x80018590                WPAD_Init
 .text.__initcore_finished
                0x8001879c       0x40 c:/Utils/devkitPro/libogc/lib/wii\libwiiuse.a(wpad.o)
 .text.__readlinkkey_finished
                0x800187dc       0x38 c:/Utils/devkitPro/libogc/lib/wii\libwiiuse.a(wpad.o)
 .text.__wpad_patch_finished
                0x80018814       0x2c c:/Utils/devkitPro/libogc/lib/wii\libwiiuse.a(wpad.o)
 .text.__wpad_init_finished
                0x80018840      0x1d4 c:/Utils/devkitPro/libogc/lib/wii\libwiiuse.a(wpad.o)
 .text.__wpad_eventCB
                0x80018a14      0x998 c:/Utils/devkitPro/libogc/lib/wii\libwiiuse.a(wpad.o)
 .text.calculate_gforce
                0x800193ac       0xfc c:/Utils/devkitPro/libogc/lib/wii\libwiiuse.a(dynamics.o)
                0x800193ac                calculate_gforce
 .text.calc_balanceboard_state
                0x800194a8      0x380 c:/Utils/devkitPro/libogc/lib/wii\libwiiuse.a(dynamics.o)
                0x800194a8                calc_balanceboard_state
 .text.apply_smoothing
                0x80019828      0x184 c:/Utils/devkitPro/libogc/lib/wii\libwiiuse.a(dynamics.o)
                0x80019828                apply_smoothing
 .text.calc_joystick_state
                0x800199ac      0x274 c:/Utils/devkitPro/libogc/lib/wii\libwiiuse.a(dynamics.o)
                0x800199ac                calc_joystick_state
 .text.calculate_orientation
                0x80019c20      0x2ec c:/Utils/devkitPro/libogc/lib/wii\libwiiuse.a(dynamics.o)
                0x80019c20                calculate_orientation
 .text.wiiuse_io_write
                0x80019f0c       0x44 c:/Utils/devkitPro/libogc/lib/wii\libwiiuse.a(io_wii.o)
                0x80019f0c                wiiuse_io_write
 .text.__wiiuse_disconnected
                0x80019f50       0xb0 c:/Utils/devkitPro/libogc/lib/wii\libwiiuse.a(io_wii.o)
 .text.__wiiuse_sent
                0x8001a000       0xc4 c:/Utils/devkitPro/libogc/lib/wii\libwiiuse.a(io_wii.o)
 .text.wiiuse_init_cmd_queue
                0x8001a0c4       0x4c c:/Utils/devkitPro/libogc/lib/wii\libwiiuse.a(io_wii.o)
                0x8001a0c4                wiiuse_init_cmd_queue
 .text.wiiuse_disconnect
                0x8001a110       0x40 c:/Utils/devkitPro/libogc/lib/wii\libwiiuse.a(io_wii.o)
                0x8001a110                wiiuse_disconnect
 .text.wiiuse_register
                0x8001a150       0xe4 c:/Utils/devkitPro/libogc/lib/wii\libwiiuse.a(io_wii.o)
                0x8001a150                wiiuse_register
 .text.__wiiuse_connected
                0x8001a234       0x9c c:/Utils/devkitPro/libogc/lib/wii\libwiiuse.a(io_wii.o)
 .text.__wiiuse_receive
                0x8001a2d0       0xc8 c:/Utils/devkitPro/libogc/lib/wii\libwiiuse.a(io_wii.o)
 .text.__wiiuse_sensorbar_enable
                0x8001a398       0x50 c:/Utils/devkitPro/libogc/lib/wii\libwiiuse.a(io_wii.o)
                0x8001a398                __wiiuse_sensorbar_enable
 .text.get_ir_sens
                0x8001a3e8       0xec c:/Utils/devkitPro/libogc/lib/wii\libwiiuse.a(ir.o)
 .text.wiiuse_set_ir_position
                0x8001a4d4       0x80 c:/Utils/devkitPro/libogc/lib/wii\libwiiuse.a(ir.o)
                0x8001a4d4                wiiuse_set_ir_position
 .text.wiiuse_set_aspect_ratio
                0x8001a554       0x44 c:/Utils/devkitPro/libogc/lib/wii\libwiiuse.a(ir.o)
                0x8001a554                wiiuse_set_aspect_ratio
 .text.calculate_basic_ir
                0x8001a598       0xf4 c:/Utils/devkitPro/libogc/lib/wii\libwiiuse.a(ir.o)
                0x8001a598                calculate_basic_ir
 .text.calculate_extended_ir
                0x8001a68c       0x70 c:/Utils/devkitPro/libogc/lib/wii\libwiiuse.a(ir.o)
                0x8001a68c                calculate_extended_ir
 .text.calc_yaw
                0x8001a6fc       0x54 c:/Utils/devkitPro/libogc/lib/wii\libwiiuse.a(ir.o)
                0x8001a6fc                calc_yaw
 .text.apply_ir_smoothing
                0x8001a750       0xf4 c:/Utils/devkitPro/libogc/lib/wii\libwiiuse.a(ir.o)
                0x8001a750                apply_ir_smoothing
 .text.rotate_dots
                0x8001a844      0x120 c:/Utils/devkitPro/libogc/lib/wii\libwiiuse.a(ir.o)
 .text.find_sensorbar
                0x8001a964      0x970 c:/Utils/devkitPro/libogc/lib/wii\libwiiuse.a(ir.o)
                0x8001a964                find_sensorbar
 .text.interpret_ir_data
                0x8001b2d4      0x33c c:/Utils/devkitPro/libogc/lib/wii\libwiiuse.a(ir.o)
                0x8001b2d4                interpret_ir_data
 .text.wiiuse_set_ir_sensitivity
                0x8001b610      0x118 c:/Utils/devkitPro/libogc/lib/wii\libwiiuse.a(ir.o)
                0x8001b610                wiiuse_set_ir_sensitivity
 .text.wiiuse_set_ir_mode
                0x8001b728       0x6c c:/Utils/devkitPro/libogc/lib/wii\libwiiuse.a(ir.o)
                0x8001b728                wiiuse_set_ir_mode
 .text.wiiuse_set_ir
                0x8001b794      0x21c c:/Utils/devkitPro/libogc/lib/wii\libwiiuse.a(ir.o)
                0x8001b794                wiiuse_set_ir
 .text.wiiuse_set_flags
                0x8001b9b0       0x20 c:/Utils/devkitPro/libogc/lib/wii\libwiiuse.a(wiiuse.o)
                0x8001b9b0                wiiuse_set_flags
 .text.wiiuse_send_next_command
                0x8001b9d0       0x6c c:/Utils/devkitPro/libogc/lib/wii\libwiiuse.a(wiiuse.o)
                0x8001b9d0                wiiuse_send_next_command
 .text.wiiuse_write_data
                0x8001ba3c      0x184 c:/Utils/devkitPro/libogc/lib/wii\libwiiuse.a(wiiuse.o)
                0x8001ba3c                wiiuse_write_data
 .text.wiiuse_init
                0x8001bbc0      0x164 c:/Utils/devkitPro/libogc/lib/wii\libwiiuse.a(wiiuse.o)
                0x8001bbc0                wiiuse_init
 .text.wiiuse_sendcmd
                0x8001bd24      0x10c c:/Utils/devkitPro/libogc/lib/wii\libwiiuse.a(wiiuse.o)
                0x8001bd24                wiiuse_sendcmd
 .text.wiiuse_status
                0x8001be30       0x5c c:/Utils/devkitPro/libogc/lib/wii\libwiiuse.a(wiiuse.o)
                0x8001be30                wiiuse_status
 .text.wiiuse_motion_sensing
                0x8001be8c       0x54 c:/Utils/devkitPro/libogc/lib/wii\libwiiuse.a(wiiuse.o)
                0x8001be8c                wiiuse_motion_sensing
 .text.wiiuse_set_report_type
                0x8001bee0      0x100 c:/Utils/devkitPro/libogc/lib/wii\libwiiuse.a(wiiuse.o)
                0x8001bee0                wiiuse_set_report_type
 .text.wiiuse_set_leds
                0x8001bfe0       0x60 c:/Utils/devkitPro/libogc/lib/wii\libwiiuse.a(wiiuse.o)
                0x8001bfe0                wiiuse_set_leds
 .text.wiiuse_read_data
                0x8001c040      0x144 c:/Utils/devkitPro/libogc/lib/wii\libwiiuse.a(wiiuse.o)
                0x8001c040                wiiuse_read_data
 .text.wiiuse_pressed_buttons
                0x8001c184       0x2c c:/Utils/devkitPro/libogc/lib/wii\libwiiuse.a(events.o)
                0x8001c184                wiiuse_pressed_buttons
 .text.handle_expansion
                0x8001c1b0       0x94 c:/Utils/devkitPro/libogc/lib/wii\libwiiuse.a(events.o)
 .text.parse_event
                0x8001c244      0x518 c:/Utils/devkitPro/libogc/lib/wii\libwiiuse.a(events.o)
                0x8001c244                parse_event
 .text.guitar_hero_3_event
                0x8001c75c       0x50 c:/Utils/devkitPro/libogc/lib/wii\libwiiuse.a(guitar_hero_3.o)
                0x8001c75c                guitar_hero_3_event
 .text.guitar_hero_3_disconnected
                0x8001c7ac       0x28 c:/Utils/devkitPro/libogc/lib/wii\libwiiuse.a(guitar_hero_3.o)
                0x8001c7ac                guitar_hero_3_disconnected
 .text.guitar_hero_3_handshake
                0x8001c7d4       0xb4 c:/Utils/devkitPro/libogc/lib/wii\libwiiuse.a(guitar_hero_3.o)
                0x8001c7d4                guitar_hero_3_handshake
 .text.wiiuse_disable_expansion
                0x8001c888      0x170 c:/Utils/devkitPro/libogc/lib/wii\libwiiuse.a(io.o)
                0x8001c888                wiiuse_disable_expansion
 .text.wiiuse_handshake_expansion
                0x8001c9f8      0x238 c:/Utils/devkitPro/libogc/lib/wii\libwiiuse.a(io.o)
                0x8001c9f8                wiiuse_handshake_expansion
 .text.wiiuse_handshake_expansion_start
                0x8001cc30       0x24 c:/Utils/devkitPro/libogc/lib/wii\libwiiuse.a(io.o)
                0x8001cc30                wiiuse_handshake_expansion_start
 .text.wiiuse_handshake
                0x8001cc54      0x164 c:/Utils/devkitPro/libogc/lib/wii\libwiiuse.a(io.o)
                0x8001cc54                wiiuse_handshake
 .text.nunchuk_event
                0x8001cdb8       0x88 c:/Utils/devkitPro/libogc/lib/wii\libwiiuse.a(nunchuk.o)
                0x8001cdb8                nunchuk_event
 .text.nunchuk_disconnected
                0x8001ce40       0x28 c:/Utils/devkitPro/libogc/lib/wii\libwiiuse.a(nunchuk.o)
                0x8001ce40                nunchuk_disconnected
 .text.nunchuk_handshake
                0x8001ce68      0x198 c:/Utils/devkitPro/libogc/lib/wii\libwiiuse.a(nunchuk.o)
                0x8001ce68                nunchuk_handshake
 .text.wii_board_event
                0x8001d000       0x54 c:/Utils/devkitPro/libogc/lib/wii\libwiiuse.a(wiiboard.o)
                0x8001d000                wii_board_event
 .text.wii_board_disconnected
                0x8001d054       0x28 c:/Utils/devkitPro/libogc/lib/wii\libwiiuse.a(wiiboard.o)
                0x8001d054                wii_board_disconnected
 .text.wii_board_handshake
                0x8001d07c      0x174 c:/Utils/devkitPro/libogc/lib/wii\libwiiuse.a(wiiboard.o)
                0x8001d07c                wii_board_handshake
 .text.classic_ctrl_event
                0x8001d1f0       0xa4 c:/Utils/devkitPro/libogc/lib/wii\libwiiuse.a(classic.o)
                0x8001d1f0                classic_ctrl_event
 .text.classic_ctrl_disconnected
                0x8001d294       0x28 c:/Utils/devkitPro/libogc/lib/wii\libwiiuse.a(classic.o)
                0x8001d294                classic_ctrl_disconnected
 .text.classic_ctrl_handshake
                0x8001d2bc      0x128 c:/Utils/devkitPro/libogc/lib/wii\libwiiuse.a(classic.o)
                0x8001d2bc                classic_ctrl_handshake
 .text.bte_arg  0x8001d3e4       0x38 c:/Utils/devkitPro/libogc/lib/wii\libbte.a(bte.o)
                0x8001d3e4                bte_arg
 .text.bte_received
                0x8001d41c       0x38 c:/Utils/devkitPro/libogc/lib/wii\libbte.a(bte.o)
                0x8001d41c                bte_received
 .text.bte_disconnected
                0x8001d454       0x38 c:/Utils/devkitPro/libogc/lib/wii\libbte.a(bte.o)
                0x8001d454                bte_disconnected
 .text.acl_wlp_completed
                0x8001d48c        0x8 c:/Utils/devkitPro/libogc/lib/wii\libbte.a(bte.o)
                0x8001d48c                acl_wlp_completed
 .text.l2cap_accepted
                0x8001d494      0x10c c:/Utils/devkitPro/libogc/lib/wii\libbte.a(bte.o)
                0x8001d494                l2cap_accepted
 .text.l2cap_disconnected_ind
                0x8001d5a0      0x174 c:/Utils/devkitPro/libogc/lib/wii\libbte.a(bte.o)
                0x8001d5a0                l2cap_disconnected_ind
 .text.__bte_send_pending_request
                0x8001d714       0xdc c:/Utils/devkitPro/libogc/lib/wii\libbte.a(bte.o)
 .text.bte_process_input
                0x8001d7f0      0x130 c:/Utils/devkitPro/libogc/lib/wii\libbte.a(bte.o)
 .text.__bte_send_request
                0x8001d920       0xa4 c:/Utils/devkitPro/libogc/lib/wii\libbte.a(bte.o)
 .text.bte_disconnect
                0x8001d9c4       0xb4 c:/Utils/devkitPro/libogc/lib/wii\libbte.a(bte.o)
                0x8001d9c4                bte_disconnect
 .text.acl_conn_complete
                0x8001da78       0x2c c:/Utils/devkitPro/libogc/lib/wii\libbte.a(bte.o)
                0x8001da78                acl_conn_complete
 .text.bte_sendmessageasync
                0x8001daa4      0x138 c:/Utils/devkitPro/libogc/lib/wii\libbte.a(bte.o)
                0x8001daa4                bte_sendmessageasync
 .text.bte_registerdeviceasync
                0x8001dbdc      0x1c0 c:/Utils/devkitPro/libogc/lib/wii\libbte.a(bte.o)
                0x8001dbdc                bte_registerdeviceasync
 .text.bte_new  0x8001dd9c       0x60 c:/Utils/devkitPro/libogc/lib/wii\libbte.a(bte.o)
                0x8001dd9c                bte_new
 .text.BTE_SetDisconnectCallback
                0x8001ddfc       0x20 c:/Utils/devkitPro/libogc/lib/wii\libbte.a(bte.o)
                0x8001ddfc                BTE_SetDisconnectCallback
 .text.BTE_InitSub
                0x8001de1c       0x94 c:/Utils/devkitPro/libogc/lib/wii\libbte.a(bte.o)
                0x8001de1c                BTE_InitSub
 .text.BTE_ApplyPatch
                0x8001deb0       0xa8 c:/Utils/devkitPro/libogc/lib/wii\libbte.a(bte.o)
                0x8001deb0                BTE_ApplyPatch
 .text.BTE_InitCore
                0x8001df58       0x90 c:/Utils/devkitPro/libogc/lib/wii\libbte.a(bte.o)
                0x8001df58                BTE_InitCore
 .text.BTE_ReadStoredLinkKey
                0x8001dfe8       0x94 c:/Utils/devkitPro/libogc/lib/wii\libbte.a(bte.o)
                0x8001dfe8                BTE_ReadStoredLinkKey
 .text.BTE_Shutdown
                0x8001e07c      0x114 c:/Utils/devkitPro/libogc/lib/wii\libbte.a(bte.o)
                0x8001e07c                BTE_Shutdown
 .text.__bte_shutdown_finished
                0x8001e190      0x118 c:/Utils/devkitPro/libogc/lib/wii\libbte.a(bte.o)
 .text.BTE_Init
                0x8001e2a8      0x134 c:/Utils/devkitPro/libogc/lib/wii\libbte.a(bte.o)
                0x8001e2a8                BTE_Init
 .text.bt_alarmhandler
                0x8001e3dc       0x60 c:/Utils/devkitPro/libogc/lib/wii\libbte.a(bte.o)
 .text.l2cap_disconnect_cfm
                0x8001e43c      0x1ac c:/Utils/devkitPro/libogc/lib/wii\libbte.a(bte.o)
                0x8001e43c                l2cap_disconnect_cfm
 .text.bte_hci_initsub_complete
                0x8001e5e8      0x230 c:/Utils/devkitPro/libogc/lib/wii\libbte.a(bte.o)
                0x8001e5e8                bte_hci_initsub_complete
 .text.bte_hci_patch_complete
                0x8001e818      0x2b8 c:/Utils/devkitPro/libogc/lib/wii\libbte.a(bte.o)
                0x8001e818                bte_hci_patch_complete
 .text.bte_hci_apply_patch_complete
                0x8001ead0      0x15c c:/Utils/devkitPro/libogc/lib/wii\libbte.a(bte.o)
                0x8001ead0                bte_hci_apply_patch_complete
 .text.bte_hci_initcore_complete
                0x8001ec2c      0x208 c:/Utils/devkitPro/libogc/lib/wii\libbte.a(bte.o)
                0x8001ec2c                bte_hci_initcore_complete
 .text.bte_hci_initcore_complete2
                0x8001ee34      0x1e4 c:/Utils/devkitPro/libogc/lib/wii\libbte.a(bte.o)
                0x8001ee34                bte_hci_initcore_complete2
 .text.bte_read_stored_link_key_complete
                0x8001f018      0x264 c:/Utils/devkitPro/libogc/lib/wii\libbte.a(bte.o)
                0x8001f018                bte_read_stored_link_key_complete
 .text.hci_get_link
                0x8001f27c       0x88 c:/Utils/devkitPro/libogc/lib/wii\libbte.a(hci.o)
                0x8001f27c                hci_get_link
 .text.hci_arg  0x8001f304       0x10 c:/Utils/devkitPro/libogc/lib/wii\libbte.a(hci.o)
                0x8001f304                hci_arg
 .text.hci_cmd_complete
                0x8001f314       0x10 c:/Utils/devkitPro/libogc/lib/wii\libbte.a(hci.o)
                0x8001f314                hci_cmd_complete
 .text.hci_connection_complete
                0x8001f324       0x10 c:/Utils/devkitPro/libogc/lib/wii\libbte.a(hci.o)
                0x8001f324                hci_connection_complete
 .text.hci_wlp_complete
                0x8001f334       0x10 c:/Utils/devkitPro/libogc/lib/wii\libbte.a(hci.o)
                0x8001f334                hci_wlp_complete
 .text.hci_cmd_ass
                0x8001f344       0x4c c:/Utils/devkitPro/libogc/lib/wii\libbte.a(hci.o)
                0x8001f344                hci_cmd_ass
 .text.lp_pdu_maxsize
                0x8001f390       0x10 c:/Utils/devkitPro/libogc/lib/wii\libbte.a(hci.o)
                0x8001f390                lp_pdu_maxsize
 .text.hci_host_num_comp_packets
                0x8001f3a0       0xcc c:/Utils/devkitPro/libogc/lib/wii\libbte.a(hci.o)
                0x8001f3a0                hci_host_num_comp_packets
 .text.hci_write_cod
                0x8001f46c       0x8c c:/Utils/devkitPro/libogc/lib/wii\libbte.a(hci.o)
                0x8001f46c                hci_write_cod
 .text.hci_disconnect
                0x8001f4f8       0xb8 c:/Utils/devkitPro/libogc/lib/wii\libbte.a(hci.o)
                0x8001f4f8                hci_disconnect
 .text.hci_pin_code_request_neg_reply
                0x8001f5b0       0x8c c:/Utils/devkitPro/libogc/lib/wii\libbte.a(hci.o)
                0x8001f5b0                hci_pin_code_request_neg_reply
 .text.hci_vendor_specific_command
                0x8001f63c       0xb8 c:/Utils/devkitPro/libogc/lib/wii\libbte.a(hci.o)
                0x8001f63c                hci_vendor_specific_command
 .text.hci_write_inquiry_scan_type
                0x8001f6f4       0x80 c:/Utils/devkitPro/libogc/lib/wii\libbte.a(hci.o)
                0x8001f6f4                hci_write_inquiry_scan_type
 .text.hci_write_page_scan_type
                0x8001f774       0x80 c:/Utils/devkitPro/libogc/lib/wii\libbte.a(hci.o)
                0x8001f774                hci_write_page_scan_type
 .text.hci_write_inquiry_mode
                0x8001f7f4       0x80 c:/Utils/devkitPro/libogc/lib/wii\libbte.a(hci.o)
                0x8001f7f4                hci_write_inquiry_mode
 .text.hci_write_pin_type
                0x8001f874       0x80 c:/Utils/devkitPro/libogc/lib/wii\libbte.a(hci.o)
                0x8001f874                hci_write_pin_type
 .text.hci_write_local_name
                0x8001f8f4       0x9c c:/Utils/devkitPro/libogc/lib/wii\libbte.a(hci.o)
                0x8001f8f4                hci_write_local_name
 .text.hci_accecpt_conn_request
                0x8001f990       0xa0 c:/Utils/devkitPro/libogc/lib/wii\libbte.a(hci.o)
                0x8001f990                hci_accecpt_conn_request
 .text.hci_write_scan_enable
                0x8001fa30       0x80 c:/Utils/devkitPro/libogc/lib/wii\libbte.a(hci.o)
                0x8001fa30                hci_write_scan_enable
 .text.hci_read_local_features
                0x8001fab0       0x6c c:/Utils/devkitPro/libogc/lib/wii\libbte.a(hci.o)
                0x8001fab0                hci_read_local_features
 .text.hci_read_local_version
                0x8001fb1c       0x6c c:/Utils/devkitPro/libogc/lib/wii\libbte.a(hci.o)
                0x8001fb1c                hci_read_local_version
 .text.hci_read_bd_addr
                0x8001fb88       0x6c c:/Utils/devkitPro/libogc/lib/wii\libbte.a(hci.o)
                0x8001fb88                hci_read_bd_addr
 .text.hci_read_buffer_size
                0x8001fbf4       0x6c c:/Utils/devkitPro/libogc/lib/wii\libbte.a(hci.o)
                0x8001fbf4                hci_read_buffer_size
 .text.hci_reset
                0x8001fc60       0x6c c:/Utils/devkitPro/libogc/lib/wii\libbte.a(hci.o)
                0x8001fc60                hci_reset
 .text.lp_acl_write
                0x8001fccc      0x180 c:/Utils/devkitPro/libogc/lib/wii\libbte.a(hci.o)
                0x8001fccc                lp_acl_write
 .text.hci_new  0x8001fe4c       0x54 c:/Utils/devkitPro/libogc/lib/wii\libbte.a(hci.o)
                0x8001fe4c                hci_new
 .text.hci_read_stored_link_key
                0x8001fea0       0xd4 c:/Utils/devkitPro/libogc/lib/wii\libbte.a(hci.o)
                0x8001fea0                hci_read_stored_link_key
 .text.hci_close
                0x8001ff74       0xec c:/Utils/devkitPro/libogc/lib/wii\libbte.a(hci.o)
                0x8001ff74                hci_close
 .text.hci_init
                0x80020060       0xa0 c:/Utils/devkitPro/libogc/lib/wii\libbte.a(hci.o)
                0x80020060                hci_init
 .text.hci_reset_all
                0x80020100       0xd4 c:/Utils/devkitPro/libogc/lib/wii\libbte.a(hci.o)
                0x80020100                hci_reset_all
 .text.hci_write_page_timeout
                0x800201d4       0x90 c:/Utils/devkitPro/libogc/lib/wii\libbte.a(hci.o)
                0x800201d4                hci_write_page_timeout
 .text.hci_acldata_handler
                0x80020264      0x138 c:/Utils/devkitPro/libogc/lib/wii\libbte.a(hci.o)
                0x80020264                hci_acldata_handler
 .text.hci_event_handler
                0x8002039c      0xb98 c:/Utils/devkitPro/libogc/lib/wii\libbte.a(hci.o)
                0x8002039c                hci_event_handler
 .text.lp_write_flush_timeout
                0x80020f34       0xc0 c:/Utils/devkitPro/libogc/lib/wii\libbte.a(hci.o)
                0x80020f34                lp_write_flush_timeout
 .text.hci_host_buffer_size
                0x80020ff4       0xd0 c:/Utils/devkitPro/libogc/lib/wii\libbte.a(hci.o)
                0x80020ff4                hci_host_buffer_size
 .text.hci_write_link_policy_settings
                0x800210c4       0xc0 c:/Utils/devkitPro/libogc/lib/wii\libbte.a(hci.o)
                0x800210c4                hci_write_link_policy_settings
 .text.l2cap_cid_alloc
                0x80021184       0x60 c:/Utils/devkitPro/libogc/lib/wii\libbte.a(l2cap.o)
 .text.lp_connect_ind
                0x800211e4        0x4 c:/Utils/devkitPro/libogc/lib/wii\libbte.a(l2cap.o)
                0x800211e4                lp_connect_ind
 .text.l2cap_disconnect_bb
                0x800211e8       0x14 c:/Utils/devkitPro/libogc/lib/wii\libbte.a(l2cap.o)
                0x800211e8                l2cap_disconnect_bb
 .text.l2cap_next_sigid
                0x800211fc       0x2c c:/Utils/devkitPro/libogc/lib/wii\libbte.a(l2cap.o)
                0x800211fc                l2cap_next_sigid
 .text.l2cap_arg
                0x80021228        0x8 c:/Utils/devkitPro/libogc/lib/wii\libbte.a(l2cap.o)
                0x80021228                l2cap_arg
 .text.l2cap_disconnect_ind
                0x80021230        0x8 c:/Utils/devkitPro/libogc/lib/wii\libbte.a(l2cap.o)
                0x80021230                l2cap_disconnect_ind
 .text.l2cap_recv
                0x80021238        0x8 c:/Utils/devkitPro/libogc/lib/wii\libbte.a(l2cap.o)
                0x80021238                l2cap_recv
 .text.l2cap_connect_ind
                0x80021240      0x108 c:/Utils/devkitPro/libogc/lib/wii\libbte.a(l2cap.o)
                0x80021240                l2cap_connect_ind
 .text.l2cap_close
                0x80021348      0x1e8 c:/Utils/devkitPro/libogc/lib/wii\libbte.a(l2cap.o)
                0x80021348                l2cap_close
 .text.lp_disconnect_ind
                0x80021530      0x114 c:/Utils/devkitPro/libogc/lib/wii\libbte.a(l2cap.o)
                0x80021530                lp_disconnect_ind
 .text.l2cap_new
                0x80021644       0x80 c:/Utils/devkitPro/libogc/lib/wii\libbte.a(l2cap.o)
                0x80021644                l2cap_new
 .text.l2cap_write
                0x800216c4      0x1a4 c:/Utils/devkitPro/libogc/lib/wii\libbte.a(l2cap.o)
                0x800216c4                l2cap_write
 .text.l2cap_rexmit_signal
                0x80021868       0x2c c:/Utils/devkitPro/libogc/lib/wii\libbte.a(l2cap.o)
                0x80021868                l2cap_rexmit_signal
 .text.l2cap_signal
                0x80021894      0x1e0 c:/Utils/devkitPro/libogc/lib/wii\libbte.a(l2cap.o)
                0x80021894                l2cap_signal
 .text.l2ca_disconnect_req
                0x80021a74       0xc0 c:/Utils/devkitPro/libogc/lib/wii\libbte.a(l2cap.o)
                0x80021a74                l2ca_disconnect_req
 .text.l2cap_tmr
                0x80021b34      0x244 c:/Utils/devkitPro/libogc/lib/wii\libbte.a(l2cap.o)
                0x80021b34                l2cap_tmr
 .text.l2ca_config_req
                0x80021d78      0x154 c:/Utils/devkitPro/libogc/lib/wii\libbte.a(l2cap.o)
                0x80021d78                l2ca_config_req
 .text.l2cap_process_sig
                0x80021ecc     0x1238 c:/Utils/devkitPro/libogc/lib/wii\libbte.a(l2cap.o)
                0x80021ecc                l2cap_process_sig
 .text.l2cap_init
                0x80023104       0x88 c:/Utils/devkitPro/libogc/lib/wii\libbte.a(l2cap.o)
                0x80023104                l2cap_init
 .text.l2cap_reset_all
                0x8002318c      0x154 c:/Utils/devkitPro/libogc/lib/wii\libbte.a(l2cap.o)
                0x8002318c                l2cap_reset_all
 .text.lp_connect_cfm
                0x800232e0      0x14c c:/Utils/devkitPro/libogc/lib/wii\libbte.a(l2cap.o)
                0x800232e0                lp_connect_cfm
 .text.l2ca_datawrite
                0x8002342c      0x114 c:/Utils/devkitPro/libogc/lib/wii\libbte.a(l2cap.o)
                0x8002342c                l2ca_datawrite
 .text.l2cap_input
                0x80023540      0x5d0 c:/Utils/devkitPro/libogc/lib/wii\libbte.a(l2cap.o)
                0x80023540                l2cap_input
 .text.btmemb_alloc
                0x80023b10       0xc0 c:/Utils/devkitPro/libogc/lib/wii\libbte.a(btmemb.o)
                0x80023b10                btmemb_alloc
 .text.btmemb_free
                0x80023bd0       0xbc c:/Utils/devkitPro/libogc/lib/wii\libbte.a(btmemb.o)
                0x80023bd0                btmemb_free
 .text.btmemb_init
                0x80023c8c       0x40 c:/Utils/devkitPro/libogc/lib/wii\libbte.a(btmemb.o)
                0x80023c8c                btmemb_init
 .text.plug_holes
                0x80023ccc       0xcc c:/Utils/devkitPro/libogc/lib/wii\libbte.a(btmemr.o)
 .text.btmemr_malloc
                0x80023d98      0x190 c:/Utils/devkitPro/libogc/lib/wii\libbte.a(btmemr.o)
                0x80023d98                btmemr_malloc
 .text.btmemr_free
                0x80023f28       0xa4 c:/Utils/devkitPro/libogc/lib/wii\libbte.a(btmemr.o)
                0x80023f28                btmemr_free
 .text.btmemr_realloc
                0x80023fcc      0x118 c:/Utils/devkitPro/libogc/lib/wii\libbte.a(btmemr.o)
                0x80023fcc                btmemr_realloc
 .text.btmemr_init
                0x800240e4       0xa8 c:/Utils/devkitPro/libogc/lib/wii\libbte.a(btmemr.o)
                0x800240e4                btmemr_init
 .text.btpbuf_header
                0x8002418c       0xa8 c:/Utils/devkitPro/libogc/lib/wii\libbte.a(btpbuf.o)
                0x8002418c                btpbuf_header
 .text.btpbuf_ref
                0x80024234       0x48 c:/Utils/devkitPro/libogc/lib/wii\libbte.a(btpbuf.o)
                0x80024234                btpbuf_ref
 .text.btpbuf_cat
                0x8002427c       0x5c c:/Utils/devkitPro/libogc/lib/wii\libbte.a(btpbuf.o)
                0x8002427c                btpbuf_cat
 .text.btpbuf_chain
                0x800242d8       0x30 c:/Utils/devkitPro/libogc/lib/wii\libbte.a(btpbuf.o)
                0x800242d8                btpbuf_chain
 .text.btpbuf_free
                0x80024308      0x110 c:/Utils/devkitPro/libogc/lib/wii\libbte.a(btpbuf.o)
                0x80024308                btpbuf_free
 .text.btpbuf_dechain
                0x80024418       0x7c c:/Utils/devkitPro/libogc/lib/wii\libbte.a(btpbuf.o)
                0x80024418                btpbuf_dechain
 .text.btpbuf_realloc
                0x80024494       0xc0 c:/Utils/devkitPro/libogc/lib/wii\libbte.a(btpbuf.o)
                0x80024494                btpbuf_realloc
 .text.btpbuf_alloc
                0x80024554      0x244 c:/Utils/devkitPro/libogc/lib/wii\libbte.a(btpbuf.o)
                0x80024554                btpbuf_alloc
 .text.btpbuf_take
                0x80024798      0x124 c:/Utils/devkitPro/libogc/lib/wii\libbte.a(btpbuf.o)
                0x80024798                btpbuf_take
 .text.btpbuf_init
                0x800248bc       0x34 c:/Utils/devkitPro/libogc/lib/wii\libbte.a(btpbuf.o)
                0x800248bc                btpbuf_init
 .text.__usb_closeCB
                0x800248f0       0x10 c:/Utils/devkitPro/libogc/lib/wii\libbte.a(physbusif.o)
 .text.physbusif_close
                0x80024900       0x2c c:/Utils/devkitPro/libogc/lib/wii\libbte.a(physbusif.o)
                0x80024900                physbusif_close
 .text.physbusif_reset_all
                0x8002492c        0x4 c:/Utils/devkitPro/libogc/lib/wii\libbte.a(physbusif.o)
                0x8002492c                physbusif_reset_all
 .text.physbusif_output
                0x80024930      0x18c c:/Utils/devkitPro/libogc/lib/wii\libbte.a(physbusif.o)
                0x80024930                physbusif_output
 .text.__writebulkmsgCB
                0x80024abc       0x40 c:/Utils/devkitPro/libogc/lib/wii\libbte.a(physbusif.o)
 .text.__writectrlmsgCB
                0x80024afc       0x40 c:/Utils/devkitPro/libogc/lib/wii\libbte.a(physbusif.o)
 .text.physbusif_shutdown
                0x80024b3c       0x50 c:/Utils/devkitPro/libogc/lib/wii\libbte.a(physbusif.o)
                0x80024b3c                physbusif_shutdown
 .text.__initUsbIOBuffer
                0x80024b8c       0x98 c:/Utils/devkitPro/libogc/lib/wii\libbte.a(physbusif.o)
 .text.__issue_intrread
                0x80024c24       0xbc c:/Utils/devkitPro/libogc/lib/wii\libbte.a(physbusif.o)
 .text.__readintrdataCB
                0x80024ce0      0x120 c:/Utils/devkitPro/libogc/lib/wii\libbte.a(physbusif.o)
 .text.__issue_bulkread
                0x80024e00       0xbc c:/Utils/devkitPro/libogc/lib/wii\libbte.a(physbusif.o)
 .text.physbusif_init
                0x80024ebc      0x1d0 c:/Utils/devkitPro/libogc/lib/wii\libbte.a(physbusif.o)
                0x80024ebc                physbusif_init
 .text.__readbulkdataCB
                0x8002508c      0x120 c:/Utils/devkitPro/libogc/lib/wii\libbte.a(physbusif.o)
 .text.__lwp_queue_initialize
                0x800251ac       0x54 c:/Utils/devkitPro/libogc/lib/wii\libogc.a(lwp_queue.o)
                0x800251ac                __lwp_queue_initialize
 .text.__lwp_queue_get
                0x80025200       0x7c c:/Utils/devkitPro/libogc/lib/wii\libogc.a(lwp_queue.o)
                0x80025200                __lwp_queue_get
 .text.__lwp_queue_append
                0x8002527c       0x4c c:/Utils/devkitPro/libogc/lib/wii\libogc.a(lwp_queue.o)
                0x8002527c                __lwp_queue_append
 .text.__lwp_isr_in_progress
                0x800252c8        0x8 c:/Utils/devkitPro/libogc/lib/wii\libogc.a(lwp_threads.o)
                0x800252c8                __lwp_isr_in_progress
 .text.__lwp_thread_resettimeslice
                0x800252d0       0xd0 c:/Utils/devkitPro/libogc/lib/wii\libogc.a(lwp_threads.o)
                0x800252d0                __lwp_thread_resettimeslice
 .text.__lwp_thread_setstate
                0x800253a0      0x158 c:/Utils/devkitPro/libogc/lib/wii\libogc.a(lwp_threads.o)
                0x800253a0                __lwp_thread_setstate
 .text.__lwp_thread_clearstate
                0x800254f8      0x104 c:/Utils/devkitPro/libogc/lib/wii\libogc.a(lwp_threads.o)
                0x800254f8                __lwp_thread_clearstate
 .text.__lwp_thread_setpriority
                0x800255fc       0x5c c:/Utils/devkitPro/libogc/lib/wii\libogc.a(lwp_threads.o)
                0x800255fc                __lwp_thread_setpriority
 .text.__lwp_thread_settransient
                0x80025658       0xd0 c:/Utils/devkitPro/libogc/lib/wii\libogc.a(lwp_threads.o)
                0x80025658                __lwp_thread_settransient
 .text.__lwp_thread_loadenv
                0x80025728       0x78 c:/Utils/devkitPro/libogc/lib/wii\libogc.a(lwp_threads.o)
                0x80025728                __lwp_thread_loadenv
 .text.__lwp_thread_ready
                0x800257a0       0xf8 c:/Utils/devkitPro/libogc/lib/wii\libogc.a(lwp_threads.o)
                0x800257a0                __lwp_thread_ready
 .text.__thread_dispatch
                0x80025898      0x12c c:/Utils/devkitPro/libogc/lib/wii\libogc.a(lwp_threads.o)
                0x80025898                __thread_dispatch
 .text.__lwp_thread_start
                0x800259c4       0x64 c:/Utils/devkitPro/libogc/lib/wii\libogc.a(lwp_threads.o)
                0x800259c4                __lwp_thread_start
 .text.__lwp_thread_close
                0x80025a28      0x138 c:/Utils/devkitPro/libogc/lib/wii\libogc.a(lwp_threads.o)
                0x80025a28                __lwp_thread_close
 .text.__lwp_thread_closeall
                0x80025b60       0xd4 c:/Utils/devkitPro/libogc/lib/wii\libogc.a(lwp_threads.o)
                0x80025b60                __lwp_thread_closeall
 .text.__lwp_thread_init
                0x80025c34      0x124 c:/Utils/devkitPro/libogc/lib/wii\libogc.a(lwp_threads.o)
                0x80025c34                __lwp_thread_init
 .text.__thread_dispatch_fp
                0x80025d58       0x9c c:/Utils/devkitPro/libogc/lib/wii\libogc.a(lwp_threads.o)
                0x80025d58                __thread_dispatch_fp
 .text.__lwp_thread_stopmultitasking
                0x80025df4       0x64 c:/Utils/devkitPro/libogc/lib/wii\libogc.a(lwp_threads.o)
                0x80025df4                __lwp_thread_stopmultitasking
 .text.__lwp_thread_changepriority
                0x80025e58      0x1b8 c:/Utils/devkitPro/libogc/lib/wii\libogc.a(lwp_threads.o)
                0x80025e58                __lwp_thread_changepriority
 .text.__lwp_thread_coreinit
                0x80026010       0x94 c:/Utils/devkitPro/libogc/lib/wii\libogc.a(lwp_threads.o)
                0x80026010                __lwp_thread_coreinit
 .text.__lwp_thread_resume
                0x800260a4      0x130 c:/Utils/devkitPro/libogc/lib/wii\libogc.a(lwp_threads.o)
                0x800260a4                __lwp_thread_resume
 .text.__lwp_thread_suspend
                0x800261d4      0x164 c:/Utils/devkitPro/libogc/lib/wii\libogc.a(lwp_threads.o)
                0x800261d4                __lwp_thread_suspend
 .text.__lwp_thread_exit
                0x80026338       0x70 c:/Utils/devkitPro/libogc/lib/wii\libogc.a(lwp_threads.o)
                0x80026338                __lwp_thread_exit
 .text.__lwp_thread_handler
                0x800263a8       0x7c c:/Utils/devkitPro/libogc/lib/wii\libogc.a(lwp_threads.o)
 .text.__lwp_thread_startmultitasking
                0x80026424       0xcc c:/Utils/devkitPro/libogc/lib/wii\libogc.a(lwp_threads.o)
                0x80026424                __lwp_thread_startmultitasking
 .text.__lwp_thread_tickle_timeslice
                0x800264f0       0xe0 c:/Utils/devkitPro/libogc/lib/wii\libogc.a(lwp_threads.o)
                0x800264f0                __lwp_thread_tickle_timeslice
 .text.idle_func
                0x800265d0        0x4 c:/Utils/devkitPro/libogc/lib/wii\libogc.a(lwp.o)
 .text.LWP_GetSelf
                0x800265d4       0x28 c:/Utils/devkitPro/libogc/lib/wii\libogc.a(lwp.o)
                0x800265d4                LWP_GetSelf
 .text.__lwp_sysinit
                0x800265fc      0x118 c:/Utils/devkitPro/libogc/lib/wii\libogc.a(lwp.o)
                0x800265fc                __lwp_sysinit
 .text.LWP_ThreadSignal
                0x80026714       0x74 c:/Utils/devkitPro/libogc/lib/wii\libogc.a(lwp.o)
                0x80026714                LWP_ThreadSignal
 .text.LWP_ThreadBroadcast
                0x80026788       0x88 c:/Utils/devkitPro/libogc/lib/wii\libogc.a(lwp.o)
                0x80026788                LWP_ThreadBroadcast
 .text.LWP_ThreadSleep
                0x80026810       0xe0 c:/Utils/devkitPro/libogc/lib/wii\libogc.a(lwp.o)
                0x80026810                LWP_ThreadSleep
 .text.LWP_CloseQueue
                0x800268f0       0xe8 c:/Utils/devkitPro/libogc/lib/wii\libogc.a(lwp.o)
                0x800268f0                LWP_CloseQueue
 .text.LWP_InitQueue
                0x800269d8      0x124 c:/Utils/devkitPro/libogc/lib/wii\libogc.a(lwp.o)
                0x800269d8                LWP_InitQueue
 .text.LWP_ResumeThread
                0x80026afc       0xb4 c:/Utils/devkitPro/libogc/lib/wii\libogc.a(lwp.o)
                0x80026afc                LWP_ResumeThread
 .text.LWP_SuspendThread
                0x80026bb0       0xb0 c:/Utils/devkitPro/libogc/lib/wii\libogc.a(lwp.o)
                0x80026bb0                LWP_SuspendThread
 .text.__lwp_stack_free
                0x80026c60       0x38 c:/Utils/devkitPro/libogc/lib/wii\libogc.a(lwp_stack.o)
                0x80026c60                __lwp_stack_free
 .text.__lwp_stack_allocate
                0x80026c98       0x6c c:/Utils/devkitPro/libogc/lib/wii\libogc.a(lwp_stack.o)
                0x80026c98                __lwp_stack_allocate
 .text.__lwp_watchdog_init
                0x80026d04       0x2c c:/Utils/devkitPro/libogc/lib/wii\libogc.a(lwp_watchdog.o)
                0x80026d04                __lwp_watchdog_init
 .text.__lwp_wd_settimer
                0x80026d30       0xe0 c:/Utils/devkitPro/libogc/lib/wii\libogc.a(lwp_watchdog.o)
 .text.__lwp_wd_remove
                0x80026e10      0x104 c:/Utils/devkitPro/libogc/lib/wii\libogc.a(lwp_watchdog.o)
                0x80026e10                __lwp_wd_remove
 .text.__lwp_wd_insert
                0x80026f14      0x1c4 c:/Utils/devkitPro/libogc/lib/wii\libogc.a(lwp_watchdog.o)
                0x80026f14                __lwp_wd_insert
 .text.__lwp_wd_tickle
                0x800270d8      0x130 c:/Utils/devkitPro/libogc/lib/wii\libogc.a(lwp_watchdog.o)
                0x800270d8                __lwp_wd_tickle
 .text.__lwp_wkspace_init
                0x80027208       0xc8 c:/Utils/devkitPro/libogc/lib/wii\libogc.a(lwp_wkspace.o)
                0x80027208                __lwp_wkspace_init
 .text.__lwp_objmgr_getisrdisable
                0x800272d0       0x64 c:/Utils/devkitPro/libogc/lib/wii\libogc.a(lwp_objmgr.o)
                0x800272d0                __lwp_objmgr_getisrdisable
 .text.__lwp_objmgr_getnoprotection
                0x80027334       0x24 c:/Utils/devkitPro/libogc/lib/wii\libogc.a(lwp_objmgr.o)
                0x80027334                __lwp_objmgr_getnoprotection
 .text.__lwp_objmgr_allocate
                0x80027358       0x74 c:/Utils/devkitPro/libogc/lib/wii\libogc.a(lwp_objmgr.o)
                0x80027358                __lwp_objmgr_allocate
 .text.__lwp_objmgr_free
                0x800273cc       0x5c c:/Utils/devkitPro/libogc/lib/wii\libogc.a(lwp_objmgr.o)
                0x800273cc                __lwp_objmgr_free
 .text.__lwp_objmgr_get
                0x80027428       0x78 c:/Utils/devkitPro/libogc/lib/wii\libogc.a(lwp_objmgr.o)
                0x80027428                __lwp_objmgr_get
 .text.__lwp_objmgr_initinfo
                0x800274a0      0x1b0 c:/Utils/devkitPro/libogc/lib/wii\libogc.a(lwp_objmgr.o)
                0x800274a0                __lwp_objmgr_initinfo
 .text.__lwp_heap_init
                0x80027650       0x9c c:/Utils/devkitPro/libogc/lib/wii\libogc.a(lwp_heap.o)
                0x80027650                __lwp_heap_init
 .text.__lwp_heap_free
                0x800276ec      0x1d4 c:/Utils/devkitPro/libogc/lib/wii\libogc.a(lwp_heap.o)
                0x800276ec                __lwp_heap_free
 .text.__lwp_heap_allocate
                0x800278c0      0x16c c:/Utils/devkitPro/libogc/lib/wii\libogc.a(lwp_heap.o)
                0x800278c0                __lwp_heap_allocate
 .text.c_irqdispatcher
                0x80027a2c      0x2ac c:/Utils/devkitPro/libogc/lib/wii\libogc.a(irq.o)
                0x80027a2c                c_irqdispatcher
 .text.__SetInterrupts
                0x80027cd8      0x268 c:/Utils/devkitPro/libogc/lib/wii\libogc.a(irq.o)
 .text.__UnmaskIrq
                0x80027f40       0x90 c:/Utils/devkitPro/libogc/lib/wii\libogc.a(irq.o)
                0x80027f40                __UnmaskIrq
 .text.__MaskIrq
                0x80027fd0       0x90 c:/Utils/devkitPro/libogc/lib/wii\libogc.a(irq.o)
                0x80027fd0                __MaskIrq
 .text.IRQ_Request
                0x80028060       0x54 c:/Utils/devkitPro/libogc/lib/wii\libogc.a(irq.o)
                0x80028060                IRQ_Request
 .text.IRQ_GetHandler
                0x800280b4       0x44 c:/Utils/devkitPro/libogc/lib/wii\libogc.a(irq.o)
                0x800280b4                IRQ_GetHandler
 .text.IRQ_Disable
                0x800280f8       0x20 c:/Utils/devkitPro/libogc/lib/wii\libogc.a(irq.o)
                0x800280f8                IRQ_Disable
 .text.IRQ_Restore
                0x80028118       0x1c c:/Utils/devkitPro/libogc/lib/wii\libogc.a(irq.o)
                0x80028118                IRQ_Restore
 .text.__irq_init
                0x80028134       0xac c:/Utils/devkitPro/libogc/lib/wii\libogc.a(irq.o)
                0x80028134                __irq_init
 .text.__gettiming
                0x800281e0       0xb0 c:/Utils/devkitPro/libogc/lib/wii\libogc.a(video.o)
 .text.VIDEO_Flush
                0x80028290      0x178 c:/Utils/devkitPro/libogc/lib/wii\libogc.a(video.o)
                0x80028290                VIDEO_Flush
 .text.VIDEO_GetCurrentTvMode
                0x80028408       0x70 c:/Utils/devkitPro/libogc/lib/wii\libogc.a(video.o)
                0x80028408                VIDEO_GetCurrentTvMode
 .text.VIDEO_HaveComponentCable
                0x80028478       0x14 c:/Utils/devkitPro/libogc/lib/wii\libogc.a(video.o)
                0x80028478                VIDEO_HaveComponentCable
 .text.VIDEO_GetPreferredMode
                0x8002848c       0xd0 c:/Utils/devkitPro/libogc/lib/wii\libogc.a(video.o)
                0x8002848c                VIDEO_GetPreferredMode
 .text.VIDEO_WaitVSync
                0x8002855c       0x90 c:/Utils/devkitPro/libogc/lib/wii\libogc.a(video.o)
                0x8002855c                VIDEO_WaitVSync
 .text.__VISendI2CData
                0x800285ec      0x560 c:/Utils/devkitPro/libogc/lib/wii\libogc.a(video.o)
 .text.__VIWriteI2CRegisterBuf
                0x80028b4c       0x54 c:/Utils/devkitPro/libogc/lib/wii\libogc.a(video.o)
 .text.__VIWriteI2CRegister32
                0x80028ba0       0x58 c:/Utils/devkitPro/libogc/lib/wii\libogc.a(video.o)
 .text.__VIWriteI2CRegister16
                0x80028bf8       0x48 c:/Utils/devkitPro/libogc/lib/wii\libogc.a(video.o)
 .text.__VIWriteI2CRegister8
                0x80028c40       0x3c c:/Utils/devkitPro/libogc/lib/wii\libogc.a(video.o)
 .text.__VISetFilterEURGB60
                0x80028c7c        0xc c:/Utils/devkitPro/libogc/lib/wii\libogc.a(video.o)
 .text.__VISetYUVSEL
                0x80028c88       0x90 c:/Utils/devkitPro/libogc/lib/wii\libogc.a(video.o)
 .text.VIDEO_Init
                0x80028d18      0x818 c:/Utils/devkitPro/libogc/lib/wii\libogc.a(video.o)
                0x80028d18                VIDEO_Init
 .text.__VIRetraceHandler
                0x80029530      0x314 c:/Utils/devkitPro/libogc/lib/wii\libogc.a(video.o)
 .text.VIDEO_GetCurrentLine
                0x80029844       0xa8 c:/Utils/devkitPro/libogc/lib/wii\libogc.a(video.o)
                0x80029844                VIDEO_GetCurrentLine
 .text.VIDEO_SetBlack
                0x800298ec      0x158 c:/Utils/devkitPro/libogc/lib/wii\libogc.a(video.o)
                0x800298ec                VIDEO_SetBlack
 .text.VIDEO_Configure
                0x80029a44      0x874 c:/Utils/devkitPro/libogc/lib/wii\libogc.a(video.o)
                0x80029a44                VIDEO_Configure
 .text.VIDEO_SetNextFramebuffer
                0x8002a2b8      0x234 c:/Utils/devkitPro/libogc/lib/wii\libogc.a(video.o)
                0x8002a2b8                VIDEO_SetNextFramebuffer
 .text.VIDEO_SetFramebuffer
                0x8002a4ec      0x340 c:/Utils/devkitPro/libogc/lib/wii\libogc.a(video.o)
                0x8002a4ec                VIDEO_SetFramebuffer
 .text.__MEMInterruptHandler
                0x8002a82c       0x14 c:/Utils/devkitPro/libogc/lib/wii\libogc.a(system.o)
 .text.__RSWDefaultHandler
                0x8002a840        0x4 c:/Utils/devkitPro/libogc/lib/wii\libogc.a(system.o)